../Drivers/CMSIS/Include/core_cm33.h:2390:22:__NVIC_EnableIRQ	16	static,ignoring_inline_asm
../Drivers/CMSIS/Include/core_cm33.h:2428:22:__NVIC_DisableIRQ	16	static,ignoring_inline_asm
../Core/Src/platform/port.c:51:1:portGetTickCnt	8	static
../Core/Src/platform/port.c:61:5:usleep	24	static,ignoring_inline_asm
../Core/Src/platform/port.c:82:1:Sleep	16	static
../Core/Src/platform/port.c:101:5:peripherals_init	4	static
../Core/Src/platform/port.c:110:6:spi_peripheral_init	8	static
../Core/Src/platform/port.c:128:10:EXTI_GetITEnStatus	16	static
../Core/Src/platform/port.c:151:6:reset_DW1000	32	static
../Core/Src/platform/port.c:183:6:setup_DW1000RSTnIRQ	40	static
../Core/Src/platform/port.c:218:5:port_is_boot1_low	8	static
../Core/Src/platform/port.c:227:5:port_is_boot1_on	16	static
../Core/Src/platform/port.c:237:5:port_is_switch_on	16	static
../Core/Src/platform/port.c:247:6:port_wakeup_dw1000	8	static
../Core/Src/platform/port.c:260:6:port_wakeup_dw1000_fast	16	static
../Core/Src/platform/port.c:292:6:port_set_dw1000_slowrate	8	static
../Core/Src/platform/port.c:302:6:port_set_dw1000_fastrate	8	static
../Core/Src/platform/port.c:347:15:process_deca_irq	8	static
../Core/Src/platform/port.c:362:15:port_DisableEXT_IRQ	8	static
../Core/Src/platform/port.c:371:15:port_EnableEXT_IRQ	8	static
../Core/Src/platform/port.c:380:19:port_GetEXT_IRQStatus	8	static
../Core/Src/platform/port.c:389:19:port_CheckEXT_IRQ	8	static
../Core/Src/platform/port.c:546:6:port_set_deca_isr	24	static
