Archive member included to satisfy reference by file (symbol)

C:/ST/STM32CubeIDE_1.16.0/STM32CubeIDE/plugins/com.st.stm32cube.ide.mcu.externaltools.gnu-tools-for-stm32.12.3.rel1.win32_1.0.200.202406191623/tools/bin/../lib/gcc/arm-none-eabi/12.3.1/../../../../arm-none-eabi/lib/thumb/v8-m.main+fp/hard\libstdc++_nano.a(del_ops.o)
                              ./Core/Lora/Inc/Sx126x_Lib/sx126x-hal.o (operator delete(void*, unsigned int))
C:/ST/STM32CubeIDE_1.16.0/STM32CubeIDE/plugins/com.st.stm32cube.ide.mcu.externaltools.gnu-tools-for-stm32.12.3.rel1.win32_1.0.200.202406191623/tools/bin/../lib/gcc/arm-none-eabi/12.3.1/../../../../arm-none-eabi/lib/thumb/v8-m.main+fp/hard\libstdc++_nano.a(del_op.o)
                              C:/ST/STM32CubeIDE_1.16.0/STM32CubeIDE/plugins/com.st.stm32cube.ide.mcu.externaltools.gnu-tools-for-stm32.12.3.rel1.win32_1.0.200.202406191623/tools/bin/../lib/gcc/arm-none-eabi/12.3.1/../../../../arm-none-eabi/lib/thumb/v8-m.main+fp/hard\libstdc++_nano.a(del_ops.o) (operator delete(void*))
C:/ST/STM32CubeIDE_1.16.0/STM32CubeIDE/plugins/com.st.stm32cube.ide.mcu.externaltools.gnu-tools-for-stm32.12.3.rel1.win32_1.0.200.202406191623/tools/bin/../lib/gcc/arm-none-eabi/12.3.1/../../../../arm-none-eabi/lib/thumb/v8-m.main+fp/hard\libc_nano.a(libc_a-exit.o)
                              C:/ST/STM32CubeIDE_1.16.0/STM32CubeIDE/plugins/com.st.stm32cube.ide.mcu.externaltools.gnu-tools-for-stm32.12.3.rel1.win32_1.0.200.202406191623/tools/bin/../lib/gcc/arm-none-eabi/12.3.1/../../../../arm-none-eabi/lib/thumb/v8-m.main+fp/hard/crt0.o (exit)
C:/ST/STM32CubeIDE_1.16.0/STM32CubeIDE/plugins/com.st.stm32cube.ide.mcu.externaltools.gnu-tools-for-stm32.12.3.rel1.win32_1.0.200.202406191623/tools/bin/../lib/gcc/arm-none-eabi/12.3.1/../../../../arm-none-eabi/lib/thumb/v8-m.main+fp/hard\libc_nano.a(libc_a-malloc.o)
                              C:/ST/STM32CubeIDE_1.16.0/STM32CubeIDE/plugins/com.st.stm32cube.ide.mcu.externaltools.gnu-tools-for-stm32.12.3.rel1.win32_1.0.200.202406191623/tools/bin/../lib/gcc/arm-none-eabi/12.3.1/../../../../arm-none-eabi/lib/thumb/v8-m.main+fp/hard\libstdc++_nano.a(del_op.o) (free)
C:/ST/STM32CubeIDE_1.16.0/STM32CubeIDE/plugins/com.st.stm32cube.ide.mcu.externaltools.gnu-tools-for-stm32.12.3.rel1.win32_1.0.200.202406191623/tools/bin/../lib/gcc/arm-none-eabi/12.3.1/../../../../arm-none-eabi/lib/thumb/v8-m.main+fp/hard\libc_nano.a(libc_a-mallocr.o)
                              C:/ST/STM32CubeIDE_1.16.0/STM32CubeIDE/plugins/com.st.stm32cube.ide.mcu.externaltools.gnu-tools-for-stm32.12.3.rel1.win32_1.0.200.202406191623/tools/bin/../lib/gcc/arm-none-eabi/12.3.1/../../../../arm-none-eabi/lib/thumb/v8-m.main+fp/hard\libc_nano.a(libc_a-malloc.o) (_malloc_r)
C:/ST/STM32CubeIDE_1.16.0/STM32CubeIDE/plugins/com.st.stm32cube.ide.mcu.externaltools.gnu-tools-for-stm32.12.3.rel1.win32_1.0.200.202406191623/tools/bin/../lib/gcc/arm-none-eabi/12.3.1/../../../../arm-none-eabi/lib/thumb/v8-m.main+fp/hard\libc_nano.a(libc_a-mlock.o)
                              C:/ST/STM32CubeIDE_1.16.0/STM32CubeIDE/plugins/com.st.stm32cube.ide.mcu.externaltools.gnu-tools-for-stm32.12.3.rel1.win32_1.0.200.202406191623/tools/bin/../lib/gcc/arm-none-eabi/12.3.1/../../../../arm-none-eabi/lib/thumb/v8-m.main+fp/hard\libc_nano.a(libc_a-mallocr.o) (__malloc_lock)
C:/ST/STM32CubeIDE_1.16.0/STM32CubeIDE/plugins/com.st.stm32cube.ide.mcu.externaltools.gnu-tools-for-stm32.12.3.rel1.win32_1.0.200.202406191623/tools/bin/../lib/gcc/arm-none-eabi/12.3.1/../../../../arm-none-eabi/lib/thumb/v8-m.main+fp/hard\libc_nano.a(libc_a-nano-vfprintf_float.o)
                              (_printf_float)
C:/ST/STM32CubeIDE_1.16.0/STM32CubeIDE/plugins/com.st.stm32cube.ide.mcu.externaltools.gnu-tools-for-stm32.12.3.rel1.win32_1.0.200.202406191623/tools/bin/../lib/gcc/arm-none-eabi/12.3.1/../../../../arm-none-eabi/lib/thumb/v8-m.main+fp/hard\libc_nano.a(libc_a-nano-vfprintf_i.o)
                              C:/ST/STM32CubeIDE_1.16.0/STM32CubeIDE/plugins/com.st.stm32cube.ide.mcu.externaltools.gnu-tools-for-stm32.12.3.rel1.win32_1.0.200.202406191623/tools/bin/../lib/gcc/arm-none-eabi/12.3.1/../../../../arm-none-eabi/lib/thumb/v8-m.main+fp/hard\libc_nano.a(libc_a-nano-vfprintf_float.o) (_printf_common)
C:/ST/STM32CubeIDE_1.16.0/STM32CubeIDE/plugins/com.st.stm32cube.ide.mcu.externaltools.gnu-tools-for-stm32.12.3.rel1.win32_1.0.200.202406191623/tools/bin/../lib/gcc/arm-none-eabi/12.3.1/../../../../arm-none-eabi/lib/thumb/v8-m.main+fp/hard\libc_nano.a(libc_a-nano-vfscanf_float.o)
                              (_scanf_float)
C:/ST/STM32CubeIDE_1.16.0/STM32CubeIDE/plugins/com.st.stm32cube.ide.mcu.externaltools.gnu-tools-for-stm32.12.3.rel1.win32_1.0.200.202406191623/tools/bin/../lib/gcc/arm-none-eabi/12.3.1/../../../../arm-none-eabi/lib/thumb/v8-m.main+fp/hard\libc_nano.a(libc_a-findfp.o)
[...]
Memory Configuration

Name             Origin             Length             Attributes
RAM              0x20000000         0x00270000         xrw
SRAM4            0x28000000         0x00004000         xrw
FLASH            0x08000000         0x00400000         xr
*default*        0x00000000         0xffffffff

Linker script and memory map

LOAD C:/ST/STM32CubeIDE_1.16.0/STM32CubeIDE/plugins/com.st.stm32cube.ide.mcu.externaltools.gnu-tools-for-stm32.12.3.rel1.win32_1.0.200.202406191623/tools/bin/../lib/gcc/arm-none-eabi/12.3.1/thumb/v8-m.main+fp/hard/crti.o
LOAD C:/ST/STM32CubeIDE_1.16.0/STM32CubeIDE/plugins/com.st.stm32cube.ide.mcu.externaltools.gnu-tools-for-stm32.12.3.rel1.win32_1.0.200.202406191623/tools/bin/../lib/gcc/arm-none-eabi/12.3.1/thumb/v8-m.main+fp/hard/crtbegin.o
LOAD C:/ST/STM32CubeIDE_1.16.0/STM32CubeIDE/plugins/com.st.stm32cube.ide.mcu.externaltools.gnu-tools-for-stm32.12.3.rel1.win32_1.0.200.202406191623/tools/bin/../lib/gcc/arm-none-eabi/12.3.1/../../../../arm-none-eabi/lib/thumb/v8-m.main+fp/hard/crt0.o
LOAD ./Core/Lora/Inc/Sx126x_Lib/sx126x-hal.o
LOAD ./Core/Lora/Inc/Sx126x_Lib/sx126x.o
LOAD ./Core/Lora/Src/Lora.o
LOAD ./Core/Src/decadriver/deca_device.o
LOAD ./Core/Src/decadriver/deca_params_init.o
LOAD ./Core/Src/dw1000.o
LOAD ./Core/Src/dw_main.o
LOAD ./Core/Src/main.o
LOAD ./Core/Src/stm32u5xx_hal_msp.o
LOAD ./Core/Src/stm32u5xx_it.o
LOAD ./Core/Src/syscalls.o
LOAD ./Core/Src/sysmem.o
LOAD ./Core/Src/system_stm32u5xx.o
LOAD ./Core/Src/platform/deca_mutex.o
LOAD ./Core/Src/platform/deca_range_tables.o
LOAD ./Core/Src/platform/deca_sleep.o
LOAD ./Core/Src/platform/deca_spi.o
LOAD ./Core/Src/platform/port.o
LOAD ./Core/Startup/startup_stm32u5a5zjtxq.o
LOAD ./Drivers/BSP/STM32U5xx_Nucleo/stm32u5xx_nucleo.o
LOAD ./Drivers/STM32U5xx_HAL_Driver/Src/stm32u5xx_hal.o
LOAD ./Drivers/STM32U5xx_HAL_Driver/Src/stm32u5xx_hal_cortex.o
LOAD ./Drivers/STM32U5xx_HAL_Driver/Src/stm32u5xx_hal_dma.o
LOAD ./Drivers/STM32U5xx_HAL_Driver/Src/stm32u5xx_hal_dma_ex.o
LOAD ./Drivers/STM32U5xx_HAL_Driver/Src/stm32u5xx_hal_exti.o
LOAD ./Drivers/STM32U5xx_HAL_Driver/Src/stm32u5xx_hal_flash.o
LOAD ./Drivers/STM32U5xx_HAL_Driver/Src/stm32u5xx_hal_flash_ex.o
LOAD ./Drivers/STM32U5xx_HAL_Driver/Src/stm32u5xx_hal_gpio.o
LOAD ./Drivers/STM32U5xx_HAL_Driver/Src/stm32u5xx_hal_gtzc.o
LOAD ./Drivers/STM32U5xx_HAL_Driver/Src/stm32u5xx_hal_i2c.o
LOAD ./Drivers/STM32U5xx_HAL_Driver/Src/stm32u5xx_hal_i2c_ex.o
LOAD ./Drivers/STM32U5xx_HAL_Driver/Src/stm32u5xx_hal_icache.o
LOAD ./Drivers/STM32U5xx_HAL_Driver/Src/stm32u5xx_hal_pwr.o
LOAD ./Drivers/STM32U5xx_HAL_Driver/Src/stm32u5xx_hal_pwr_ex.o
LOAD ./Drivers/STM32U5xx_HAL_Driver/Src/stm32u5xx_hal_rcc.o
LOAD ./Drivers/STM32U5xx_HAL_Driver/Src/stm32u5xx_hal_rcc_ex.o
LOAD ./Drivers/STM32U5xx_HAL_Driver/Src/stm32u5xx_hal_spi.o
LOAD ./Drivers/STM32U5xx_HAL_Driver/Src/stm32u5xx_hal_spi_ex.o
LOAD ./Drivers/STM32U5xx_HAL_Driver/Src/stm32u5xx_hal_tim.o
LOAD ./Drivers/STM32U5xx_HAL_Driver/Src/stm32u5xx_hal_tim_ex.o
LOAD ./Drivers/STM32U5xx_HAL_Driver/Src/stm32u5xx_hal_uart.o
LOAD ./Drivers/STM32U5xx_HAL_Driver/Src/stm32u5xx_hal_uart_ex.o
LOAD ./Drivers/STM32U5xx_HAL_Driver/Src/stm32u5xx_hal_usart.o
LOAD ./Drivers/STM32U5xx_HAL_Driver/Src/stm32u5xx_hal_usart_ex.o
START GROUP
LOAD C:/ST/STM32CubeIDE_1.16.0/STM32CubeIDE/plugins/com.st.stm32cube.ide.mcu.externaltools.gnu-tools-for-stm32.12.3.rel1.win32_1.0.200.202406191623/tools/bin/../lib/gcc/arm-none-eabi/12.3.1/../../../../arm-none-eabi/lib/thumb/v8-m.main+fp/hard\libstdc++_nano.a
LOAD C:/ST/STM32CubeIDE_1.16.0/STM32CubeIDE/plugins/com.st.stm32cube.ide.mcu.externaltools.gnu-tools-for-stm32.12.3.rel1.win32_1.0.200.202406191623/tools/bin/../lib/gcc/arm-none-eabi/12.3.1/../../../../arm-none-eabi/lib/thumb/v8-m.main+fp/hard\libsupc++_nano.a
END GROUP
LOAD C:/ST/STM32CubeIDE_1.16.0/STM32CubeIDE/plugins/com.st.stm32cube.ide.mcu.externaltools.gnu-tools-for-stm32.12.3.rel1.win32_1.0.200.202406191623/tools/bin/../lib/gcc/arm-none-eabi/12.3.1/../../../../arm-none-eabi/lib/thumb/v8-m.main+fp/hard\libstdc++_nano.a
LOAD C:/ST/STM32CubeIDE_1.16.0/STM32CubeIDE/plugins/com.st.stm32cube.ide.mcu.externaltools.gnu-tools-for-stm32.12.3.rel1.win32_1.0.200.202406191623/tools/bin/../lib/gcc/arm-none-eabi/12.3.1/../../../../arm-none-eabi/lib/thumb/v8-m.main+fp/hard\libm.a
LOAD C:/ST/STM32CubeIDE_1.16.0/STM32CubeIDE/plugins/com.st.stm32cube.ide.mcu.externaltools.gnu-tools-for-stm32.12.3.rel1.win32_1.0.200.202406191623/tools/bin/../lib/gcc/arm-none-eabi/12.3.1/../../../../arm-none-eabi/lib/thumb/v8-m.main+fp/hard\libc_nano.a
START GROUP
LOAD C:/ST/STM32CubeIDE_1.16.0/STM32CubeIDE/plugins/com.st.stm32cube.ide.mcu.externaltools.gnu-tools-for-stm32.12.3.rel1.win32_1.0.200.202406191623/tools/bin/../lib/gcc/arm-none-eabi/12.3.1/thumb/v8-m.main+fp/hard\libgcc.a
LOAD C:/ST/STM32CubeIDE_1.16.0/STM32CubeIDE/plugins/com.st.stm32cube.ide.mcu.externaltools.gnu-tools-for-stm32.12.3.rel1.win32_1.0.200.202406191623/tools/bin/../lib/gcc/arm-none-eabi/12.3.1/../../../../arm-none-eabi/lib/thumb/v8-m.main+fp/hard\libc_nano.a
END GROUP
START GROUP
LOAD C:/ST/STM32CubeIDE_1.16.0/STM32CubeIDE/plugins/com.st.stm32cube.ide.mcu.externaltools.gnu-tools-for-stm32.12.3.rel1.win32_1.0.200.202406191623/tools/bin/../lib/gcc/arm-none-eabi/12.3.1/thumb/v8-m.main+fp/hard\libgcc.a
LOAD C:/ST/STM32CubeIDE_1.16.0/STM32CubeIDE/plugins/com.st.stm32cube.ide.mcu.externaltools.gnu-tools-for-stm32.12.3.rel1.win32_1.0.200.202406191623/tools/bin/../lib/gcc/arm-none-eabi/12.3.1/../../../../arm-none-eabi/lib/thumb/v8-m.main+fp/hard\libc_nano.a
LOAD C:/ST/STM32CubeIDE_1.16.0/STM32CubeIDE/plugins/com.st.stm32cube.ide.mcu.externaltools.gnu-tools-for-stm32.12.3.rel1.win32_1.0.200.202406191623/tools/bin/../lib/gcc/arm-none-eabi/12.3.1/../../../../arm-none-eabi/lib/thumb/v8-m.main+fp/hard\libnosys.a
END GROUP
START GROUP
LOAD C:/ST/STM32CubeIDE_1.16.0/STM32CubeIDE/plugins/com.st.stm32cube.ide.mcu.externaltools.gnu-tools-for-stm32.12.3.rel1.win32_1.0.200.202406191623/tools/bin/../lib/gcc/arm-none-eabi/12.3.1/thumb/v8-m.main+fp/hard\libgcc.a
LOAD C:/ST/STM32CubeIDE_1.16.0/STM32CubeIDE/plugins/com.st.stm32cube.ide.mcu.externaltools.gnu-tools-for-stm32.12.3.rel1.win32_1.0.200.202406191623/tools/bin/../lib/gcc/arm-none-eabi/12.3.1/../../../../arm-none-eabi/lib/thumb/v8-m.main+fp/hard\libc_nano.a
LOAD C:/ST/STM32CubeIDE_1.16.0/STM32CubeIDE/plugins/com.st.stm32cube.ide.mcu.externaltools.gnu-tools-for-stm32.12.3.rel1.win32_1.0.200.202406191623/tools/bin/../lib/gcc/arm-none-eabi/12.3.1/../../../../arm-none-eabi/lib/thumb/v8-m.main+fp/hard\libnosys.a
END GROUP
LOAD C:/ST/STM32CubeIDE_1.16.0/STM32CubeIDE/plugins/com.st.stm32cube.ide.mcu.externaltools.gnu-tools-for-stm32.12.3.rel1.win32_1.0.200.202406191623/tools/bin/../lib/gcc/arm-none-eabi/12.3.1/thumb/v8-m.main+fp/hard/crtend.o
LOAD C:/ST/STM32CubeIDE_1.16.0/STM32CubeIDE/plugins/com.st.stm32cube.ide.mcu.externaltools.gnu-tools-for-stm32.12.3.rel1.win32_1.0.200.202406191623/tools/bin/../lib/gcc/arm-none-eabi/12.3.1/thumb/v8-m.main+fp/hard/crtn.o
                0x20270000                        _estack = (ORIGIN (RAM) + LENGTH (RAM))
                0x00000200                        _Min_Heap_Size = 0x200
                0x00000400                        _Min_Stack_Size = 0x400

.isr_vector     0x08000000      0x250
 *(.isr_vector)
 .isr_vector    0x08000000      0x250 ./Core/Startup/startup_stm32u5a5zjtxq.o
                0x08000000                g_pfnVectors

.text           0x08000250    0x10474
 *(.text)
 .text          0x08000250       0x40 C:/ST/STM32CubeIDE_1.16.0/STM32CubeIDE/plugins/com.st.stm32cube.ide.mcu.externaltools.gnu-tools-for-stm32.12.3.rel1.win32_1.0.200.202406191623/tools/bin/../lib/gcc/arm-none-eabi/12.3.1/thumb/v8-m.main+fp/hard/crtbegin.o
 .text          0x08000290       0x10 C:/ST/STM32CubeIDE_1.16.0/STM32CubeIDE/plugins/com.st.stm32cube.ide.mcu.externaltools.gnu-tools-for-stm32.12.3.rel1.win32_1.0.200.202406191623/tools/bin/../lib/gcc/arm-none-eabi/12.3.1/../../../../arm-none-eabi/lib/thumb/v8-m.main+fp/hard\libc_nano.a(libc_a-strlen.o)
                0x08000290                strlen
 .text          0x080002a0      0x378 C:/ST/STM32CubeIDE_1.16.0/STM32CubeIDE/plugins/com.st.stm32cube.ide.mcu.externaltools.gnu-tools-for-stm32.12.3.rel1.win32_1.0.200.202406191623/tools/bin/../lib/gcc/arm-none-eabi/12.3.1/thumb/v8-m.main+fp/hard\libgcc.a(_arm_addsubdf3.o)
                0x080002a0                __aeabi_drsub
                0x080002a8                __aeabi_dsub
                0x080002a8                __subdf3
                0x080002ac                __aeabi_dadd
                0x080002ac                __adddf3
                0x08000524                __floatunsidf
                0x08000524                __aeabi_ui2d
                0x08000544                __floatsidf
                0x08000544                __aeabi_i2d
                0x08000568                __aeabi_f2d
                0x08000568                __extendsfdf2
                0x080005ac                __floatundidf
                0x080005ac                __aeabi_ul2d
                0x080005bc                __floatdidf
                0x080005bc                __aeabi_l2d
 .text          0x08000618      0x424 C:/ST/STM32CubeIDE_1.16.0/STM32CubeIDE/plugins/com.st.stm32cube.ide.mcu.externaltools.gnu-tools-for-stm32.12.3.rel1.win32_1.0.200.202406191623/tools/bin/../lib/gcc/arm-none-eabi/12.3.1/thumb/v8-m.main+fp/hard\libgcc.a(_arm_muldivdf3.o)
                0x08000618                __aeabi_dmul
                0x08000618                __muldf3
                0x0800086c                __divdf3
                0x0800086c                __aeabi_ddiv
 .text          0x08000a3c      0x110 C:/ST/STM32CubeIDE_1.16.0/STM32CubeIDE/plugins/com.st.stm32cube.ide.mcu.externaltools.gnu-tools-for-stm32.12.3.rel1.win32_1.0.200.202406191623/tools/bin/../lib/gcc/arm-none-eabi/12.3.1/thumb/v8-m.main+fp/hard\libgcc.a(_arm_cmpdf2.o)
                0x08000a3c                __gtdf2
                0x08000a3c                __gedf2
                0x08000a44                __ltdf2
                0x08000a44                __ledf2
                0x08000a4c                __nedf2
                0x08000a4c                __eqdf2
                0x08000a4c                __cmpdf2
                0x08000ac8                __aeabi_cdrcmple
                0x08000ad8                __aeabi_cdcmpeq
                0x08000ad8                __aeabi_cdcmple
                0x08000ae8                __aeabi_dcmpeq
                0x08000afc                __aeabi_dcmplt
                0x08000b10                __aeabi_dcmple
                0x08000b24                __aeabi_dcmpge
                0x08000b38                __aeabi_dcmpgt
 .text          0x08000b4c       0x2c C:/ST/STM32CubeIDE_1.16.0/STM32CubeIDE/plugins/com.st.stm32cube.ide.mcu.externaltools.gnu-tools-for-stm32.12.3.rel1.win32_1.0.200.202406191623/tools/bin/../lib/gcc/arm-none-eabi/12.3.1/thumb/v8-m.main+fp/hard\libgcc.a(_arm_unorddf2.o)
                0x08000b4c                __unorddf2
                0x08000b4c                __aeabi_dcmpun
 .text          0x08000b78       0x50 C:/ST/STM32CubeIDE_1.16.0/STM32CubeIDE/plugins/com.st.stm32cube.ide.mcu.externaltools.gnu-tools-for-stm32.12.3.rel1.win32_1.0.200.202406191623/tools/bin/../lib/gcc/arm-none-eabi/12.3.1/thumb/v8-m.main+fp/hard\libgcc.a(_arm_fixdfsi.o)
                0x08000b78                __aeabi_d2iz
                0x08000b78                __fixdfsi
 .text          0x08000bc8       0x40 C:/ST/STM32CubeIDE_1.16.0/STM32CubeIDE/plugins/com.st.stm32cube.ide.mcu.externaltools.gnu-tools-for-stm32.12.3.rel1.win32_1.0.200.202406191623/tools/bin/../lib/gcc/arm-none-eabi/12.3.1/thumb/v8-m.main+fp/hard\libgcc.a(_arm_fixunsdfsi.o)
                0x08000bc8                __aeabi_d2uiz
                0x08000bc8                __fixunsdfsi
 .text          0x08000c08       0xa0 C:/ST/STM32CubeIDE_1.16.0/STM32CubeIDE/plugins/com.st.stm32cube.ide.mcu.externaltools.gnu-tools-for-stm32.12.3.rel1.win32_1.0.200.202406191623/tools/bin/../lib/gcc/arm-none-eabi/12.3.1/thumb/v8-m.main+fp/hard\libgcc.a(_arm_truncdfsf2.o)
                0x08000c08                __truncdfsf2
                0x08000c08                __aeabi_d2f
 .text          0x08000ca8       0x30 C:/ST/STM32CubeIDE_1.16.0/STM32CubeIDE/plugins/com.st.stm32cube.ide.mcu.externaltools.gnu-tools-for-stm32.12.3.rel1.win32_1.0.200.202406191623/tools/bin/../lib/gcc/arm-none-eabi/12.3.1/thumb/v8-m.main+fp/hard\libgcc.a(_aeabi_uldivmod.o)
                0x08000ca8                __aeabi_uldivmod
 .text          0x08000cd8       0x30 C:/ST/STM32CubeIDE_1.16.0/STM32CubeIDE/plugins/com.st.stm32cube.ide.mcu.externaltools.gnu-tools-for-stm32.12.3.rel1.win32_1.0.200.202406191623/tools/bin/../lib/gcc/arm-none-eabi/12.3.1/thumb/v8-m.main+fp/hard\libgcc.a(_fixdfdi.o)
                0x08000cd8                __fixdfdi
                0x08000cd8                __aeabi_d2lz
 .text          0x08000d08       0x3c C:/ST/STM32CubeIDE_1.16.0/STM32CubeIDE/plugins/com.st.stm32cube.ide.mcu.externaltools.gnu-tools-for-stm32.12.3.rel1.win32_1.0.200.202406191623/tools/bin/../lib/gcc/arm-none-eabi/12.3.1/thumb/v8-m.main+fp/hard\libgcc.a(_fixunsdfdi.o)
                0x08000d08                __fixunsdfdi
                0x08000d08                __aeabi_d2ulz
 .text          0x08000d44      0x2e4 C:/ST/STM32CubeIDE_1.16.0/STM32CubeIDE/plugins/com.st.stm32cube.ide.mcu.externaltools.gnu-tools-for-stm32.12.3.rel1.win32_1.0.200.202406191623/tools/bin/../lib/gcc/arm-none-eabi/12.3.1/thumb/v8-m.main+fp/hard\libgcc.a(_udivmoddi4.o)
                0x08000d44                __udivmoddi4
 .text          0x08001028        0x4 C:/ST/STM32CubeIDE_1.16.0/STM32CubeIDE/plugins/com.st.stm32cube.ide.mcu.externaltools.gnu-tools-for-stm32.12.3.rel1.win32_1.0.200.202406191623/tools/bin/../lib/gcc/arm-none-eabi/12.3.1/thumb/v8-m.main+fp/hard\libgcc.a(_dvmd_tls.o)
                0x08001028                __aeabi_idiv0
                0x08001028                __aeabi_ldiv0
 *(.text*)
 .text._ZN5RadioC2EP16RadioCallbacks_t
                0x0800102c       0x6c ./Core/Lora/Inc/Sx126x_Lib/sx126x-hal.o
                0x0800102c                Radio::Radio(RadioCallbacks_t*)
                0x0800102c                Radio::Radio(RadioCallbacks_t*)
 .text._ZN5RadioD2Ev
                0x08001098       0x20 ./Core/Lora/Inc/Sx126x_Lib/sx126x-hal.o
                0x08001098                Radio::~Radio()
                0x08001098                Radio::~Radio()
 .text._ZN5RadioD0Ev
                0x080010b8       0x20 ./Core/Lora/Inc/Sx126x_Lib/sx126x-hal.o
                0x080010b8                Radio::~Radio()
 .text._ZN6SX126xC2EP16RadioCallbacks_t
                0x080010d8       0x50 ./Core/Lora/Inc/Sx126x_Lib/sx126x-hal.o
                0x080010d8                SX126x::SX126x(RadioCallbacks_t*)
                0x080010d8                SX126x::SX126x(RadioCallbacks_t*)
 .text._ZN6SX126xD2Ev
                0x08001128       0x24 ./Core/Lora/Inc/Sx126x_Lib/sx126x-hal.o
                0x08001128                SX126x::~SX126x()
                0x08001128                SX126x::~SX126x()
 .text._ZN6SX126xD0Ev
                0x0800114c       0x20 ./Core/Lora/Inc/Sx126x_Lib/sx126x-hal.o
                0x0800114c                SX126x::~SX126x()
 .text._ZN9SX126xHalC2EP19__SPI_HandleTypeDefP12GPIO_TypeDeftS3_tS3_tS3_tS3_tS3_tmmS3_tP16RadioCallbacks_t
                0x0800116c       0xa4 ./Core/Lora/Inc/Sx126x_Lib/sx126x-hal.o
                0x0800116c                SX126xHal::SX126xHal(__SPI_HandleTypeDef*, GPIO_TypeDef*, unsigned short, GPIO_TypeDef*, unsigned short, GPIO_TypeDef*, unsigned short, GPIO_TypeDef*, unsigned short, GPIO_TypeDef*, unsigned short, GPIO_TypeDef*, unsigned short, unsigned long, unsigned long, GPIO_TypeDef*, unsigned short, RadioCallbacks_t*)
                0x0800116c                SX126xHal::SX126xHal(__SPI_HandleTypeDef*, GPIO_TypeDef*, unsigned short, GPIO_TypeDef*, unsigned short, GPIO_TypeDef*, unsigned short, GPIO_TypeDef*, unsigned short, GPIO_TypeDef*, unsigned short, GPIO_TypeDef*, unsigned short, unsigned long, unsigned long, GPIO_TypeDef*, unsigned short, RadioCallbacks_t*)
 .text._ZN9SX126xHalD2Ev
                0x08001210       0x24 ./Core/Lora/Inc/Sx126x_Lib/sx126x-hal.o
                0x08001210                SX126xHal::~SX126xHal()
                0x08001210                SX126xHal::~SX126xHal()
 .text._ZN9SX126xHalD0Ev
                0x08001234       0x20 ./Core/Lora/Inc/Sx126x_Lib/sx126x-hal.o
                0x08001234                SX126xHal::~SX126xHal()
 .text._ZN9SX126xHal7SpiInitEv
                0x08001254       0x22 ./Core/Lora/Inc/Sx126x_Lib/sx126x-hal.o
                0x08001254                SX126xHal::SpiInit()
 .text._ZN9SX126xHal9IoIrqInitEM6SX126xFvvE
                0x08001276       0x34 ./Core/Lora/Inc/Sx126x_Lib/sx126x-hal.o
                0x08001276                SX126xHal::IoIrqInit(void (SX126x::*)())
 .text._ZN9SX126xHal5ResetEv
                0x080012aa       0x40 ./Core/Lora/Inc/Sx126x_Lib/sx126x-hal.o
                0x080012aa                SX126xHal::Reset()
 *fill*         0x080012ea        0x2 
 .text._ZN9SX126xHal6WakeupEv
                0x080012ec       0x78 ./Core/Lora/Inc/Sx126x_Lib/sx126x-hal.o
                0x080012ec                SX126xHal::Wakeup()
 .text._ZN9SX126xHal12WriteCommandE15RadioCommands_ePht
                0x08001364       0x80 ./Core/Lora/Inc/Sx126x_Lib/sx126x-hal.o
                0x08001364                SX126xHal::WriteCommand(RadioCommands_e, unsigned char*, unsigned short)
 .text._ZN9SX126xHal11ReadCommandE15RadioCommands_ePht
                0x080013e4       0x78 ./Core/Lora/Inc/Sx126x_Lib/sx126x-hal.o
                0x080013e4                SX126xHal::ReadCommand(RadioCommands_e, unsigned char*, unsigned short)
 .text._ZN9SX126xHal13WriteRegisterEtPht
                0x0800145c       0x84 ./Core/Lora/Inc/Sx126x_Lib/sx126x-hal.o
                0x0800145c                SX126xHal::WriteRegister(unsigned short, unsigned char*, unsigned short)
 .text._ZN9SX126xHal8WriteRegEth
                0x080014e0       0x2a ./Core/Lora/Inc/Sx126x_Lib/sx126x-hal.o
                0x080014e0                SX126xHal::WriteReg(unsigned short, unsigned char)
 .text._ZN9SX126xHal12ReadRegisterEtPht
                0x0800150a       0x9a ./Core/Lora/Inc/Sx126x_Lib/sx126x-hal.o
                0x0800150a                SX126xHal::ReadRegister(unsigned short, unsigned char*, unsigned short)
 .text._ZN9SX126xHal7ReadRegEt
                0x080015a4       0x2a ./Core/Lora/Inc/Sx126x_Lib/sx126x-hal.o
                0x080015a4                SX126xHal::ReadReg(unsigned short)
 .text._ZN9SX126xHal11WriteBufferEhPhh
                0x080015ce       0x70 ./Core/Lora/Inc/Sx126x_Lib/sx126x-hal.o
                0x080015ce                SX126xHal::WriteBuffer(unsigned char, unsigned char*, unsigned char)
 .text._ZN9SX126xHal10ReadBufferEhPhh
                0x0800163e       0x86 ./Core/Lora/Inc/Sx126x_Lib/sx126x-hal.o
                0x0800163e                SX126xHal::ReadBuffer(unsigned char, unsigned char*, unsigned char)
 .text._ZN9SX126xHal12GetDioStatusEv
                0x080016c4       0x7c ./Core/Lora/Inc/Sx126x_Lib/sx126x-hal.o
                0x080016c4                SX126xHal::GetDioStatus()
 .text._ZN9SX126xHal13GetDeviceTypeEv
                0x08001740       0x16 ./Core/Lora/Inc/Sx126x_Lib/sx126x-hal.o
                0x08001740                SX126xHal::GetDeviceType()
 .text._ZN9SX126xHal13GetFreqSelectEv
                0x08001756       0x16 ./Core/Lora/Inc/Sx126x_Lib/sx126x-hal.o
                0x08001756                SX126xHal::GetFreqSelect()
 .text._ZN9SX126xHal7AntSwOnEv
                0x0800176c       0x22 ./Core/Lora/Inc/Sx126x_Lib/sx126x-hal.o
                0x0800176c                SX126xHal::AntSwOn()
 .text._ZN9SX126xHal8AntSwOffEv
                0x0800178e       0x22 ./Core/Lora/Inc/Sx126x_Lib/sx126x-hal.o
                0x0800178e                SX126xHal::AntSwOff()
 .text._ZN9SX126xHal13InvokeHandlerEv
                0x080017b0       0x70 ./Core/Lora/Inc/Sx126x_Lib/sx126x-hal.o
                0x080017b0                SX126xHal::InvokeHandler()
 .text._ZN6SX126x4InitEv
                0x08001820       0xc4 ./Core/Lora/Inc/Sx126x_Lib/sx126x.o
                0x08001820                SX126x::Init()
 .text._ZN6SX126x16CheckDeviceReadyEv
                0x080018e4       0x56 ./Core/Lora/Inc/Sx126x_Lib/sx126x.o
                0x080018e4                SX126x::CheckDeviceReady()
 .text._ZN6SX126x16GetOperatingModeEv
                0x0800193a       0x1a ./Core/Lora/Inc/Sx126x_Lib/sx126x.o
                0x0800193a                SX126x::GetOperatingMode()
 .text._ZN6SX126x10GetPayloadEPhS0_h
                0x08001954       0x4c ./Core/Lora/Inc/Sx126x_Lib/sx126x.o
                0x08001954                SX126x::GetPayload(unsigned char*, unsigned char*, unsigned char)
 .text._ZN6SX126x10SetCrcSeedEt
                0x080019a0       0x4a ./Core/Lora/Inc/Sx126x_Lib/sx126x.o
                0x080019a0                SX126x::SetCrcSeed(unsigned short)
 .text._ZN6SX126x16SetCrcPolynomialEt
                0x080019ea       0x4a ./Core/Lora/Inc/Sx126x_Lib/sx126x.o
                0x080019ea                SX126x::SetCrcPolynomial(unsigned short)
 .text._ZN6SX126x10SetStandbyE19RadioStandbyModes_t
                0x08001a34       0x38 ./Core/Lora/Inc/Sx126x_Lib/sx126x.o
                0x08001a34                SX126x::SetStandby(RadioStandbyModes_t)
 .text._ZN6SX126x5SetRxEm
                0x08001a6c       0x44 ./Core/Lora/Inc/Sx126x_Lib/sx126x.o
                0x08001a6c                SX126x::SetRx(unsigned long)
 .text._ZN6SX126x9CalibrateE19CalibrationParams_t
                0x08001ab0       0x24 ./Core/Lora/Inc/Sx126x_Lib/sx126x.o
                0x08001ab0                SX126x::Calibrate(CalibrationParams_t)
 .text._ZN6SX126x11SetPaConfigEhhhh
                0x08001ad4       0x48 ./Core/Lora/Inc/Sx126x_Lib/sx126x.o
                0x08001ad4                SX126x::SetPaConfig(unsigned char, unsigned char, unsigned char, unsigned char)
 .text._ZN6SX126x15SetDioIrqParamsEtttt
                0x08001b1c       0x76 ./Core/Lora/Inc/Sx126x_Lib/sx126x.o
                0x08001b1c                SX126x::SetDioIrqParams(unsigned short, unsigned short, unsigned short, unsigned short)
 .text._ZN6SX126x12GetIrqStatusEv
                0x08001b92       0x34 ./Core/Lora/Inc/Sx126x_Lib/sx126x.o
                0x08001b92                SX126x::GetIrqStatus()
 .text._ZN6SX126x21SetDio2AsRfSwitchCtrlEh
                0x08001bc6       0x26 ./Core/Lora/Inc/Sx126x_Lib/sx126x.o
                0x08001bc6                SX126x::SetDio2AsRfSwitchCtrl(unsigned char)
 .text._ZN6SX126x17SetDio3AsTcxoCtrlE22RadioTcxoCtrlVoltage_tm
                0x08001bec       0x4a ./Core/Lora/Inc/Sx126x_Lib/sx126x.o
                0x08001bec                SX126x::SetDio3AsTcxoCtrl(RadioTcxoCtrlVoltage_t, unsigned long)
 *fill*         0x08001c36        0x2 
 .text._ZN6SX126x14SetRfFrequencyEm
                0x08001c38       0x70 ./Core/Lora/Inc/Sx126x_Lib/sx126x.o
                0x08001c38                SX126x::SetRfFrequency(unsigned long)
 .text._ZN6SX126x13SetPacketTypeE18RadioPacketTypes_t
                0x08001ca8       0x2e ./Core/Lora/Inc/Sx126x_Lib/sx126x.o
                0x08001ca8                SX126x::SetPacketType(RadioPacketTypes_t)
 .text._ZN6SX126x13GetPacketTypeEv
                0x08001cd6       0x1a ./Core/Lora/Inc/Sx126x_Lib/sx126x.o
                0x08001cd6                SX126x::GetPacketType()
 .text._ZN6SX126x11SetTxParamsEa16RadioRampTimes_t
                0x08001cf0       0x5a ./Core/Lora/Inc/Sx126x_Lib/sx126x.o
                0x08001cf0                SX126x::SetTxParams(signed char, RadioRampTimes_t)
 *fill*         0x08001d4a        0x6 
 .text._ZN6SX126x19SetModulationParamsEP18ModulationParams_t
                0x08001d50      0x1e0 ./Core/Lora/Inc/Sx126x_Lib/sx126x.o
                0x08001d50                SX126x::SetModulationParams(ModulationParams_t*)
 .text._ZN6SX126x15SetPacketParamsEP14PacketParams_t
                0x08001f30      0x130 ./Core/Lora/Inc/Sx126x_Lib/sx126x.o
                0x08001f30                SX126x::SetPacketParams(PacketParams_t*)
 .text._ZN6SX126x9GetStatusEv
                0x08002060       0x2e ./Core/Lora/Inc/Sx126x_Lib/sx126x.o
                0x08002060                SX126x::GetStatus()
 .text._ZN6SX126x11GetRssiInstEv
                0x0800208e       0x30 ./Core/Lora/Inc/Sx126x_Lib/sx126x.o
                0x0800208e                SX126x::GetRssiInst()
 .text._ZN6SX126x17GetRxBufferStatusEPhS0_
                0x080020be       0x7e ./Core/Lora/Inc/Sx126x_Lib/sx126x.o
                0x080020be                SX126x::GetRxBufferStatus(unsigned char*, unsigned char*)
 .text._ZN6SX126x15GetPacketStatusEP14PacketStatus_t
                0x0800213c       0xdc ./Core/Lora/Inc/Sx126x_Lib/sx126x.o
                0x0800213c                SX126x::GetPacketStatus(PacketStatus_t*)
 .text._ZN6SX126x14ClearIrqStatusEt
                0x08002218       0x38 ./Core/Lora/Inc/Sx126x_Lib/sx126x.o
                0x08002218                SX126x::ClearIrqStatus(unsigned short)
 .text._ZN6SX126x14SetPollingModeEv
                0x08002250       0x1c ./Core/Lora/Inc/Sx126x_Lib/sx126x.o
                0x08002250                SX126x::SetPollingMode()
 .text._ZN6SX126x16SetInterruptModeEv
                0x0800226c       0x1c ./Core/Lora/Inc/Sx126x_Lib/sx126x.o
                0x0800226c                SX126x::SetInterruptMode()
 .text._ZN6SX126x8OnDioIrqEv
                0x08002288       0x2a ./Core/Lora/Inc/Sx126x_Lib/sx126x.o
                0x08002288                SX126x::OnDioIrq()
 *fill*         0x080022b2        0x2 
 .text._ZN6SX126x11ProcessIrqsEv
                0x080022b4      0x164 ./Core/Lora/Inc/Sx126x_Lib/sx126x.o
                0x080022b4                SX126x::ProcessIrqs()
 .text.Lora_init
                0x08002418       0x48 ./Core/Lora/Src/Lora.o
                0x08002418                Lora_init
 .text.RunRXStateMachine
                0x08002460      0x108 ./Core/Lora/Src/Lora.o
                0x08002460                RunRXStateMachine
 .text.ConfigureRadioRx
                0x08002568       0x26 ./Core/Lora/Src/Lora.o
                0x08002568                ConfigureRadioRx
 *fill*         0x0800258e        0x2 
 .text.OnRxDone
                0x08002590       0x44 ./Core/Lora/Src/Lora.o
                0x08002590                OnRxDone
 .text.OnRxTimeout
                0x080025d4       0x18 ./Core/Lora/Src/Lora.o
                0x080025d4                OnRxTimeout
 .text.OnRxError
                0x080025ec       0x20 ./Core/Lora/Src/Lora.o
                0x080025ec                OnRxError
 .text.OnTxDone
                0x0800260c       0x20 ./Core/Lora/Src/Lora.o
                0x0800260c                OnTxDone
 .text.OnTxTimeout
                0x0800262c       0x20 ./Core/Lora/Src/Lora.o
                0x0800262c                OnTxTimeout
 .text.SetConfiguration
                0x0800264c       0x94 ./Core/Lora/Src/Lora.o
                0x0800264c                SetConfiguration
 .text.ConfigureGeneralRadio
                0x080026e0       0x64 ./Core/Lora/Src/Lora.o
                0x080026e0                ConfigureGeneralRadio
 .text.HAL_GPIO_EXTI_Rising_Callback
                0x08002744       0x3c ./Core/Lora/Src/Lora.o
                0x08002744                HAL_GPIO_EXTI_Rising_Callback
 .text.GetRssiSnr
                0x08002780       0x34 ./Core/Lora/Src/Lora.o
                0x08002780                GetRssiSnr
 .text._Z41__static_initialization_and_destruction_0ii
                0x080027b4       0xa0 ./Core/Lora/Src/Lora.o
 .text._GLOBAL__sub_I_TxState
                0x08002854       0x10 ./Core/Lora/Src/Lora.o
 .text._GLOBAL__sub_D_TxState
                0x08002864       0x10 ./Core/Lora/Src/Lora.o
 .text.dwt_initialise
                0x08002874      0x298 ./Core/Src/decadriver/deca_device.o
                0x08002874                dwt_initialise
 .text.dwt_setlnapamode
                0x08002b0c       0x50 ./Core/Src/decadriver/deca_device.o
                0x08002b0c                dwt_setlnapamode
 .text.dwt_readdevid
                0x08002b5c       0x12 ./Core/Src/decadriver/deca_device.o
                0x08002b5c                dwt_readdevid
 *fill*         0x08002b6e        0x2 
 .text.dwt_configure
                0x08002b70      0x2d4 ./Core/Src/decadriver/deca_device.o
                0x08002b70                dwt_configure
 .text.dwt_setrxantennadelay
                0x08002e44       0x20 ./Core/Src/decadriver/deca_device.o
                0x08002e44                dwt_setrxantennadelay
 .text.dwt_settxantennadelay
                0x08002e64       0x1e ./Core/Src/decadriver/deca_device.o
                0x08002e64                dwt_settxantennadelay
 .text.dwt_writetxdata
                0x08002e82       0x3c ./Core/Src/decadriver/deca_device.o
                0x08002e82                dwt_writetxdata
 *fill*         0x08002ebe        0x2 
 .text.dwt_writetxfctrl
                0x08002ec0       0x40 ./Core/Src/decadriver/deca_device.o
                0x08002ec0                dwt_writetxfctrl
 .text.dwt_readrxdata
                0x08002f00       0x24 ./Core/Src/decadriver/deca_device.o
                0x08002f00                dwt_readrxdata
 .text.dwt_readcarrierintegrator
                0x08002f24       0x62 ./Core/Src/decadriver/deca_device.o
                0x08002f24                dwt_readcarrierintegrator
 .text.dwt_readtxtimestamplo32
                0x08002f86       0x12 ./Core/Src/decadriver/deca_device.o
                0x08002f86                dwt_readtxtimestamplo32
 .text.dwt_readrxtimestamplo32
                0x08002f98       0x12 ./Core/Src/decadriver/deca_device.o
                0x08002f98                dwt_readrxtimestamplo32
 .text.dwt_writetodevice
                0x08002faa       0xae ./Core/Src/decadriver/deca_device.o
                0x08002faa                dwt_writetodevice
 .text.dwt_readfromdevice
                0x08003058       0xa8 ./Core/Src/decadriver/deca_device.o
                0x08003058                dwt_readfromdevice
 .text.dwt_read32bitoffsetreg
                0x08003100       0x4e ./Core/Src/decadriver/deca_device.o
                0x08003100                dwt_read32bitoffsetreg
 .text.dwt_read16bitoffsetreg
                0x0800314e       0x36 ./Core/Src/decadriver/deca_device.o
                0x0800314e                dwt_read16bitoffsetreg
 .text.dwt_read8bitoffsetreg
                0x08003184       0x26 ./Core/Src/decadriver/deca_device.o
                0x08003184                dwt_read8bitoffsetreg
 .text.dwt_write8bitoffsetreg
                0x080031aa       0x26 ./Core/Src/decadriver/deca_device.o
                0x080031aa                dwt_write8bitoffsetreg
 .text.dwt_write16bitoffsetreg
                0x080031d0       0x38 ./Core/Src/decadriver/deca_device.o
                0x080031d0                dwt_write16bitoffsetreg
 .text.dwt_write32bitoffsetreg
                0x08003208       0x4e ./Core/Src/decadriver/deca_device.o
                0x08003208                dwt_write32bitoffsetreg
 .text._dwt_otpread
                0x08003256       0x3e ./Core/Src/decadriver/deca_device.o
                0x08003256                _dwt_otpread
 .text._dwt_aonarrayupload
                0x08003294       0x1c ./Core/Src/decadriver/deca_device.o
                0x08003294                _dwt_aonarrayupload
 .text._dwt_configlde
                0x080032b0       0x40 ./Core/Src/decadriver/deca_device.o
                0x080032b0                _dwt_configlde
 .text._dwt_loaducodefromrom
                0x080032f0       0x26 ./Core/Src/decadriver/deca_device.o
                0x080032f0                _dwt_loaducodefromrom
 *fill*         0x08003316        0x2 
 .text.dwt_setsmarttxpower
                0x08003318       0x5c ./Core/Src/decadriver/deca_device.o
                0x08003318                dwt_setsmarttxpower
 .text.dwt_setrxaftertxdelay
                0x08003374       0x38 ./Core/Src/decadriver/deca_device.o
                0x08003374                dwt_setrxaftertxdelay
 .text.dwt_setleds
                0x080033ac       0xb8 ./Core/Src/decadriver/deca_device.o
                0x080033ac                dwt_setleds
 .text._dwt_enableclocks
                0x08003464      0x134 ./Core/Src/decadriver/deca_device.o
                0x08003464                _dwt_enableclocks
 .text._dwt_disablesequencing
                0x08003598       0x18 ./Core/Src/decadriver/deca_device.o
                0x08003598                _dwt_disablesequencing
 .text.dwt_starttx
                0x080035b0       0xa4 ./Core/Src/decadriver/deca_device.o
                0x080035b0                dwt_starttx
 .text.dwt_setrxtimeout
                0x08003654       0x80 ./Core/Src/decadriver/deca_device.o
                0x08003654                dwt_setrxtimeout
 .text.dwt_rxreset
                0x080036d4       0x1c ./Core/Src/decadriver/deca_device.o
                0x080036d4                dwt_rxreset
 .text.dwt_softreset
                0x080036f0       0x4c ./Core/Src/decadriver/deca_device.o
                0x080036f0                dwt_softreset
 .text.dwt_setxtaltrim
                0x0800373c       0x30 ./Core/Src/decadriver/deca_device.o
                0x0800373c                dwt_setxtaltrim
 .text.dwmInit  0x0800376c       0x24 ./Core/Src/dw1000.o
                0x0800376c                dwmInit
 .text.dwConfig
                0x08003790       0x76 ./Core/Src/dw1000.o
                0x08003790                dwConfig
 *fill*         0x08003806        0x2 
 .text.dwRange  0x08003808      0x328 ./Core/Src/dw1000.o
                0x08003808                dwRange
 .text.resp_msg_get_ts
                0x08003b30       0x4c ./Core/Src/dw1000.o
 .text.main     0x08003b7c       0xf4 ./Core/Src/main.o
                0x08003b7c                main
 .text._Z18SystemClock_Configv
                0x08003c70       0xd6 ./Core/Src/main.o
                0x08003c70                SystemClock_Config()
 .text._ZL18SystemPower_Configv
                0x08003d46       0x26 ./Core/Src/main.o
 .text._ZL14MX_ICACHE_Initv
                0x08003d6c       0x3a ./Core/Src/main.o
 *fill*         0x08003da6        0x2 
 .text._ZL12MX_SPI1_Initv
                0x08003da8       0xf0 ./Core/Src/main.o
 .text._ZL12MX_SPI3_Initv
                0x08003e98       0xf0 ./Core/Src/main.o
 .text._ZL12MX_TIM2_Initv
                0x08003f88       0xb8 ./Core/Src/main.o
 .text._ZL12MX_GPIO_Initv
                0x08004040      0x2e8 ./Core/Src/main.o
 .text.Error_Handler
                0x08004328        0xc ./Core/Src/main.o
                0x08004328                Error_Handler
 .text.HAL_MspInit
                0x08004334       0x34 ./Core/Src/stm32u5xx_hal_msp.o
                0x08004334                HAL_MspInit
 .text.HAL_SPI_MspInit
                0x08004368      0x19c ./Core/Src/stm32u5xx_hal_msp.o
                0x08004368                HAL_SPI_MspInit
 .text.HAL_TIM_Base_MspInit
                0x08004504       0x40 ./Core/Src/stm32u5xx_hal_msp.o
                0x08004504                HAL_TIM_Base_MspInit
 .text.NMI_Handler
                0x08004544        0x8 ./Core/Src/stm32u5xx_it.o
                0x08004544                NMI_Handler
 .text.HardFault_Handler
                0x0800454c       0x18 ./Core/Src/stm32u5xx_it.o
                0x0800454c                HardFault_Handler
 .text.MemManage_Handler
                0x08004564        0x8 ./Core/Src/stm32u5xx_it.o
                0x08004564                MemManage_Handler
 .text.BusFault_Handler
                0x0800456c        0x8 ./Core/Src/stm32u5xx_it.o
                0x0800456c                BusFault_Handler
 .text.UsageFault_Handler
                0x08004574        0x8 ./Core/Src/stm32u5xx_it.o
                0x08004574                UsageFault_Handler
 .text.SVC_Handler
                0x0800457c        0xe ./Core/Src/stm32u5xx_it.o
                0x0800457c                SVC_Handler
 .text.DebugMon_Handler
                0x0800458a        0xe ./Core/Src/stm32u5xx_it.o
                0x0800458a                DebugMon_Handler
 .text.PendSV_Handler
                0x08004598        0xe ./Core/Src/stm32u5xx_it.o
                0x08004598                PendSV_Handler
 .text.SysTick_Handler
                0x080045a6        0xc ./Core/Src/stm32u5xx_it.o
                0x080045a6                SysTick_Handler
 .text.EXTI11_IRQHandler
                0x080045b2       0x10 ./Core/Src/stm32u5xx_it.o
                0x080045b2                EXTI11_IRQHandler
 .text.EXTI13_IRQHandler
                0x080045c2        0xe ./Core/Src/stm32u5xx_it.o
                0x080045c2                EXTI13_IRQHandler
 .text._getpid  0x080045d0       0x10 ./Core/Src/syscalls.o
                0x080045d0                _getpid
 .text._kill    0x080045e0       0x20 ./Core/Src/syscalls.o
                0x080045e0                _kill
 .text._exit    0x08004600       0x16 ./Core/Src/syscalls.o
                0x08004600                _exit
 .text._read    0x08004616       0x3a ./Core/Src/syscalls.o
                0x08004616                _read
 .text._write   0x08004650       0x38 ./Core/Src/syscalls.o
                0x08004650                _write
 .text._close   0x08004688       0x18 ./Core/Src/syscalls.o
                0x08004688                _close
 .text._fstat   0x080046a0       0x20 ./Core/Src/syscalls.o
                0x080046a0                _fstat
 .text._isatty  0x080046c0       0x16 ./Core/Src/syscalls.o
                0x080046c0                _isatty
 .text._lseek   0x080046d6       0x1a ./Core/Src/syscalls.o
                0x080046d6                _lseek
 .text._sbrk    0x080046f0       0x6c ./Core/Src/sysmem.o
                0x080046f0                _sbrk
 .text.SystemInit
                0x0800475c       0x70 ./Core/Src/system_stm32u5xx.o
                0x0800475c                SystemInit
 .text.decamutexon
                0x080047cc       0x22 ./Core/Src/platform/deca_mutex.o
                0x080047cc                decamutexon
 .text.decamutexoff
                0x080047ee       0x1a ./Core/Src/platform/deca_mutex.o
                0x080047ee                decamutexoff
 .text.deca_sleep
                0x08004808       0x16 ./Core/Src/platform/deca_sleep.o
                0x08004808                deca_sleep
 *fill*         0x0800481e        0x2 
 .text.writetospi
                0x08004820       0x68 ./Core/Src/platform/deca_spi.o
                0x08004820                writetospi
 .text.readfromspi
                0x08004888       0x94 ./Core/Src/platform/deca_spi.o
                0x08004888                readfromspi
 .text.__NVIC_EnableIRQ
                0x0800491c       0x3c ./Core/Src/platform/port.o
 .text.__NVIC_DisableIRQ
                0x08004958       0x48 ./Core/Src/platform/port.o
 .text.Sleep    0x080049a0       0x16 ./Core/Src/platform/port.o
                0x080049a0                Sleep
 *fill*         0x080049b6        0x2 
 .text.EXTI_GetITEnStatus
                0x080049b8       0x3c ./Core/Src/platform/port.o
                0x080049b8                EXTI_GetITEnStatus
 .text.reset_DW1000
                0x080049f4       0x60 ./Core/Src/platform/port.o
                0x080049f4                reset_DW1000
 .text.port_set_dw1000_slowrate
                0x08004a54       0x1c ./Core/Src/platform/port.o
                0x08004a54                port_set_dw1000_slowrate
 .text.port_set_dw1000_fastrate
                0x08004a70       0x1c ./Core/Src/platform/port.o
                0x08004a70                port_set_dw1000_fastrate
 .text.port_DisableEXT_IRQ
                0x08004a8c        0xe ./Core/Src/platform/port.o
                0x08004a8c                port_DisableEXT_IRQ
 .text.port_EnableEXT_IRQ
                0x08004a9a        0xe ./Core/Src/platform/port.o
                0x08004a9a                port_EnableEXT_IRQ
 .text.port_GetEXT_IRQStatus
                0x08004aa8       0x10 ./Core/Src/platform/port.o
                0x08004aa8                port_GetEXT_IRQStatus
 .text.Reset_Handler
                0x08004ab8       0x50 ./Core/Startup/startup_stm32u5a5zjtxq.o
                0x08004ab8                Reset_Handler
 .text.Default_Handler
                0x08004b08        0x2 ./Core/Startup/startup_stm32u5a5zjtxq.o
                0x08004b08                EXTI2_IRQHandler
                0x08004b08                TIM8_TRG_COM_IRQHandler
                0x08004b08                TIM8_CC_IRQHandler
                0x08004b08                EXTI5_IRQHandler
                0x08004b08                FLASH_S_IRQHandler
                0x08004b08                TIM1_CC_IRQHandler
                0x08004b08                TSC_IRQHandler
                0x08004b08                TAMP_IRQHandler
                0x08004b08                TIM6_IRQHandler
                0x08004b08                EXTI12_IRQHandler
                0x08004b08                CORDIC_IRQHandler
                0x08004b08                EXTI3_IRQHandler
                0x08004b08                LPTIM4_IRQHandler
                0x08004b08                GPDMA1_Channel5_IRQHandler
                0x08004b08                EXTI8_IRQHandler
                0x08004b08                LPTIM2_IRQHandler
                0x08004b08                I2C3_ER_IRQHandler
                0x08004b08                I2C5_EV_IRQHandler
                0x08004b08                PWR_S3WU_IRQHandler
                0x08004b08                MDF1_FLT2_IRQHandler
                0x08004b08                LPDMA1_Channel3_IRQHandler
                0x08004b08                LPTIM3_IRQHandler
                0x08004b08                EXTI0_IRQHandler
                0x08004b08                I2C2_EV_IRQHandler
                0x08004b08                FPU_IRQHandler
                0x08004b08                GPDMA1_Channel3_IRQHandler
                0x08004b08                GPDMA1_Channel7_IRQHandler
                0x08004b08                MDF1_FLT4_IRQHandler
                0x08004b08                FDCAN1_IT1_IRQHandler
                0x08004b08                RAMCFG_IRQHandler
                0x08004b08                ADC1_2_IRQHandler
                0x08004b08                GPDMA1_Channel9_IRQHandler
                0x08004b08                DCACHE1_IRQHandler
                0x08004b08                SPI1_IRQHandler
                0x08004b08                OCTOSPI1_IRQHandler
                0x08004b08                GPDMA1_Channel2_IRQHandler
                0x08004b08                TIM8_UP_IRQHandler
                0x08004b08                RCC_S_IRQHandler
                0x08004b08                OCTOSPI2_IRQHandler
                0x08004b08                SAI2_IRQHandler
                0x08004b08                MDF1_FLT1_IRQHandler
                0x08004b08                PKA_IRQHandler
                0x08004b08                USART6_IRQHandler
                0x08004b08                MDF1_FLT5_IRQHandler
                0x08004b08                EXTI15_IRQHandler
                0x08004b08                TIM17_IRQHandler
                0x08004b08                USART3_IRQHandler
                0x08004b08                RTC_IRQHandler
                0x08004b08                EXTI9_IRQHandler
                0x08004b08                HSPI1_IRQHandler
                0x08004b08                UART5_IRQHandler
                0x08004b08                TIM4_IRQHandler
                0x08004b08                I2C1_EV_IRQHandler
                0x08004b08                GPDMA1_Channel12_IRQHandler
                0x08004b08                GPDMA1_Channel1_IRQHandler
                0x08004b08                TIM16_IRQHandler
                0x08004b08                GPDMA1_Channel15_IRQHandler
                0x08004b08                UART4_IRQHandler
                0x08004b08                SecureFault_Handler
                0x08004b08                TIM3_IRQHandler
                0x08004b08                RCC_IRQHandler
                0x08004b08                TIM1_TRG_COM_IRQHandler
                0x08004b08                Default_Handler
                0x08004b08                GPDMA1_Channel8_IRQHandler
                0x08004b08                FMAC_IRQHandler
                0x08004b08                I2C5_ER_IRQHandler
                0x08004b08                OTFDEC1_IRQHandler
                0x08004b08                GPDMA1_Channel11_IRQHandler
                0x08004b08                TIM7_IRQHandler
                0x08004b08                SDMMC1_IRQHandler
                0x08004b08                SAES_IRQHandler
                0x08004b08                TIM5_IRQHandler
                0x08004b08                UCPD1_IRQHandler
                0x08004b08                GPDMA1_Channel0_IRQHandler
                0x08004b08                TIM15_IRQHandler
                0x08004b08                I2C3_EV_IRQHandler
                0x08004b08                LPDMA1_Channel0_IRQHandler
                0x08004b08                PVD_PVM_IRQHandler
                0x08004b08                SPI2_IRQHandler
                0x08004b08                LPDMA1_Channel1_IRQHandler
                0x08004b08                EXTI14_IRQHandler
                0x08004b08                OTFDEC2_IRQHandler
                0x08004b08                CRS_IRQHandler
                0x08004b08                GPDMA1_Channel14_IRQHandler
                0x08004b08                LSECSSD_IRQHandler
                0x08004b08                EXTI4_IRQHandler
                0x08004b08                RTC_S_IRQHandler
                0x08004b08                GPDMA1_Channel13_IRQHandler
                0x08004b08                RNG_IRQHandler
                0x08004b08                COMP_IRQHandler
                0x08004b08                TIM1_UP_IRQHandler
                0x08004b08                ADC4_IRQHandler
                0x08004b08                WWDG_IRQHandler
                0x08004b08                I2C4_EV_IRQHandler
                0x08004b08                ADF1_IRQHandler
                0x08004b08                IWDG_IRQHandler
                0x08004b08                I2C6_ER_IRQHandler
                0x08004b08                LPUART1_IRQHandler
                0x08004b08                MDF1_FLT0_IRQHandler
                0x08004b08                FDCAN1_IT0_IRQHandler
                0x08004b08                TIM2_IRQHandler
                0x08004b08                GPDMA1_Channel4_IRQHandler
                0x08004b08                OTG_HS_IRQHandler
                0x08004b08                EXTI7_IRQHandler
                0x08004b08                DMA2D_IRQHandler
                0x08004b08                TIM1_BRK_IRQHandler
                0x08004b08                EXTI1_IRQHandler
                0x08004b08                SDMMC2_IRQHandler
                0x08004b08                AES_IRQHandler
                0x08004b08                DAC1_IRQHandler
                0x08004b08                GTZC_IRQHandler
                0x08004b08                MDF1_FLT3_IRQHandler
                0x08004b08                USART2_IRQHandler
                0x08004b08                I2C6_EV_IRQHandler
                0x08004b08                GPDMA1_Channel6_IRQHandler
                0x08004b08                I2C2_ER_IRQHandler
                0x08004b08                TIM8_BRK_IRQHandler
                0x08004b08                FLASH_IRQHandler
                0x08004b08                USART1_IRQHandler
                0x08004b08                EXTI10_IRQHandler
                0x08004b08                SPI3_IRQHandler
                0x08004b08                LPDMA1_Channel2_IRQHandler
                0x08004b08                I2C1_ER_IRQHandler
                0x08004b08                FMC_IRQHandler
                0x08004b08                EXTI6_IRQHandler
                0x08004b08                LPTIM1_IRQHandler
                0x08004b08                DCMI_PSSI_IRQHandler
                0x08004b08                I2C4_ER_IRQHandler
                0x08004b08                GPDMA1_Channel10_IRQHandler
                0x08004b08                ICACHE_IRQHandler
                0x08004b08                SAI1_IRQHandler
                0x08004b08                HASH_IRQHandler
 *fill*         0x08004b0a        0x2 
 .text.BSP_LED_Init
                0x08004b0c      0x120 ./Drivers/BSP/STM32U5xx_Nucleo/stm32u5xx_nucleo.o
                0x08004b0c                BSP_LED_Init
 .text.BSP_PB_Init
                0x08004c2c       0xf0 ./Drivers/BSP/STM32U5xx_Nucleo/stm32u5xx_nucleo.o
                0x08004c2c                BSP_PB_Init
 .text.BSP_PB_IRQHandler
                0x08004d1c       0x2c ./Drivers/BSP/STM32U5xx_Nucleo/stm32u5xx_nucleo.o
                0x08004d1c                BSP_PB_IRQHandler
 .text.BSP_PB_Callback
                0x08004d48       0x16 ./Drivers/BSP/STM32U5xx_Nucleo/stm32u5xx_nucleo.o
                0x08004d48                BSP_PB_Callback
 *fill*         0x08004d5e        0x2 
 .text.BSP_COM_Init
                0x08004d60       0x60 ./Drivers/BSP/STM32U5xx_Nucleo/stm32u5xx_nucleo.o
                0x08004d60                BSP_COM_Init
 .text.MX_USART1_Init
                0x08004dc0       0x68 ./Drivers/BSP/STM32U5xx_Nucleo/stm32u5xx_nucleo.o
                0x08004dc0                MX_USART1_Init
 .text.__io_putchar
                0x08004e28       0x38 ./Drivers/BSP/STM32U5xx_Nucleo/stm32u5xx_nucleo.o
                0x08004e28                __io_putchar
 .text.BUTTON_USER_EXTI_Callback
                0x08004e60        0xe ./Drivers/BSP/STM32U5xx_Nucleo/stm32u5xx_nucleo.o
 *fill*         0x08004e6e        0x2 
 .text.COM1_MspInit
                0x08004e70       0xb0 ./Drivers/BSP/STM32U5xx_Nucleo/stm32u5xx_nucleo.o
 .text.HAL_Init
                0x08004f20       0x60 ./Drivers/STM32U5xx_HAL_Driver/Src/stm32u5xx_hal.o
                0x08004f20                HAL_Init
 .text.HAL_InitTick
                0x08004f80       0xec ./Drivers/STM32U5xx_HAL_Driver/Src/stm32u5xx_hal.o
                0x08004f80                HAL_InitTick
 .text.HAL_IncTick
                0x0800506c       0x28 ./Drivers/STM32U5xx_HAL_Driver/Src/stm32u5xx_hal.o
                0x0800506c                HAL_IncTick
 .text.HAL_GetTick
                0x08005094       0x18 ./Drivers/STM32U5xx_HAL_Driver/Src/stm32u5xx_hal.o
                0x08005094                HAL_GetTick
 .text.HAL_Delay
                0x080050ac       0x48 ./Drivers/STM32U5xx_HAL_Driver/Src/stm32u5xx_hal.o
                0x080050ac                HAL_Delay
 .text.__NVIC_SetPriorityGrouping
                0x080050f4       0x48 ./Drivers/STM32U5xx_HAL_Driver/Src/stm32u5xx_hal_cortex.o
 .text.__NVIC_GetPriorityGrouping
                0x0800513c       0x1c ./Drivers/STM32U5xx_HAL_Driver/Src/stm32u5xx_hal_cortex.o
 .text.__NVIC_EnableIRQ
                0x08005158       0x3c ./Drivers/STM32U5xx_HAL_Driver/Src/stm32u5xx_hal_cortex.o
 .text.__NVIC_SetPriority
                0x08005194       0x54 ./Drivers/STM32U5xx_HAL_Driver/Src/stm32u5xx_hal_cortex.o
 .text.NVIC_EncodePriority
                0x080051e8       0x66 ./Drivers/STM32U5xx_HAL_Driver/Src/stm32u5xx_hal_cortex.o
 .text.HAL_NVIC_SetPriorityGrouping
                0x0800524e       0x16 ./Drivers/STM32U5xx_HAL_Driver/Src/stm32u5xx_hal_cortex.o
                0x0800524e                HAL_NVIC_SetPriorityGrouping
 .text.HAL_NVIC_SetPriority
                0x08005264       0x34 ./Drivers/STM32U5xx_HAL_Driver/Src/stm32u5xx_hal_cortex.o
                0x08005264                HAL_NVIC_SetPriority
 .text.HAL_NVIC_EnableIRQ
                0x08005298       0x1c ./Drivers/STM32U5xx_HAL_Driver/Src/stm32u5xx_hal_cortex.o
                0x08005298                HAL_NVIC_EnableIRQ
 .text.HAL_SYSTICK_Config
                0x080052b4       0x44 ./Drivers/STM32U5xx_HAL_Driver/Src/stm32u5xx_hal_cortex.o
                0x080052b4                HAL_SYSTICK_Config
 .text.HAL_SYSTICK_CLKSourceConfig
                0x080052f8       0xb0 ./Drivers/STM32U5xx_HAL_Driver/Src/stm32u5xx_hal_cortex.o
                0x080052f8                HAL_SYSTICK_CLKSourceConfig
 .text.HAL_SYSTICK_GetCLKSourceConfig
                0x080053a8       0x74 ./Drivers/STM32U5xx_HAL_Driver/Src/stm32u5xx_hal_cortex.o
                0x080053a8                HAL_SYSTICK_GetCLKSourceConfig
 .text.HAL_EXTI_RegisterCallback
                0x0800541c       0x58 ./Drivers/STM32U5xx_HAL_Driver/Src/stm32u5xx_hal_exti.o
                0x0800541c                HAL_EXTI_RegisterCallback
 .text.HAL_EXTI_GetHandle
                0x08005474       0x28 ./Drivers/STM32U5xx_HAL_Driver/Src/stm32u5xx_hal_exti.o
                0x08005474                HAL_EXTI_GetHandle
 .text.HAL_EXTI_IRQHandler
                0x0800549c       0x90 ./Drivers/STM32U5xx_HAL_Driver/Src/stm32u5xx_hal_exti.o
                0x0800549c                HAL_EXTI_IRQHandler
 .text.HAL_GPIO_Init
                0x0800552c      0x3b0 ./Drivers/STM32U5xx_HAL_Driver/Src/stm32u5xx_hal_gpio.o
                0x0800552c                HAL_GPIO_Init
 .text.HAL_GPIO_ReadPin
                0x080058dc       0x30 ./Drivers/STM32U5xx_HAL_Driver/Src/stm32u5xx_hal_gpio.o
                0x080058dc                HAL_GPIO_ReadPin
 .text.HAL_GPIO_WritePin
                0x0800590c       0x30 ./Drivers/STM32U5xx_HAL_Driver/Src/stm32u5xx_hal_gpio.o
                0x0800590c                HAL_GPIO_WritePin
 .text.HAL_GPIO_EXTI_IRQHandler
                0x0800593c       0x4c ./Drivers/STM32U5xx_HAL_Driver/Src/stm32u5xx_hal_gpio.o
                0x0800593c                HAL_GPIO_EXTI_IRQHandler
 .text.HAL_GPIO_EXTI_Falling_Callback
                0x08005988       0x16 ./Drivers/STM32U5xx_HAL_Driver/Src/stm32u5xx_hal_gpio.o
                0x08005988                HAL_GPIO_EXTI_Falling_Callback
 *fill*         0x0800599e        0x2 
 .text.HAL_ICACHE_ConfigAssociativityMode
                0x080059a0       0x40 ./Drivers/STM32U5xx_HAL_Driver/Src/stm32u5xx_hal_icache.o
                0x080059a0                HAL_ICACHE_ConfigAssociativityMode
 .text.HAL_ICACHE_Enable
                0x080059e0       0x20 ./Drivers/STM32U5xx_HAL_Driver/Src/stm32u5xx_hal_icache.o
                0x080059e0                HAL_ICACHE_Enable
 .text.HAL_PWREx_ControlVoltageScaling
                0x08005a00       0xfc ./Drivers/STM32U5xx_HAL_Driver/Src/stm32u5xx_hal_pwr_ex.o
                0x08005a00                HAL_PWREx_ControlVoltageScaling
 .text.HAL_PWREx_GetVoltageRange
                0x08005afc       0x1c ./Drivers/STM32U5xx_HAL_Driver/Src/stm32u5xx_hal_pwr_ex.o
                0x08005afc                HAL_PWREx_GetVoltageRange
 .text.HAL_PWREx_ConfigSupply
                0x08005b18       0xa0 ./Drivers/STM32U5xx_HAL_Driver/Src/stm32u5xx_hal_pwr_ex.o
                0x08005b18                HAL_PWREx_ConfigSupply
 .text.HAL_PWREx_EnableVddIO2
                0x08005bb8       0x20 ./Drivers/STM32U5xx_HAL_Driver/Src/stm32u5xx_hal_pwr_ex.o
                0x08005bb8                HAL_PWREx_EnableVddIO2
 .text.HAL_PWREx_DisableUCPDDeadBattery
                0x08005bd8       0x20 ./Drivers/STM32U5xx_HAL_Driver/Src/stm32u5xx_hal_pwr_ex.o
                0x08005bd8                HAL_PWREx_DisableUCPDDeadBattery
 .text.HAL_RCC_OscConfig
                0x08005bf8      0xdb8 ./Drivers/STM32U5xx_HAL_Driver/Src/stm32u5xx_hal_rcc.o
                0x08005bf8                HAL_RCC_OscConfig
 .text.HAL_RCC_ClockConfig
                0x080069b0      0x3e4 ./Drivers/STM32U5xx_HAL_Driver/Src/stm32u5xx_hal_rcc.o
                0x080069b0                HAL_RCC_ClockConfig
 .text.HAL_RCC_GetSysClockFreq
                0x08006d94      0x20c ./Drivers/STM32U5xx_HAL_Driver/Src/stm32u5xx_hal_rcc.o
                0x08006d94                HAL_RCC_GetSysClockFreq
 .text.HAL_RCC_GetHCLKFreq
                0x08006fa0       0x34 ./Drivers/STM32U5xx_HAL_Driver/Src/stm32u5xx_hal_rcc.o
                0x08006fa0                HAL_RCC_GetHCLKFreq
 .text.HAL_RCC_GetPCLK1Freq
                0x08006fd4       0x28 ./Drivers/STM32U5xx_HAL_Driver/Src/stm32u5xx_hal_rcc.o
                0x08006fd4                HAL_RCC_GetPCLK1Freq
 .text.HAL_RCC_GetPCLK2Freq
                0x08006ffc       0x28 ./Drivers/STM32U5xx_HAL_Driver/Src/stm32u5xx_hal_rcc.o
                0x08006ffc                HAL_RCC_GetPCLK2Freq
 .text.HAL_RCC_GetPCLK3Freq
                0x08007024       0x28 ./Drivers/STM32U5xx_HAL_Driver/Src/stm32u5xx_hal_rcc.o
                0x08007024                HAL_RCC_GetPCLK3Freq
 .text.RCC_SetFlashLatencyFromMSIRange
                0x0800704c      0x10c ./Drivers/STM32U5xx_HAL_Driver/Src/stm32u5xx_hal_rcc.o
 .text.HAL_RCCEx_PeriphCLKConfig
                0x08007158      0xd78 ./Drivers/STM32U5xx_HAL_Driver/Src/stm32u5xx_hal_rcc_ex.o
                0x08007158                HAL_RCCEx_PeriphCLKConfig
 .text.HAL_RCCEx_GetPLL1ClockFreq
                0x08007ed0      0x2b8 ./Drivers/STM32U5xx_HAL_Driver/Src/stm32u5xx_hal_rcc_ex.o
                0x08007ed0                HAL_RCCEx_GetPLL1ClockFreq
 .text.HAL_RCCEx_GetPLL2ClockFreq
                0x08008188      0x2b8 ./Drivers/STM32U5xx_HAL_Driver/Src/stm32u5xx_hal_rcc_ex.o
                0x08008188                HAL_RCCEx_GetPLL2ClockFreq
 .text.HAL_RCCEx_GetPLL3ClockFreq
                0x08008440      0x2b8 ./Drivers/STM32U5xx_HAL_Driver/Src/stm32u5xx_hal_rcc_ex.o
                0x08008440                HAL_RCCEx_GetPLL3ClockFreq
 .text.HAL_RCCEx_GetPeriphCLKFreq
                0x080086f8     0x16c4 ./Drivers/STM32U5xx_HAL_Driver/Src/stm32u5xx_hal_rcc_ex.o
                0x080086f8                HAL_RCCEx_GetPeriphCLKFreq
 .text.RCCEx_PLL2_Config
                0x08009dbc      0x130 ./Drivers/STM32U5xx_HAL_Driver/Src/stm32u5xx_hal_rcc_ex.o
 .text.RCCEx_PLL3_Config
                0x08009eec      0x130 ./Drivers/STM32U5xx_HAL_Driver/Src/stm32u5xx_hal_rcc_ex.o
 .text.HAL_SPI_Init
                0x0800a01c      0x22c ./Drivers/STM32U5xx_HAL_Driver/Src/stm32u5xx_hal_spi.o
                0x0800a01c                HAL_SPI_Init
 .text.HAL_SPI_Transmit
                0x0800a248      0x420 ./Drivers/STM32U5xx_HAL_Driver/Src/stm32u5xx_hal_spi.o
                0x0800a248                HAL_SPI_Transmit
 .text.HAL_SPI_Receive
                0x0800a668      0x344 ./Drivers/STM32U5xx_HAL_Driver/Src/stm32u5xx_hal_spi.o
                0x0800a668                HAL_SPI_Receive
 .text.HAL_SPI_GetState
                0x0800a9ac       0x1c ./Drivers/STM32U5xx_HAL_Driver/Src/stm32u5xx_hal_spi.o
                0x0800a9ac                HAL_SPI_GetState
 .text.SPI_CloseTransfer
                0x0800a9c8      0x140 ./Drivers/STM32U5xx_HAL_Driver/Src/stm32u5xx_hal_spi.o
 .text.SPI_WaitOnFlagUntilTimeout
                0x0800ab08       0x5c ./Drivers/STM32U5xx_HAL_Driver/Src/stm32u5xx_hal_spi.o
 .text.SPI_GetPacketSize
                0x0800ab64       0x36 ./Drivers/STM32U5xx_HAL_Driver/Src/stm32u5xx_hal_spi.o
 .text.HAL_SPIEx_SetConfigAutonomousMode
                0x0800ab9a       0x82 ./Drivers/STM32U5xx_HAL_Driver/Src/stm32u5xx_hal_spi_ex.o
                0x0800ab9a                HAL_SPIEx_SetConfigAutonomousMode
 .text.HAL_TIM_Base_Init
                0x0800ac1c       0xae ./Drivers/STM32U5xx_HAL_Driver/Src/stm32u5xx_hal_tim.o
                0x0800ac1c                HAL_TIM_Base_Init
 *fill*         0x0800acca        0x2 
 .text.HAL_TIM_ConfigClockSource
                0x0800accc      0x204 ./Drivers/STM32U5xx_HAL_Driver/Src/stm32u5xx_hal_tim.o
                0x0800accc                HAL_TIM_ConfigClockSource
 .text.TIM_Base_SetConfig
                0x0800aed0      0x20c ./Drivers/STM32U5xx_HAL_Driver/Src/stm32u5xx_hal_tim.o
                0x0800aed0                TIM_Base_SetConfig
 .text.TIM_TI1_ConfigInputStage
                0x0800b0dc       0x5e ./Drivers/STM32U5xx_HAL_Driver/Src/stm32u5xx_hal_tim.o
 .text.TIM_TI2_ConfigInputStage
                0x0800b13a       0x60 ./Drivers/STM32U5xx_HAL_Driver/Src/stm32u5xx_hal_tim.o
 .text.TIM_ITRx_SetConfig
                0x0800b19a       0x3a ./Drivers/STM32U5xx_HAL_Driver/Src/stm32u5xx_hal_tim.o
 .text.TIM_ETR_SetConfig
                0x0800b1d4       0x40 ./Drivers/STM32U5xx_HAL_Driver/Src/stm32u5xx_hal_tim.o
                0x0800b1d4                TIM_ETR_SetConfig
 .text.HAL_TIMEx_MasterConfigSynchronization
                0x0800b214      0x184 ./Drivers/STM32U5xx_HAL_Driver/Src/stm32u5xx_hal_tim_ex.o
                0x0800b214                HAL_TIMEx_MasterConfigSynchronization
 .text.HAL_UART_Init
                0x0800b398       0xa0 ./Drivers/STM32U5xx_HAL_Driver/Src/stm32u5xx_hal_uart.o
                0x0800b398                HAL_UART_Init
 .text.HAL_UART_MspInit
                0x0800b438       0x14 ./Drivers/STM32U5xx_HAL_Driver/Src/stm32u5xx_hal_uart.o
                0x0800b438                HAL_UART_MspInit
 .text.HAL_UART_Transmit
                0x0800b44c      0x11c ./Drivers/STM32U5xx_HAL_Driver/Src/stm32u5xx_hal_uart.o
                0x0800b44c                HAL_UART_Transmit
 .text.HAL_UART_Receive
                0x0800b568      0x190 ./Drivers/STM32U5xx_HAL_Driver/Src/stm32u5xx_hal_uart.o
                0x0800b568                HAL_UART_Receive
 .text.UART_SetConfig
                0x0800b6f8      0x35c ./Drivers/STM32U5xx_HAL_Driver/Src/stm32u5xx_hal_uart.o
                0x0800b6f8                UART_SetConfig
 .text.UART_AdvFeatureConfig
                0x0800ba54      0x144 ./Drivers/STM32U5xx_HAL_Driver/Src/stm32u5xx_hal_uart.o
                0x0800ba54                UART_AdvFeatureConfig
 .text.UART_CheckIdleState
                0x0800bb98      0x154 ./Drivers/STM32U5xx_HAL_Driver/Src/stm32u5xx_hal_uart.o
                0x0800bb98                UART_CheckIdleState
 .text.UART_WaitOnFlagUntilTimeout
                0x0800bcec       0xda ./Drivers/STM32U5xx_HAL_Driver/Src/stm32u5xx_hal_uart.o
                0x0800bcec                UART_WaitOnFlagUntilTimeout
 .text.UART_EndRxTransfer
                0x0800bdc6       0xcc ./Drivers/STM32U5xx_HAL_Driver/Src/stm32u5xx_hal_uart.o
 .text._ZdlPvj  0x0800be92        0x4 C:/ST/STM32CubeIDE_1.16.0/STM32CubeIDE/plugins/com.st.stm32cube.ide.mcu.externaltools.gnu-tools-for-stm32.12.3.rel1.win32_1.0.200.202406191623/tools/bin/../lib/gcc/arm-none-eabi/12.3.1/../../../../arm-none-eabi/lib/thumb/v8-m.main+fp/hard\libstdc++_nano.a(del_ops.o)
                0x0800be92                operator delete(void*, unsigned int)
 .text._ZdlPv   0x0800be96        0x4 C:/ST/STM32CubeIDE_1.16.0/STM32CubeIDE/plugins/com.st.stm32cube.ide.mcu.externaltools.gnu-tools-for-stm32.12.3.rel1.win32_1.0.200.202406191623/tools/bin/../lib/gcc/arm-none-eabi/12.3.1/../../../../arm-none-eabi/lib/thumb/v8-m.main+fp/hard\libstdc++_nano.a(del_op.o)
                0x0800be96                operator delete(void*)
 *fill*         0x0800be9a        0x2 
 .text.malloc   0x0800be9c       0x10 C:/ST/STM32CubeIDE_1.16.0/STM32CubeIDE/plugins/com.st.stm32cube.ide.mcu.externaltools.gnu-tools-for-stm32.12.3.rel1.win32_1.0.200.202406191623/tools/bin/../lib/gcc/arm-none-eabi/12.3.1/../../../../arm-none-eabi/lib/thumb/v8-m.main+fp/hard\libc_nano.a(libc_a-malloc.o)
                0x0800be9c                malloc
 .text.free     0x0800beac       0x10 C:/ST/STM32CubeIDE_1.16.0/STM32CubeIDE/plugins/com.st.stm32cube.ide.mcu.externaltools.gnu-tools-for-stm32.12.3.rel1.win32_1.0.200.202406191623/tools/bin/../lib/gcc/arm-none-eabi/12.3.1/../../../../arm-none-eabi/lib/thumb/v8-m.main+fp/hard\libc_nano.a(libc_a-malloc.o)
                0x0800beac                free
 .text.sbrk_aligned
                0x0800bebc       0x44 C:/ST/STM32CubeIDE_1.16.0/STM32CubeIDE/plugins/com.st.stm32cube.ide.mcu.externaltools.gnu-tools-for-stm32.12.3.rel1.win32_1.0.200.202406191623/tools/bin/../lib/gcc/arm-none-eabi/12.3.1/../../../../arm-none-eabi/lib/thumb/v8-m.main+fp/hard\libc_nano.a(libc_a-mallocr.o)
 .text._malloc_r
                0x0800bf00      0x100 C:/ST/STM32CubeIDE_1.16.0/STM32CubeIDE/plugins/com.st.stm32cube.ide.mcu.externaltools.gnu-tools-for-stm32.12.3.rel1.win32_1.0.200.202406191623/tools/bin/../lib/gcc/arm-none-eabi/12.3.1/../../../../arm-none-eabi/lib/thumb/v8-m.main+fp/hard\libc_nano.a(libc_a-mallocr.o)
                0x0800bf00                _malloc_r
 .text.__malloc_lock
                0x0800c000        0xc C:/ST/STM32CubeIDE_1.16.0/STM32CubeIDE/plugins/com.st.stm32cube.ide.mcu.externaltools.gnu-tools-for-stm32.12.3.rel1.win32_1.0.200.202406191623/tools/bin/../lib/gcc/arm-none-eabi/12.3.1/../../../../arm-none-eabi/lib/thumb/v8-m.main+fp/hard\libc_nano.a(libc_a-mlock.o)
                0x0800c000                __malloc_lock
 .text.__malloc_unlock
                0x0800c00c        0xc C:/ST/STM32CubeIDE_1.16.0/STM32CubeIDE/plugins/com.st.stm32cube.ide.mcu.externaltools.gnu-tools-for-stm32.12.3.rel1.win32_1.0.200.202406191623/tools/bin/../lib/gcc/arm-none-eabi/12.3.1/../../../../arm-none-eabi/lib/thumb/v8-m.main+fp/hard\libc_nano.a(libc_a-mlock.o)
                0x0800c00c                __malloc_unlock
 .text.__cvt    0x0800c018       0xca C:/ST/STM32CubeIDE_1.16.0/STM32CubeIDE/plugins/com.st.stm32cube.ide.mcu.externaltools.gnu-tools-for-stm32.12.3.rel1.win32_1.0.200.202406191623/tools/bin/../lib/gcc/arm-none-eabi/12.3.1/../../../../arm-none-eabi/lib/thumb/v8-m.main+fp/hard\libc_nano.a(libc_a-nano-vfprintf_float.o)
                0x0800c018                __cvt
 .text.__exponent
                0x0800c0e2       0x72 C:/ST/STM32CubeIDE_1.16.0/STM32CubeIDE/plugins/com.st.stm32cube.ide.mcu.externaltools.gnu-tools-for-stm32.12.3.rel1.win32_1.0.200.202406191623/tools/bin/../lib/gcc/arm-none-eabi/12.3.1/../../../../arm-none-eabi/lib/thumb/v8-m.main+fp/hard\libc_nano.a(libc_a-nano-vfprintf_float.o)
                0x0800c0e2                __exponent
 .text._printf_float
                0x0800c154      0x454 C:/ST/STM32CubeIDE_1.16.0/STM32CubeIDE/plugins/com.st.stm32cube.ide.mcu.externaltools.gnu-tools-for-stm32.12.3.rel1.win32_1.0.200.202406191623/tools/bin/../lib/gcc/arm-none-eabi/12.3.1/../../../../arm-none-eabi/lib/thumb/v8-m.main+fp/hard\libc_nano.a(libc_a-nano-vfprintf_float.o)
                0x0800c154                _printf_float
 .text._printf_common
                0x0800c5a8       0xe4 C:/ST/STM32CubeIDE_1.16.0/STM32CubeIDE/plugins/com.st.stm32cube.ide.mcu.externaltools.gnu-tools-for-stm32.12.3.rel1.win32_1.0.200.202406191623/tools/bin/../lib/gcc/arm-none-eabi/12.3.1/../../../../arm-none-eabi/lib/thumb/v8-m.main+fp/hard\libc_nano.a(libc_a-nano-vfprintf_i.o)
                0x0800c5a8                _printf_common
 .text._printf_i
                0x0800c68c      0x240 C:/ST/STM32CubeIDE_1.16.0/STM32CubeIDE/plugins/com.st.stm32cube.ide.mcu.externaltools.gnu-tools-for-stm32.12.3.rel1.win32_1.0.200.202406191623/tools/bin/../lib/gcc/arm-none-eabi/12.3.1/../../../../arm-none-eabi/lib/thumb/v8-m.main+fp/hard\libc_nano.a(libc_a-nano-vfprintf_i.o)
                0x0800c68c                _printf_i
 .text._scanf_float
                0x0800c8cc      0x424 C:/ST/STM32CubeIDE_1.16.0/STM32CubeIDE/plugins/com.st.stm32cube.ide.mcu.externaltools.gnu-tools-for-stm32.12.3.rel1.win32_1.0.200.202406191623/tools/bin/../lib/gcc/arm-none-eabi/12.3.1/../../../../arm-none-eabi/lib/thumb/v8-m.main+fp/hard\libc_nano.a(libc_a-nano-vfscanf_float.o)
                0x0800c8cc                _scanf_float
 .text.std      0x0800ccf0       0x6c C:/ST/STM32CubeIDE_1.16.0/STM32CubeIDE/plugins/com.st.stm32cube.ide.mcu.externaltools.gnu-tools-for-stm32.12.3.rel1.win32_1.0.200.202406191623/tools/bin/../lib/gcc/arm-none-eabi/12.3.1/../../../../arm-none-eabi/lib/thumb/v8-m.main+fp/hard\libc_nano.a(libc_a-findfp.o)
 .text.stdio_exit_handler
                0x0800cd5c       0x18 C:/ST/STM32CubeIDE_1.16.0/STM32CubeIDE/plugins/com.st.stm32cube.ide.mcu.externaltools.gnu-tools-for-stm32.12.3.rel1.win32_1.0.200.202406191623/tools/bin/../lib/gcc/arm-none-eabi/12.3.1/../../../../arm-none-eabi/lib/thumb/v8-m.main+fp/hard\libc_nano.a(libc_a-findfp.o)
 .text.cleanup_stdio
                0x0800cd74       0x40 C:/ST/STM32CubeIDE_1.16.0/STM32CubeIDE/plugins/com.st.stm32cube.ide.mcu.externaltools.gnu-tools-for-stm32.12.3.rel1.win32_1.0.200.202406191623/tools/bin/../lib/gcc/arm-none-eabi/12.3.1/../../../../arm-none-eabi/lib/thumb/v8-m.main+fp/hard\libc_nano.a(libc_a-findfp.o)
 .text.global_stdio_init.part.0
                0x0800cdb4       0x3c C:/ST/STM32CubeIDE_1.16.0/STM32CubeIDE/plugins/com.st.stm32cube.ide.mcu.externaltools.gnu-tools-for-stm32.12.3.rel1.win32_1.0.200.202406191623/tools/bin/../lib/gcc/arm-none-eabi/12.3.1/../../../../arm-none-eabi/lib/thumb/v8-m.main+fp/hard\libc_nano.a(libc_a-findfp.o)
 .text.__sfp_lock_acquire
                0x0800cdf0        0xc C:/ST/STM32CubeIDE_1.16.0/STM32CubeIDE/plugins/com.st.stm32cube.ide.mcu.externaltools.gnu-tools-for-stm32.12.3.rel1.win32_1.0.200.202406191623/tools/bin/../lib/gcc/arm-none-eabi/12.3.1/../../../../arm-none-eabi/lib/thumb/v8-m.main+fp/hard\libc_nano.a(libc_a-findfp.o)
                0x0800cdf0                __sfp_lock_acquire
 .text.__sfp_lock_release
                0x0800cdfc        0xc C:/ST/STM32CubeIDE_1.16.0/STM32CubeIDE/plugins/com.st.stm32cube.ide.mcu.externaltools.gnu-tools-for-stm32.12.3.rel1.win32_1.0.200.202406191623/tools/bin/../lib/gcc/arm-none-eabi/12.3.1/../../../../arm-none-eabi/lib/thumb/v8-m.main+fp/hard\libc_nano.a(libc_a-findfp.o)
                0x0800cdfc                __sfp_lock_release
 .text.__sinit  0x0800ce08       0x30 C:/ST/STM32CubeIDE_1.16.0/STM32CubeIDE/plugins/com.st.stm32cube.ide.mcu.externaltools.gnu-tools-for-stm32.12.3.rel1.win32_1.0.200.202406191623/tools/bin/../lib/gcc/arm-none-eabi/12.3.1/../../../../arm-none-eabi/lib/thumb/v8-m.main+fp/hard\libc_nano.a(libc_a-findfp.o)
                0x0800ce08                __sinit
 .text._fwalk_sglue
                0x0800ce38       0x3c C:/ST/STM32CubeIDE_1.16.0/STM32CubeIDE/plugins/com.st.stm32cube.ide.mcu.externaltools.gnu-tools-for-stm32.12.3.rel1.win32_1.0.200.202406191623/tools/bin/../lib/gcc/arm-none-eabi/12.3.1/../../../../arm-none-eabi/lib/thumb/v8-m.main+fp/hard\libc_nano.a(libc_a-fwalk.o)
                0x0800ce38                _fwalk_sglue
 .text.printf   0x0800ce74       0x24 C:/ST/STM32CubeIDE_1.16.0/STM32CubeIDE/plugins/com.st.stm32cube.ide.mcu.externaltools.gnu-tools-for-stm32.12.3.rel1.win32_1.0.200.202406191623/tools/bin/../lib/gcc/arm-none-eabi/12.3.1/../../../../arm-none-eabi/lib/thumb/v8-m.main+fp/hard\libc_nano.a(libc_a-printf.o)
                0x0800ce74                iprintf
                0x0800ce74                printf
 .text._puts_r  0x0800ce98       0xaa C:/ST/STM32CubeIDE_1.16.0/STM32CubeIDE/plugins/com.st.stm32cube.ide.mcu.externaltools.gnu-tools-for-stm32.12.3.rel1.win32_1.0.200.202406191623/tools/bin/../lib/gcc/arm-none-eabi/12.3.1/../../../../arm-none-eabi/lib/thumb/v8-m.main+fp/hard\libc_nano.a(libc_a-puts.o)
                0x0800ce98                _puts_r
 *fill*         0x0800cf42        0x2 
 .text.puts     0x0800cf44       0x10 C:/ST/STM32CubeIDE_1.16.0/STM32CubeIDE/plugins/com.st.stm32cube.ide.mcu.externaltools.gnu-tools-for-stm32.12.3.rel1.win32_1.0.200.202406191623/tools/bin/../lib/gcc/arm-none-eabi/12.3.1/../../../../arm-none-eabi/lib/thumb/v8-m.main+fp/hard\libc_nano.a(libc_a-puts.o)
                0x0800cf44                puts
 .text.sprintf  0x0800cf54       0x40 C:/ST/STM32CubeIDE_1.16.0/STM32CubeIDE/plugins/com.st.stm32cube.ide.mcu.externaltools.gnu-tools-for-stm32.12.3.rel1.win32_1.0.200.202406191623/tools/bin/../lib/gcc/arm-none-eabi/12.3.1/../../../../arm-none-eabi/lib/thumb/v8-m.main+fp/hard\libc_nano.a(libc_a-sprintf.o)
                0x0800cf54                siprintf
                0x0800cf54                sprintf
 .text.__sread  0x0800cf94       0x22 C:/ST/STM32CubeIDE_1.16.0/STM32CubeIDE/plugins/com.st.stm32cube.ide.mcu.externaltools.gnu-tools-for-stm32.12.3.rel1.win32_1.0.200.202406191623/tools/bin/../lib/gcc/arm-none-eabi/12.3.1/../../../../arm-none-eabi/lib/thumb/v8-m.main+fp/hard\libc_nano.a(libc_a-stdio.o)
                0x0800cf94                __sread
 .text.__swrite
                0x0800cfb6       0x38 C:/ST/STM32CubeIDE_1.16.0/STM32CubeIDE/plugins/com.st.stm32cube.ide.mcu.externaltools.gnu-tools-for-stm32.12.3.rel1.win32_1.0.200.202406191623/tools/bin/../lib/gcc/arm-none-eabi/12.3.1/../../../../arm-none-eabi/lib/thumb/v8-m.main+fp/hard\libc_nano.a(libc_a-stdio.o)
                0x0800cfb6                __swrite
 .text.__sseek  0x0800cfee       0x24 C:/ST/STM32CubeIDE_1.16.0/STM32CubeIDE/plugins/com.st.stm32cube.ide.mcu.externaltools.gnu-tools-for-stm32.12.3.rel1.win32_1.0.200.202406191623/tools/bin/../lib/gcc/arm-none-eabi/12.3.1/../../../../arm-none-eabi/lib/thumb/v8-m.main+fp/hard\libc_nano.a(libc_a-stdio.o)
                0x0800cfee                __sseek
 .text.__sclose
                0x0800d012        0x8 C:/ST/STM32CubeIDE_1.16.0/STM32CubeIDE/plugins/com.st.stm32cube.ide.mcu.externaltools.gnu-tools-for-stm32.12.3.rel1.win32_1.0.200.202406191623/tools/bin/../lib/gcc/arm-none-eabi/12.3.1/../../../../arm-none-eabi/lib/thumb/v8-m.main+fp/hard\libc_nano.a(libc_a-stdio.o)
                0x0800d012                __sclose
 .text.__swbuf_r
                0x0800d01a       0x7c C:/ST/STM32CubeIDE_1.16.0/STM32CubeIDE/plugins/com.st.stm32cube.ide.mcu.externaltools.gnu-tools-for-stm32.12.3.rel1.win32_1.0.200.202406191623/tools/bin/../lib/gcc/arm-none-eabi/12.3.1/../../../../arm-none-eabi/lib/thumb/v8-m.main+fp/hard\libc_nano.a(libc_a-wbuf.o)
                0x0800d01a                __swbuf_r
 *fill*         0x0800d096        0x2 
 .text.__swsetup_r
                0x0800d098       0xac C:/ST/STM32CubeIDE_1.16.0/STM32CubeIDE/plugins/com.st.stm32cube.ide.mcu.externaltools.gnu-tools-for-stm32.12.3.rel1.win32_1.0.200.202406191623/tools/bin/../lib/gcc/arm-none-eabi/12.3.1/../../../../arm-none-eabi/lib/thumb/v8-m.main+fp/hard\libc_nano.a(libc_a-wsetup.o)
                0x0800d098                __swsetup_r
 .text.memcmp   0x0800d144       0x20 C:/ST/STM32CubeIDE_1.16.0/STM32CubeIDE/plugins/com.st.stm32cube.ide.mcu.externaltools.gnu-tools-for-stm32.12.3.rel1.win32_1.0.200.202406191623/tools/bin/../lib/gcc/arm-none-eabi/12.3.1/../../../../arm-none-eabi/lib/thumb/v8-m.main+fp/hard\libc_nano.a(libc_a-memcmp.o)
                0x0800d144                memcmp
 .text.memset   0x0800d164       0x10 C:/ST/STM32CubeIDE_1.16.0/STM32CubeIDE/plugins/com.st.stm32cube.ide.mcu.externaltools.gnu-tools-for-stm32.12.3.rel1.win32_1.0.200.202406191623/tools/bin/../lib/gcc/arm-none-eabi/12.3.1/../../../../arm-none-eabi/lib/thumb/v8-m.main+fp/hard\libc_nano.a(libc_a-memset.o)
                0x0800d164                memset
 .text._localeconv_r
                0x0800d174        0x8 C:/ST/STM32CubeIDE_1.16.0/STM32CubeIDE/plugins/com.st.stm32cube.ide.mcu.externaltools.gnu-tools-for-stm32.12.3.rel1.win32_1.0.200.202406191623/tools/bin/../lib/gcc/arm-none-eabi/12.3.1/../../../../arm-none-eabi/lib/thumb/v8-m.main+fp/hard\libc_nano.a(libc_a-localeconv.o)
                0x0800d174                _localeconv_r
 .text._close_r
                0x0800d17c       0x20 C:/ST/STM32CubeIDE_1.16.0/STM32CubeIDE/plugins/com.st.stm32cube.ide.mcu.externaltools.gnu-tools-for-stm32.12.3.rel1.win32_1.0.200.202406191623/tools/bin/../lib/gcc/arm-none-eabi/12.3.1/../../../../arm-none-eabi/lib/thumb/v8-m.main+fp/hard\libc_nano.a(libc_a-closer.o)
                0x0800d17c                _close_r
 .text._lseek_r
                0x0800d19c       0x24 C:/ST/STM32CubeIDE_1.16.0/STM32CubeIDE/plugins/com.st.stm32cube.ide.mcu.externaltools.gnu-tools-for-stm32.12.3.rel1.win32_1.0.200.202406191623/tools/bin/../lib/gcc/arm-none-eabi/12.3.1/../../../../arm-none-eabi/lib/thumb/v8-m.main+fp/hard\libc_nano.a(libc_a-lseekr.o)
                0x0800d19c                _lseek_r
 .text._read_r  0x0800d1c0       0x24 C:/ST/STM32CubeIDE_1.16.0/STM32CubeIDE/plugins/com.st.stm32cube.ide.mcu.externaltools.gnu-tools-for-stm32.12.3.rel1.win32_1.0.200.202406191623/tools/bin/../lib/gcc/arm-none-eabi/12.3.1/../../../../arm-none-eabi/lib/thumb/v8-m.main+fp/hard\libc_nano.a(libc_a-readr.o)
                0x0800d1c0                _read_r
 .text._sbrk_r  0x0800d1e4       0x20 C:/ST/STM32CubeIDE_1.16.0/STM32CubeIDE/plugins/com.st.stm32cube.ide.mcu.externaltools.gnu-tools-for-stm32.12.3.rel1.win32_1.0.200.202406191623/tools/bin/../lib/gcc/arm-none-eabi/12.3.1/../../../../arm-none-eabi/lib/thumb/v8-m.main+fp/hard\libc_nano.a(libc_a-sbrkr.o)
                0x0800d1e4                _sbrk_r
 .text._write_r
                0x0800d204       0x24 C:/ST/STM32CubeIDE_1.16.0/STM32CubeIDE/plugins/com.st.stm32cube.ide.mcu.externaltools.gnu-tools-for-stm32.12.3.rel1.win32_1.0.200.202406191623/tools/bin/../lib/gcc/arm-none-eabi/12.3.1/../../../../arm-none-eabi/lib/thumb/v8-m.main+fp/hard\libc_nano.a(libc_a-writer.o)
                0x0800d204                _write_r
 .text.__errno  0x0800d228        0xc C:/ST/STM32CubeIDE_1.16.0/STM32CubeIDE/plugins/com.st.stm32cube.ide.mcu.externaltools.gnu-tools-for-stm32.12.3.rel1.win32_1.0.200.202406191623/tools/bin/../lib/gcc/arm-none-eabi/12.3.1/../../../../arm-none-eabi/lib/thumb/v8-m.main+fp/hard\libc_nano.a(libc_a-errno.o)
                0x0800d228                __errno
 .text.__libc_init_array
                0x0800d234       0x48 C:/ST/STM32CubeIDE_1.16.0/STM32CubeIDE/plugins/com.st.stm32cube.ide.mcu.externaltools.gnu-tools-for-stm32.12.3.rel1.win32_1.0.200.202406191623/tools/bin/../lib/gcc/arm-none-eabi/12.3.1/../../../../arm-none-eabi/lib/thumb/v8-m.main+fp/hard\libc_nano.a(libc_a-init.o)
                0x0800d234                __libc_init_array
 .text.__retarget_lock_init_recursive
                0x0800d27c        0x2 C:/ST/STM32CubeIDE_1.16.0/STM32CubeIDE/plugins/com.st.stm32cube.ide.mcu.externaltools.gnu-tools-for-stm32.12.3.rel1.win32_1.0.200.202406191623/tools/bin/../lib/gcc/arm-none-eabi/12.3.1/../../../../arm-none-eabi/lib/thumb/v8-m.main+fp/hard\libc_nano.a(libc_a-lock.o)
                0x0800d27c                __retarget_lock_init_recursive
 .text.__retarget_lock_acquire_recursive
                0x0800d27e        0x2 C:/ST/STM32CubeIDE_1.16.0/STM32CubeIDE/plugins/com.st.stm32cube.ide.mcu.externaltools.gnu-tools-for-stm32.12.3.rel1.win32_1.0.200.202406191623/tools/bin/../lib/gcc/arm-none-eabi/12.3.1/../../../../arm-none-eabi/lib/thumb/v8-m.main+fp/hard\libc_nano.a(libc_a-lock.o)
                0x0800d27e                __retarget_lock_acquire_recursive
 .text.__retarget_lock_release_recursive
                0x0800d280        0x2 C:/ST/STM32CubeIDE_1.16.0/STM32CubeIDE/plugins/com.st.stm32cube.ide.mcu.externaltools.gnu-tools-for-stm32.12.3.rel1.win32_1.0.200.202406191623/tools/bin/../lib/gcc/arm-none-eabi/12.3.1/../../../../arm-none-eabi/lib/thumb/v8-m.main+fp/hard\libc_nano.a(libc_a-lock.o)
                0x0800d280                __retarget_lock_release_recursive
 .text.memchr   0x0800d282       0x1c C:/ST/STM32CubeIDE_1.16.0/STM32CubeIDE/plugins/com.st.stm32cube.ide.mcu.externaltools.gnu-tools-for-stm32.12.3.rel1.win32_1.0.200.202406191623/tools/bin/../lib/gcc/arm-none-eabi/12.3.1/../../../../arm-none-eabi/lib/thumb/v8-m.main+fp/hard\libc_nano.a(libc_a-memchr-stub.o)
                0x0800d282                memchr
 .text.memcpy   0x0800d29e       0x1a C:/ST/STM32CubeIDE_1.16.0/STM32CubeIDE/plugins/com.st.stm32cube.ide.mcu.externaltools.gnu-tools-for-stm32.12.3.rel1.win32_1.0.200.202406191623/tools/bin/../lib/gcc/arm-none-eabi/12.3.1/../../../../arm-none-eabi/lib/thumb/v8-m.main+fp/hard\libc_nano.a(libc_a-memcpy-stub.o)
                0x0800d29e                memcpy
 .text.nanf     0x0800d2b8        0xc C:/ST/STM32CubeIDE_1.16.0/STM32CubeIDE/plugins/com.st.stm32cube.ide.mcu.externaltools.gnu-tools-for-stm32.12.3.rel1.win32_1.0.200.202406191623/tools/bin/../lib/gcc/arm-none-eabi/12.3.1/../../../../arm-none-eabi/lib/thumb/v8-m.main+fp/hard\libc_nano.a(libm_a-sf_nan.o)
                0x0800d2b8                nanf
 .text.quorem   0x0800d2c4      0x11a C:/ST/STM32CubeIDE_1.16.0/STM32CubeIDE/plugins/com.st.stm32cube.ide.mcu.externaltools.gnu-tools-for-stm32.12.3.rel1.win32_1.0.200.202406191623/tools/bin/../lib/gcc/arm-none-eabi/12.3.1/../../../../arm-none-eabi/lib/thumb/v8-m.main+fp/hard\libc_nano.a(libc_a-dtoa.o)
 *fill*         0x0800d3de        0x2 
 .text._dtoa_r  0x0800d3e0      0xb88 C:/ST/STM32CubeIDE_1.16.0/STM32CubeIDE/plugins/com.st.stm32cube.ide.mcu.externaltools.gnu-tools-for-stm32.12.3.rel1.win32_1.0.200.202406191623/tools/bin/../lib/gcc/arm-none-eabi/12.3.1/../../../../arm-none-eabi/lib/thumb/v8-m.main+fp/hard\libc_nano.a(libc_a-dtoa.o)
                0x0800d3e0                _dtoa_r
 .text._free_r  0x0800df68       0x94 C:/ST/STM32CubeIDE_1.16.0/STM32CubeIDE/plugins/com.st.stm32cube.ide.mcu.externaltools.gnu-tools-for-stm32.12.3.rel1.win32_1.0.200.202406191623/tools/bin/../lib/gcc/arm-none-eabi/12.3.1/../../../../arm-none-eabi/lib/thumb/v8-m.main+fp/hard\libc_nano.a(libc_a-freer.o)
                0x0800df68                _free_r
 .text._Balloc  0x0800dffc       0x80 C:/ST/STM32CubeIDE_1.16.0/STM32CubeIDE/plugins/com.st.stm32cube.ide.mcu.externaltools.gnu-tools-for-stm32.12.3.rel1.win32_1.0.200.202406191623/tools/bin/../lib/gcc/arm-none-eabi/12.3.1/../../../../arm-none-eabi/lib/thumb/v8-m.main+fp/hard\libc_nano.a(libc_a-mprec.o)
                0x0800dffc                _Balloc
 .text._Bfree   0x0800e07c       0x44 C:/ST/STM32CubeIDE_1.16.0/STM32CubeIDE/plugins/com.st.stm32cube.ide.mcu.externaltools.gnu-tools-for-stm32.12.3.rel1.win32_1.0.200.202406191623/tools/bin/../lib/gcc/arm-none-eabi/12.3.1/../../../../arm-none-eabi/lib/thumb/v8-m.main+fp/hard\libc_nano.a(libc_a-mprec.o)
                0x0800e07c                _Bfree
 .text.__multadd
                0x0800e0c0       0x90 C:/ST/STM32CubeIDE_1.16.0/STM32CubeIDE/plugins/com.st.stm32cube.ide.mcu.externaltools.gnu-tools-for-stm32.12.3.rel1.win32_1.0.200.202406191623/tools/bin/../lib/gcc/arm-none-eabi/12.3.1/../../../../arm-none-eabi/lib/thumb/v8-m.main+fp/hard\libc_nano.a(libc_a-mprec.o)
                0x0800e0c0                __multadd
 .text.__s2b    0x0800e150       0x94 C:/ST/STM32CubeIDE_1.16.0/STM32CubeIDE/plugins/com.st.stm32cube.ide.mcu.externaltools.gnu-tools-for-stm32.12.3.rel1.win32_1.0.200.202406191623/tools/bin/../lib/gcc/arm-none-eabi/12.3.1/../../../../arm-none-eabi/lib/thumb/v8-m.main+fp/hard\libc_nano.a(libc_a-mprec.o)
                0x0800e150                __s2b
 .text.__hi0bits
                0x0800e1e4       0x3e C:/ST/STM32CubeIDE_1.16.0/STM32CubeIDE/plugins/com.st.stm32cube.ide.mcu.externaltools.gnu-tools-for-stm32.12.3.rel1.win32_1.0.200.202406191623/tools/bin/../lib/gcc/arm-none-eabi/12.3.1/../../../../arm-none-eabi/lib/thumb/v8-m.main+fp/hard\libc_nano.a(libc_a-mprec.o)
                0x0800e1e4                __hi0bits
 .text.__lo0bits
                0x0800e222       0x5a C:/ST/STM32CubeIDE_1.16.0/STM32CubeIDE/plugins/com.st.stm32cube.ide.mcu.externaltools.gnu-tools-for-stm32.12.3.rel1.win32_1.0.200.202406191623/tools/bin/../lib/gcc/arm-none-eabi/12.3.1/../../../../arm-none-eabi/lib/thumb/v8-m.main+fp/hard\libc_nano.a(libc_a-mprec.o)
                0x0800e222                __lo0bits
 .text.__i2b    0x0800e27c       0x2c C:/ST/STM32CubeIDE_1.16.0/STM32CubeIDE/plugins/com.st.stm32cube.ide.mcu.externaltools.gnu-tools-for-stm32.12.3.rel1.win32_1.0.200.202406191623/tools/bin/../lib/gcc/arm-none-eabi/12.3.1/../../../../arm-none-eabi/lib/thumb/v8-m.main+fp/hard\libc_nano.a(libc_a-mprec.o)
                0x0800e27c                __i2b
 .text.__multiply
                0x0800e2a8      0x154 C:/ST/STM32CubeIDE_1.16.0/STM32CubeIDE/plugins/com.st.stm32cube.ide.mcu.externaltools.gnu-tools-for-stm32.12.3.rel1.win32_1.0.200.202406191623/tools/bin/../lib/gcc/arm-none-eabi/12.3.1/../../../../arm-none-eabi/lib/thumb/v8-m.main+fp/hard\libc_nano.a(libc_a-mprec.o)
                0x0800e2a8                __multiply
 .text.__pow5mult
                0x0800e3fc       0xb4 C:/ST/STM32CubeIDE_1.16.0/STM32CubeIDE/plugins/com.st.stm32cube.ide.mcu.externaltools.gnu-tools-for-stm32.12.3.rel1.win32_1.0.200.202406191623/tools/bin/../lib/gcc/arm-none-eabi/12.3.1/../../../../arm-none-eabi/lib/thumb/v8-m.main+fp/hard\libc_nano.a(libc_a-mprec.o)
                0x0800e3fc                __pow5mult
 .text.__lshift
                0x0800e4b0       0xd8 C:/ST/STM32CubeIDE_1.16.0/STM32CubeIDE/plugins/com.st.stm32cube.ide.mcu.externaltools.gnu-tools-for-stm32.12.3.rel1.win32_1.0.200.202406191623/tools/bin/../lib/gcc/arm-none-eabi/12.3.1/../../../../arm-none-eabi/lib/thumb/v8-m.main+fp/hard\libc_nano.a(libc_a-mprec.o)
                0x0800e4b0                __lshift
 .text.__mcmp   0x0800e588       0x36 C:/ST/STM32CubeIDE_1.16.0/STM32CubeIDE/plugins/com.st.stm32cube.ide.mcu.externaltools.gnu-tools-for-stm32.12.3.rel1.win32_1.0.200.202406191623/tools/bin/../lib/gcc/arm-none-eabi/12.3.1/../../../../arm-none-eabi/lib/thumb/v8-m.main+fp/hard\libc_nano.a(libc_a-mprec.o)
                0x0800e588                __mcmp
 *fill*         0x0800e5be        0x2 
 .text.__mdiff  0x0800e5c0      0x130 C:/ST/STM32CubeIDE_1.16.0/STM32CubeIDE/plugins/com.st.stm32cube.ide.mcu.externaltools.gnu-tools-for-stm32.12.3.rel1.win32_1.0.200.202406191623/tools/bin/../lib/gcc/arm-none-eabi/12.3.1/../../../../arm-none-eabi/lib/thumb/v8-m.main+fp/hard\libc_nano.a(libc_a-mprec.o)
                0x0800e5c0                __mdiff
 .text.__ulp    0x0800e6f0       0x4c C:/ST/STM32CubeIDE_1.16.0/STM32CubeIDE/plugins/com.st.stm32cube.ide.mcu.externaltools.gnu-tools-for-stm32.12.3.rel1.win32_1.0.200.202406191623/tools/bin/../lib/gcc/arm-none-eabi/12.3.1/../../../../arm-none-eabi/lib/thumb/v8-m.main+fp/hard\libc_nano.a(libc_a-mprec.o)
                0x0800e6f0                __ulp
 .text.__b2d    0x0800e73c       0x9c C:/ST/STM32CubeIDE_1.16.0/STM32CubeIDE/plugins/com.st.stm32cube.ide.mcu.externaltools.gnu-tools-for-stm32.12.3.rel1.win32_1.0.200.202406191623/tools/bin/../lib/gcc/arm-none-eabi/12.3.1/../../../../arm-none-eabi/lib/thumb/v8-m.main+fp/hard\libc_nano.a(libc_a-mprec.o)
                0x0800e73c                __b2d
 .text.__d2b    0x0800e7d8       0xb0 C:/ST/STM32CubeIDE_1.16.0/STM32CubeIDE/plugins/com.st.stm32cube.ide.mcu.externaltools.gnu-tools-for-stm32.12.3.rel1.win32_1.0.200.202406191623/tools/bin/../lib/gcc/arm-none-eabi/12.3.1/../../../../arm-none-eabi/lib/thumb/v8-m.main+fp/hard\libc_nano.a(libc_a-mprec.o)
                0x0800e7d8                __d2b
 .text.__ratio  0x0800e888       0x64 C:/ST/STM32CubeIDE_1.16.0/STM32CubeIDE/plugins/com.st.stm32cube.ide.mcu.externaltools.gnu-tools-for-stm32.12.3.rel1.win32_1.0.200.202406191623/tools/bin/../lib/gcc/arm-none-eabi/12.3.1/../../../../arm-none-eabi/lib/thumb/v8-m.main+fp/hard\libc_nano.a(libc_a-mprec.o)
                0x0800e888                __ratio
 .text.__copybits
                0x0800e8ec       0x46 C:/ST/STM32CubeIDE_1.16.0/STM32CubeIDE/plugins/com.st.stm32cube.ide.mcu.externaltools.gnu-tools-for-stm32.12.3.rel1.win32_1.0.200.202406191623/tools/bin/../lib/gcc/arm-none-eabi/12.3.1/../../../../arm-none-eabi/lib/thumb/v8-m.main+fp/hard\libc_nano.a(libc_a-mprec.o)
                0x0800e8ec                __copybits
 .text.__any_on
                0x0800e932       0x42 C:/ST/STM32CubeIDE_1.16.0/STM32CubeIDE/plugins/com.st.stm32cube.ide.mcu.externaltools.gnu-tools-for-stm32.12.3.rel1.win32_1.0.200.202406191623/tools/bin/../lib/gcc/arm-none-eabi/12.3.1/../../../../arm-none-eabi/lib/thumb/v8-m.main+fp/hard\libc_nano.a(libc_a-mprec.o)
                0x0800e932                __any_on
 .text.sulp     0x0800e974       0x3c C:/ST/STM32CubeIDE_1.16.0/STM32CubeIDE/plugins/com.st.stm32cube.ide.mcu.externaltools.gnu-tools-for-stm32.12.3.rel1.win32_1.0.200.202406191623/tools/bin/../lib/gcc/arm-none-eabi/12.3.1/../../../../arm-none-eabi/lib/thumb/v8-m.main+fp/hard\libc_nano.a(libc_a-strtod.o)
 .text._strtod_l
                0x0800e9b0      0xbc8 C:/ST/STM32CubeIDE_1.16.0/STM32CubeIDE/plugins/com.st.stm32cube.ide.mcu.externaltools.gnu-tools-for-stm32.12.3.rel1.win32_1.0.200.202406191623/tools/bin/../lib/gcc/arm-none-eabi/12.3.1/../../../../arm-none-eabi/lib/thumb/v8-m.main+fp/hard\libc_nano.a(libc_a-strtod.o)
                0x0800e9b0                _strtod_l
 .text._strtod_r
                0x0800f578        0xc C:/ST/STM32CubeIDE_1.16.0/STM32CubeIDE/plugins/com.st.stm32cube.ide.mcu.externaltools.gnu-tools-for-stm32.12.3.rel1.win32_1.0.200.202406191623/tools/bin/../lib/gcc/arm-none-eabi/12.3.1/../../../../arm-none-eabi/lib/thumb/v8-m.main+fp/hard\libc_nano.a(libc_a-strtod.o)
                0x0800f578                _strtod_r
 .text._strtol_l.constprop.0
                0x0800f584       0xf4 C:/ST/STM32CubeIDE_1.16.0/STM32CubeIDE/plugins/com.st.stm32cube.ide.mcu.externaltools.gnu-tools-for-stm32.12.3.rel1.win32_1.0.200.202406191623/tools/bin/../lib/gcc/arm-none-eabi/12.3.1/../../../../arm-none-eabi/lib/thumb/v8-m.main+fp/hard\libc_nano.a(libc_a-strtol.o)
 .text._strtol_r
                0x0800f678        0x4 C:/ST/STM32CubeIDE_1.16.0/STM32CubeIDE/plugins/com.st.stm32cube.ide.mcu.externaltools.gnu-tools-for-stm32.12.3.rel1.win32_1.0.200.202406191623/tools/bin/../lib/gcc/arm-none-eabi/12.3.1/../../../../arm-none-eabi/lib/thumb/v8-m.main+fp/hard\libc_nano.a(libc_a-strtol.o)
                0x0800f678                _strtol_r
 .text.__ssputs_r
                0x0800f67c       0xb6 C:/ST/STM32CubeIDE_1.16.0/STM32CubeIDE/plugins/com.st.stm32cube.ide.mcu.externaltools.gnu-tools-for-stm32.12.3.rel1.win32_1.0.200.202406191623/tools/bin/../lib/gcc/arm-none-eabi/12.3.1/../../../../arm-none-eabi/lib/thumb/v8-m.main+fp/hard\libc_nano.a(libc_a-nano-svfprintf.o)
                0x0800f67c                __ssputs_r
 *fill*         0x0800f732        0x2 
 .text._svfprintf_r
                0x0800f734      0x1f8 C:/ST/STM32CubeIDE_1.16.0/STM32CubeIDE/plugins/com.st.stm32cube.ide.mcu.externaltools.gnu-tools-for-stm32.12.3.rel1.win32_1.0.200.202406191623/tools/bin/../lib/gcc/arm-none-eabi/12.3.1/../../../../arm-none-eabi/lib/thumb/v8-m.main+fp/hard\libc_nano.a(libc_a-nano-svfprintf.o)
                0x0800f734                _svfiprintf_r
                0x0800f734                _svfprintf_r
 .text.__sfputc_r
                0x0800f92c       0x2e C:/ST/STM32CubeIDE_1.16.0/STM32CubeIDE/plugins/com.st.stm32cube.ide.mcu.externaltools.gnu-tools-for-stm32.12.3.rel1.win32_1.0.200.202406191623/tools/bin/../lib/gcc/arm-none-eabi/12.3.1/../../../../arm-none-eabi/lib/thumb/v8-m.main+fp/hard\libc_nano.a(libc_a-nano-vfprintf.o)
 .text.__sfputs_r
                0x0800f95a       0x24 C:/ST/STM32CubeIDE_1.16.0/STM32CubeIDE/plugins/com.st.stm32cube.ide.mcu.externaltools.gnu-tools-for-stm32.12.3.rel1.win32_1.0.200.202406191623/tools/bin/../lib/gcc/arm-none-eabi/12.3.1/../../../../arm-none-eabi/lib/thumb/v8-m.main+fp/hard\libc_nano.a(libc_a-nano-vfprintf.o)
                0x0800f95a                __sfputs_r
 *fill*         0x0800f97e        0x2 
 .text._vfprintf_r
                0x0800f980      0x230 C:/ST/STM32CubeIDE_1.16.0/STM32CubeIDE/plugins/com.st.stm32cube.ide.mcu.externaltools.gnu-tools-for-stm32.12.3.rel1.win32_1.0.200.202406191623/tools/bin/../lib/gcc/arm-none-eabi/12.3.1/../../../../arm-none-eabi/lib/thumb/v8-m.main+fp/hard\libc_nano.a(libc_a-nano-vfprintf.o)
                0x0800f980                _vfprintf_r
                0x0800f980                _vfiprintf_r
 .text.__sflush_r
                0x0800fbb0      0x108 C:/ST/STM32CubeIDE_1.16.0/STM32CubeIDE/plugins/com.st.stm32cube.ide.mcu.externaltools.gnu-tools-for-stm32.12.3.rel1.win32_1.0.200.202406191623/tools/bin/../lib/gcc/arm-none-eabi/12.3.1/../../../../arm-none-eabi/lib/thumb/v8-m.main+fp/hard\libc_nano.a(libc_a-fflush.o)
                0x0800fbb0                __sflush_r
 .text._fflush_r
                0x0800fcb8       0x50 C:/ST/STM32CubeIDE_1.16.0/STM32CubeIDE/plugins/com.st.stm32cube.ide.mcu.externaltools.gnu-tools-for-stm32.12.3.rel1.win32_1.0.200.202406191623/tools/bin/../lib/gcc/arm-none-eabi/12.3.1/../../../../arm-none-eabi/lib/thumb/v8-m.main+fp/hard\libc_nano.a(libc_a-fflush.o)
                0x0800fcb8                _fflush_r
 .text.__swhatbuf_r
                0x0800fd08       0x4a C:/ST/STM32CubeIDE_1.16.0/STM32CubeIDE/plugins/com.st.stm32cube.ide.mcu.externaltools.gnu-tools-for-stm32.12.3.rel1.win32_1.0.200.202406191623/tools/bin/../lib/gcc/arm-none-eabi/12.3.1/../../../../arm-none-eabi/lib/thumb/v8-m.main+fp/hard\libc_nano.a(libc_a-makebuf.o)
                0x0800fd08                __swhatbuf_r
 .text.__smakebuf_r
                0x0800fd52       0x78 C:/ST/STM32CubeIDE_1.16.0/STM32CubeIDE/plugins/com.st.stm32cube.ide.mcu.externaltools.gnu-tools-for-stm32.12.3.rel1.win32_1.0.200.202406191623/tools/bin/../lib/gcc/arm-none-eabi/12.3.1/../../../../arm-none-eabi/lib/thumb/v8-m.main+fp/hard\libc_nano.a(libc_a-makebuf.o)
                0x0800fd52                __smakebuf_r
 .text.memmove  0x0800fdca       0x34 C:/ST/STM32CubeIDE_1.16.0/STM32CubeIDE/plugins/com.st.stm32cube.ide.mcu.externaltools.gnu-tools-for-stm32.12.3.rel1.win32_1.0.200.202406191623/tools/bin/../lib/gcc/arm-none-eabi/12.3.1/../../../../arm-none-eabi/lib/thumb/v8-m.main+fp/hard\libc_nano.a(libc_a-memmove.o)
                0x0800fdca                memmove
 .text.strncmp  0x0800fdfe       0x24 C:/ST/STM32CubeIDE_1.16.0/STM32CubeIDE/plugins/com.st.stm32cube.ide.mcu.externaltools.gnu-tools-for-stm32.12.3.rel1.win32_1.0.200.202406191623/tools/bin/../lib/gcc/arm-none-eabi/12.3.1/../../../../arm-none-eabi/lib/thumb/v8-m.main+fp/hard\libc_nano.a(libc_a-strncmp.o)
                0x0800fdfe                strncmp
 *fill*         0x0800fe22        0x2 
 .text._fstat_r
                0x0800fe24       0x24 C:/ST/STM32CubeIDE_1.16.0/STM32CubeIDE/plugins/com.st.stm32cube.ide.mcu.externaltools.gnu-tools-for-stm32.12.3.rel1.win32_1.0.200.202406191623/tools/bin/../lib/gcc/arm-none-eabi/12.3.1/../../../../arm-none-eabi/lib/thumb/v8-m.main+fp/hard\libc_nano.a(libc_a-fstatr.o)
                0x0800fe24                _fstat_r
 .text._isatty_r