Archive member included to satisfy reference by file (symbol)

C:/ST/STM32CubeIDE_1.16.1/STM32CubeIDE/plugins/com.st.stm32cube.ide.mcu.externaltools.gnu-tools-for-stm32.12.3.rel1.win32_1.0.200.202406191623/tools/bin/../lib/gcc/arm-none-eabi/12.3.1/../../../../arm-none-eabi/lib/thumb/v8-m.main+fp/hard\libstdc++_nano.a(del_ops.o)
                              ./Core/Lora/Inc/Sx126x_Lib/sx126x-hal.o (operator delete(void*, unsigned int))
C:/ST/STM32CubeIDE_1.16.1/STM32CubeIDE/plugins/com.st.stm32cube.ide.mcu.externaltools.gnu-tools-for-stm32.12.3.rel1.win32_1.0.200.202406191623/tools/bin/../lib/gcc/arm-none-eabi/12.3.1/../../../../arm-none-eabi/lib/thumb/v8-m.main+fp/hard\libstdc++_nano.a(del_op.o)
                              C:/ST/STM32CubeIDE_1.16.1/STM32CubeIDE/plugins/com.st.stm32cube.ide.mcu.externaltools.gnu-tools-for-stm32.12.3.rel1.win32_1.0.200.202406191623/tools/bin/../lib/gcc/arm-none-eabi/12.3.1/../../../../arm-none-eabi/lib/thumb/v8-m.main+fp/hard\libstdc++_nano.a(del_ops.o) (operator delete(void*))
C:/ST/STM32CubeIDE_1.16.1/STM32CubeIDE/plugins/com.st.stm32cube.ide.mcu.externaltools.gnu-tools-for-stm32.12.3.rel1.win32_1.0.200.202406191623/tools/bin/../lib/gcc/arm-none-eabi/12.3.1/../../../../arm-none-eabi/lib/thumb/v8-m.main+fp/hard\libc_nano.a(libc_a-exit.o)
                              C:/ST/STM32CubeIDE_1.16.1/STM32CubeIDE/plugins/com.st.stm32cube.ide.mcu.externaltools.gnu-tools-for-stm32.12.3.rel1.win32_1.0.200.202406191623/tools/bin/../lib/gcc/arm-none-eabi/12.3.1/../../../../arm-none-eabi/lib/thumb/v8-m.main+fp/hard/crt0.o (exit)
C:/ST/STM32CubeIDE_1.16.1/STM32CubeIDE/plugins/com.st.stm32cube.ide.mcu.externaltools.gnu-tools-for-stm32.12.3.rel1.win32_1.0.200.202406191623/tools/bin/../lib/gcc/arm-none-eabi/12.3.1/../../../../arm-none-eabi/lib/thumb/v8-m.main+fp/hard\libc_nano.a(libc_a-malloc.o)
                              C:/ST/STM32CubeIDE_1.16.1/STM32CubeIDE/plugins/com.st.stm32cube.ide.mcu.externaltools.gnu-tools-for-stm32.12.3.rel1.win32_1.0.200.202406191623/tools/bin/../lib/gcc/arm-none-eabi/12.3.1/../../../../arm-none-eabi/lib/thumb/v8-m.main+fp/hard\libstdc++_nano.a(del_op.o) (free)
C:/ST/STM32CubeIDE_1.16.1/STM32CubeIDE/plugins/com.st.stm32cube.ide.mcu.externaltools.gnu-tools-for-stm32.12.3.rel1.win32_1.0.200.202406191623/tools/bin/../lib/gcc/arm-none-eabi/12.3.1/../../../../arm-none-eabi/lib/thumb/v8-m.main+fp/hard\libc_nano.a(libc_a-mallocr.o)
                              C:/ST/STM32CubeIDE_1.16.1/STM32CubeIDE/plugins/com.st.stm32cube.ide.mcu.externaltools.gnu-tools-for-stm32.12.3.rel1.win32_1.0.200.202406191623/tools/bin/../lib/gcc/arm-none-eabi/12.3.1/../../../../arm-none-eabi/lib/thumb/v8-m.main+fp/hard\libc_nano.a(libc_a-malloc.o) (_malloc_r)
C:/ST/STM32CubeIDE_1.16.1/STM32CubeIDE/plugins/com.st.stm32cube.ide.mcu.externaltools.gnu-tools-for-stm32.12.3.rel1.win32_1.0.200.202406191623/tools/bin/../lib/gcc/arm-none-eabi/12.3.1/../../../../arm-none-eabi/lib/thumb/v8-m.main+fp/hard\libc_nano.a(libc_a-mlock.o)
                              C:/ST/STM32CubeIDE_1.16.1/STM32CubeIDE/plugins/com.st.stm32cube.ide.mcu.externaltools.gnu-tools-for-stm32.12.3.rel1.win32_1.0.200.202406191623/tools/bin/../lib/gcc/arm-none-eabi/12.3.1/../../../../arm-none-eabi/lib/thumb/v8-m.main+fp/hard\libc_nano.a(libc_a-mallocr.o) (__malloc_lock)
C:/ST/STM32CubeIDE_1.16.1/STM32CubeIDE/plugins/com.st.stm32cube.ide.mcu.externaltools.gnu-tools-for-stm32.12.3.rel1.win32_1.0.200.202406191623/tools/bin/../lib/gcc/arm-none-eabi/12.3.1/../../../../arm-none-eabi/lib/thumb/v8-m.main+fp/hard\libc_nano.a(libc_a-nano-vfprintf_float.o)
                              (_printf_float)
C:/ST/STM32CubeIDE_1.16.1/STM32CubeIDE/plugins/com.st.stm32cube.ide.mcu.externaltools.gnu-tools-for-stm32.12.3.rel1.win32_1.0.200.202406191623/tools/bin/../lib/gcc/arm-none-eabi/12.3.1/../../../../arm-none-eabi/lib/thumb/v8-m.main+fp/hard\libc_nano.a(libc_a-nano-vfprintf_i.o)
                              C:/ST/STM32CubeIDE_1.16.1/STM32CubeIDE/plugins/com.st.stm32cube.ide.mcu.externaltools.gnu-tools-for-stm32.12.3.rel1.win32_1.0.200.202406191623/tools/bin/../lib/gcc/arm-none-eabi/12.3.1/../../../../arm-none-eabi/lib/thumb/v8-m.main+fp/hard\libc_nano.a(libc_a-nano-vfprintf_float.o) (_printf_common)
C:/ST/STM32CubeIDE_1.16.1/STM32CubeIDE/plugins/com.st.stm32cube.ide.mcu.externaltools.gnu-tools-for-stm32.12.3.rel1.win32_1.0.200.202406191623/tools/bin/../lib/gcc/arm-none-eabi/12.3.1/../../../../arm-none-eabi/lib/thumb/v8-m.main+fp/hard\libc_nano.a(libc_a-nano-vfscanf_float.o)
                              (_scanf_float)
C:/ST/STM32CubeIDE_1.16.1/STM32CubeIDE/plugins/com.st.stm32cube.ide.mcu.externaltools.gnu-tools-for-stm32.12.3.rel1.win32_1.0.200.202406191623/tools/bin/../lib/gcc/arm-none-eabi/12.3.1/../../../../arm-none-eabi/lib/thumb/v8-m.main+fp/hard\libc_nano.a(libc_a-findfp.o)
[...]
Memory Configuration

Name             Origin             Length             Attributes
RAM              0x20000000         0x00270000         xrw
SRAM4            0x28000000         0x00004000         xrw
FLASH            0x08000000         0x00400000         xr
*default*        0x00000000         0xffffffff

Linker script and memory map

LOAD C:/ST/STM32CubeIDE_1.16.1/STM32CubeIDE/plugins/com.st.stm32cube.ide.mcu.externaltools.gnu-tools-for-stm32.12.3.rel1.win32_1.0.200.202406191623/tools/bin/../lib/gcc/arm-none-eabi/12.3.1/thumb/v8-m.main+fp/hard/crti.o
LOAD C:/ST/STM32CubeIDE_1.16.1/STM32CubeIDE/plugins/com.st.stm32cube.ide.mcu.externaltools.gnu-tools-for-stm32.12.3.rel1.win32_1.0.200.202406191623/tools/bin/../lib/gcc/arm-none-eabi/12.3.1/thumb/v8-m.main+fp/hard/crtbegin.o
LOAD C:/ST/STM32CubeIDE_1.16.1/STM32CubeIDE/plugins/com.st.stm32cube.ide.mcu.externaltools.gnu-tools-for-stm32.12.3.rel1.win32_1.0.200.202406191623/tools/bin/../lib/gcc/arm-none-eabi/12.3.1/../../../../arm-none-eabi/lib/thumb/v8-m.main+fp/hard/crt0.o
LOAD ./Core/Lora/Inc/Sx126x_Lib/sx126x-hal.o
LOAD ./Core/Lora/Inc/Sx126x_Lib/sx126x.o
LOAD ./Core/Lora/Src/Lora.o
LOAD ./Core/Src/main.o
LOAD ./Core/Src/stm32u5xx_hal_msp.o
LOAD ./Core/Src/stm32u5xx_it.o
LOAD ./Core/Src/syscalls.o
LOAD ./Core/Src/sysmem.o
LOAD ./Core/Src/system_stm32u5xx.o
LOAD ./Core/Startup/startup_stm32u5a5zjtxq.o
LOAD ./Drivers/BSP/STM32U5xx_Nucleo/stm32u5xx_nucleo.o
LOAD ./Drivers/STM32U5xx_HAL_Driver/Src/stm32u5xx_hal.o
LOAD ./Drivers/STM32U5xx_HAL_Driver/Src/stm32u5xx_hal_cortex.o
LOAD ./Drivers/STM32U5xx_HAL_Driver/Src/stm32u5xx_hal_dma.o
LOAD ./Drivers/STM32U5xx_HAL_Driver/Src/stm32u5xx_hal_dma_ex.o
LOAD ./Drivers/STM32U5xx_HAL_Driver/Src/stm32u5xx_hal_exti.o
LOAD ./Drivers/STM32U5xx_HAL_Driver/Src/stm32u5xx_hal_flash.o
LOAD ./Drivers/STM32U5xx_HAL_Driver/Src/stm32u5xx_hal_flash_ex.o
LOAD ./Drivers/STM32U5xx_HAL_Driver/Src/stm32u5xx_hal_gpio.o
LOAD ./Drivers/STM32U5xx_HAL_Driver/Src/stm32u5xx_hal_gtzc.o
LOAD ./Drivers/STM32U5xx_HAL_Driver/Src/stm32u5xx_hal_i2c.o
LOAD ./Drivers/STM32U5xx_HAL_Driver/Src/stm32u5xx_hal_i2c_ex.o
LOAD ./Drivers/STM32U5xx_HAL_Driver/Src/stm32u5xx_hal_icache.o
LOAD ./Drivers/STM32U5xx_HAL_Driver/Src/stm32u5xx_hal_pwr.o
LOAD ./Drivers/STM32U5xx_HAL_Driver/Src/stm32u5xx_hal_pwr_ex.o
LOAD ./Drivers/STM32U5xx_HAL_Driver/Src/stm32u5xx_hal_rcc.o
LOAD ./Drivers/STM32U5xx_HAL_Driver/Src/stm32u5xx_hal_rcc_ex.o
LOAD ./Drivers/STM32U5xx_HAL_Driver/Src/stm32u5xx_hal_spi.o
LOAD ./Drivers/STM32U5xx_HAL_Driver/Src/stm32u5xx_hal_spi_ex.o
LOAD ./Drivers/STM32U5xx_HAL_Driver/Src/stm32u5xx_hal_tim.o
LOAD ./Drivers/STM32U5xx_HAL_Driver/Src/stm32u5xx_hal_tim_ex.o
LOAD ./Drivers/STM32U5xx_HAL_Driver/Src/stm32u5xx_hal_uart.o
LOAD ./Drivers/STM32U5xx_HAL_Driver/Src/stm32u5xx_hal_uart_ex.o
LOAD ./Drivers/STM32U5xx_HAL_Driver/Src/stm32u5xx_hal_usart.o
LOAD ./Drivers/STM32U5xx_HAL_Driver/Src/stm32u5xx_hal_usart_ex.o
START GROUP
LOAD C:/ST/STM32CubeIDE_1.16.1/STM32CubeIDE/plugins/com.st.stm32cube.ide.mcu.externaltools.gnu-tools-for-stm32.12.3.rel1.win32_1.0.200.202406191623/tools/bin/../lib/gcc/arm-none-eabi/12.3.1/../../../../arm-none-eabi/lib/thumb/v8-m.main+fp/hard\libstdc++_nano.a
LOAD C:/ST/STM32CubeIDE_1.16.1/STM32CubeIDE/plugins/com.st.stm32cube.ide.mcu.externaltools.gnu-tools-for-stm32.12.3.rel1.win32_1.0.200.202406191623/tools/bin/../lib/gcc/arm-none-eabi/12.3.1/../../../../arm-none-eabi/lib/thumb/v8-m.main+fp/hard\libsupc++_nano.a
END GROUP
LOAD C:/ST/STM32CubeIDE_1.16.1/STM32CubeIDE/plugins/com.st.stm32cube.ide.mcu.externaltools.gnu-tools-for-stm32.12.3.rel1.win32_1.0.200.202406191623/tools/bin/../lib/gcc/arm-none-eabi/12.3.1/../../../../arm-none-eabi/lib/thumb/v8-m.main+fp/hard\libstdc++_nano.a
LOAD C:/ST/STM32CubeIDE_1.16.1/STM32CubeIDE/plugins/com.st.stm32cube.ide.mcu.externaltools.gnu-tools-for-stm32.12.3.rel1.win32_1.0.200.202406191623/tools/bin/../lib/gcc/arm-none-eabi/12.3.1/../../../../arm-none-eabi/lib/thumb/v8-m.main+fp/hard\libm.a
LOAD C:/ST/STM32CubeIDE_1.16.1/STM32CubeIDE/plugins/com.st.stm32cube.ide.mcu.externaltools.gnu-tools-for-stm32.12.3.rel1.win32_1.0.200.202406191623/tools/bin/../lib/gcc/arm-none-eabi/12.3.1/../../../../arm-none-eabi/lib/thumb/v8-m.main+fp/hard\libc_nano.a
START GROUP
LOAD C:/ST/STM32CubeIDE_1.16.1/STM32CubeIDE/plugins/com.st.stm32cube.ide.mcu.externaltools.gnu-tools-for-stm32.12.3.rel1.win32_1.0.200.202406191623/tools/bin/../lib/gcc/arm-none-eabi/12.3.1/thumb/v8-m.main+fp/hard\libgcc.a
LOAD C:/ST/STM32CubeIDE_1.16.1/STM32CubeIDE/plugins/com.st.stm32cube.ide.mcu.externaltools.gnu-tools-for-stm32.12.3.rel1.win32_1.0.200.202406191623/tools/bin/../lib/gcc/arm-none-eabi/12.3.1/../../../../arm-none-eabi/lib/thumb/v8-m.main+fp/hard\libc_nano.a
END GROUP
START GROUP
LOAD C:/ST/STM32CubeIDE_1.16.1/STM32CubeIDE/plugins/com.st.stm32cube.ide.mcu.externaltools.gnu-tools-for-stm32.12.3.rel1.win32_1.0.200.202406191623/tools/bin/../lib/gcc/arm-none-eabi/12.3.1/thumb/v8-m.main+fp/hard\libgcc.a
LOAD C:/ST/STM32CubeIDE_1.16.1/STM32CubeIDE/plugins/com.st.stm32cube.ide.mcu.externaltools.gnu-tools-for-stm32.12.3.rel1.win32_1.0.200.202406191623/tools/bin/../lib/gcc/arm-none-eabi/12.3.1/../../../../arm-none-eabi/lib/thumb/v8-m.main+fp/hard\libc_nano.a
LOAD C:/ST/STM32CubeIDE_1.16.1/STM32CubeIDE/plugins/com.st.stm32cube.ide.mcu.externaltools.gnu-tools-for-stm32.12.3.rel1.win32_1.0.200.202406191623/tools/bin/../lib/gcc/arm-none-eabi/12.3.1/../../../../arm-none-eabi/lib/thumb/v8-m.main+fp/hard\libnosys.a
END GROUP
START GROUP
LOAD C:/ST/STM32CubeIDE_1.16.1/STM32CubeIDE/plugins/com.st.stm32cube.ide.mcu.externaltools.gnu-tools-for-stm32.12.3.rel1.win32_1.0.200.202406191623/tools/bin/../lib/gcc/arm-none-eabi/12.3.1/thumb/v8-m.main+fp/hard\libgcc.a
LOAD C:/ST/STM32CubeIDE_1.16.1/STM32CubeIDE/plugins/com.st.stm32cube.ide.mcu.externaltools.gnu-tools-for-stm32.12.3.rel1.win32_1.0.200.202406191623/tools/bin/../lib/gcc/arm-none-eabi/12.3.1/../../../../arm-none-eabi/lib/thumb/v8-m.main+fp/hard\libc_nano.a
LOAD C:/ST/STM32CubeIDE_1.16.1/STM32CubeIDE/plugins/com.st.stm32cube.ide.mcu.externaltools.gnu-tools-for-stm32.12.3.rel1.win32_1.0.200.202406191623/tools/bin/../lib/gcc/arm-none-eabi/12.3.1/../../../../arm-none-eabi/lib/thumb/v8-m.main+fp/hard\libnosys.a
END GROUP
LOAD C:/ST/STM32CubeIDE_1.16.1/STM32CubeIDE/plugins/com.st.stm32cube.ide.mcu.externaltools.gnu-tools-for-stm32.12.3.rel1.win32_1.0.200.202406191623/tools/bin/../lib/gcc/arm-none-eabi/12.3.1/thumb/v8-m.main+fp/hard/crtend.o
LOAD C:/ST/STM32CubeIDE_1.16.1/STM32CubeIDE/plugins/com.st.stm32cube.ide.mcu.externaltools.gnu-tools-for-stm32.12.3.rel1.win32_1.0.200.202406191623/tools/bin/../lib/gcc/arm-none-eabi/12.3.1/thumb/v8-m.main+fp/hard/crtn.o
                0x20270000                        _estack = (ORIGIN (RAM) + LENGTH (RAM))
                0x00000200                        _Min_Heap_Size = 0x200
                0x00000400                        _Min_Stack_Size = 0x400

.isr_vector     0x08000000      0x250
 *(.isr_vector)
 .isr_vector    0x08000000      0x250 ./Core/Startup/startup_stm32u5a5zjtxq.o
                0x08000000                g_pfnVectors

.text           0x08000250     0xe81c
 *(.text)
 .text          0x08000250       0x40 C:/ST/STM32CubeIDE_1.16.1/STM32CubeIDE/plugins/com.st.stm32cube.ide.mcu.externaltools.gnu-tools-for-stm32.12.3.rel1.win32_1.0.200.202406191623/tools/bin/../lib/gcc/arm-none-eabi/12.3.1/thumb/v8-m.main+fp/hard/crtbegin.o
 .text          0x08000290       0x10 C:/ST/STM32CubeIDE_1.16.1/STM32CubeIDE/plugins/com.st.stm32cube.ide.mcu.externaltools.gnu-tools-for-stm32.12.3.rel1.win32_1.0.200.202406191623/tools/bin/../lib/gcc/arm-none-eabi/12.3.1/../../../../arm-none-eabi/lib/thumb/v8-m.main+fp/hard\libc_nano.a(libc_a-strlen.o)
                0x08000290                strlen
 .text          0x080002a0      0x378 C:/ST/STM32CubeIDE_1.16.1/STM32CubeIDE/plugins/com.st.stm32cube.ide.mcu.externaltools.gnu-tools-for-stm32.12.3.rel1.win32_1.0.200.202406191623/tools/bin/../lib/gcc/arm-none-eabi/12.3.1/thumb/v8-m.main+fp/hard\libgcc.a(_arm_addsubdf3.o)
                0x080002a0                __aeabi_drsub
                0x080002a8                __aeabi_dsub
                0x080002a8                __subdf3
                0x080002ac                __aeabi_dadd
                0x080002ac                __adddf3
                0x08000524                __floatunsidf
                0x08000524                __aeabi_ui2d
                0x08000544                __floatsidf
                0x08000544                __aeabi_i2d
                0x08000568                __aeabi_f2d
                0x08000568                __extendsfdf2
                0x080005ac                __floatundidf
                0x080005ac                __aeabi_ul2d
                0x080005bc                __floatdidf
                0x080005bc                __aeabi_l2d
 .text          0x08000618      0x424 C:/ST/STM32CubeIDE_1.16.1/STM32CubeIDE/plugins/com.st.stm32cube.ide.mcu.externaltools.gnu-tools-for-stm32.12.3.rel1.win32_1.0.200.202406191623/tools/bin/../lib/gcc/arm-none-eabi/12.3.1/thumb/v8-m.main+fp/hard\libgcc.a(_arm_muldivdf3.o)
                0x08000618                __aeabi_dmul
                0x08000618                __muldf3
                0x0800086c                __divdf3
                0x0800086c                __aeabi_ddiv
 .text          0x08000a3c      0x110 C:/ST/STM32CubeIDE_1.16.1/STM32CubeIDE/plugins/com.st.stm32cube.ide.mcu.externaltools.gnu-tools-for-stm32.12.3.rel1.win32_1.0.200.202406191623/tools/bin/../lib/gcc/arm-none-eabi/12.3.1/thumb/v8-m.main+fp/hard\libgcc.a(_arm_cmpdf2.o)
                0x08000a3c                __gtdf2
                0x08000a3c                __gedf2
                0x08000a44                __ltdf2
                0x08000a44                __ledf2
                0x08000a4c                __nedf2
                0x08000a4c                __eqdf2
                0x08000a4c                __cmpdf2
                0x08000ac8                __aeabi_cdrcmple
                0x08000ad8                __aeabi_cdcmpeq
                0x08000ad8                __aeabi_cdcmple
                0x08000ae8                __aeabi_dcmpeq
                0x08000afc                __aeabi_dcmplt
                0x08000b10                __aeabi_dcmple
                0x08000b24                __aeabi_dcmpge
                0x08000b38                __aeabi_dcmpgt
 .text          0x08000b4c       0x2c C:/ST/STM32CubeIDE_1.16.1/STM32CubeIDE/plugins/com.st.stm32cube.ide.mcu.externaltools.gnu-tools-for-stm32.12.3.rel1.win32_1.0.200.202406191623/tools/bin/../lib/gcc/arm-none-eabi/12.3.1/thumb/v8-m.main+fp/hard\libgcc.a(_arm_unorddf2.o)
                0x08000b4c                __unorddf2
                0x08000b4c                __aeabi_dcmpun
 .text          0x08000b78       0x50 C:/ST/STM32CubeIDE_1.16.1/STM32CubeIDE/plugins/com.st.stm32cube.ide.mcu.externaltools.gnu-tools-for-stm32.12.3.rel1.win32_1.0.200.202406191623/tools/bin/../lib/gcc/arm-none-eabi/12.3.1/thumb/v8-m.main+fp/hard\libgcc.a(_arm_fixdfsi.o)
                0x08000b78                __aeabi_d2iz
                0x08000b78                __fixdfsi
 .text          0x08000bc8       0x40 C:/ST/STM32CubeIDE_1.16.1/STM32CubeIDE/plugins/com.st.stm32cube.ide.mcu.externaltools.gnu-tools-for-stm32.12.3.rel1.win32_1.0.200.202406191623/tools/bin/../lib/gcc/arm-none-eabi/12.3.1/thumb/v8-m.main+fp/hard\libgcc.a(_arm_fixunsdfsi.o)
                0x08000bc8                __aeabi_d2uiz
                0x08000bc8                __fixunsdfsi
 .text          0x08000c08       0xa0 C:/ST/STM32CubeIDE_1.16.1/STM32CubeIDE/plugins/com.st.stm32cube.ide.mcu.externaltools.gnu-tools-for-stm32.12.3.rel1.win32_1.0.200.202406191623/tools/bin/../lib/gcc/arm-none-eabi/12.3.1/thumb/v8-m.main+fp/hard\libgcc.a(_arm_truncdfsf2.o)
                0x08000c08                __truncdfsf2
                0x08000c08                __aeabi_d2f
 .text          0x08000ca8       0x30 C:/ST/STM32CubeIDE_1.16.1/STM32CubeIDE/plugins/com.st.stm32cube.ide.mcu.externaltools.gnu-tools-for-stm32.12.3.rel1.win32_1.0.200.202406191623/tools/bin/../lib/gcc/arm-none-eabi/12.3.1/thumb/v8-m.main+fp/hard\libgcc.a(_aeabi_uldivmod.o)
                0x08000ca8                __aeabi_uldivmod
 .text          0x08000cd8       0x30 C:/ST/STM32CubeIDE_1.16.1/STM32CubeIDE/plugins/com.st.stm32cube.ide.mcu.externaltools.gnu-tools-for-stm32.12.3.rel1.win32_1.0.200.202406191623/tools/bin/../lib/gcc/arm-none-eabi/12.3.1/thumb/v8-m.main+fp/hard\libgcc.a(_fixdfdi.o)
                0x08000cd8                __fixdfdi
                0x08000cd8                __aeabi_d2lz
 .text          0x08000d08       0x3c C:/ST/STM32CubeIDE_1.16.1/STM32CubeIDE/plugins/com.st.stm32cube.ide.mcu.externaltools.gnu-tools-for-stm32.12.3.rel1.win32_1.0.200.202406191623/tools/bin/../lib/gcc/arm-none-eabi/12.3.1/thumb/v8-m.main+fp/hard\libgcc.a(_fixunsdfdi.o)
                0x08000d08                __fixunsdfdi
                0x08000d08                __aeabi_d2ulz
 .text          0x08000d44      0x2e4 C:/ST/STM32CubeIDE_1.16.1/STM32CubeIDE/plugins/com.st.stm32cube.ide.mcu.externaltools.gnu-tools-for-stm32.12.3.rel1.win32_1.0.200.202406191623/tools/bin/../lib/gcc/arm-none-eabi/12.3.1/thumb/v8-m.main+fp/hard\libgcc.a(_udivmoddi4.o)
                0x08000d44                __udivmoddi4
 .text          0x08001028        0x4 C:/ST/STM32CubeIDE_1.16.1/STM32CubeIDE/plugins/com.st.stm32cube.ide.mcu.externaltools.gnu-tools-for-stm32.12.3.rel1.win32_1.0.200.202406191623/tools/bin/../lib/gcc/arm-none-eabi/12.3.1/thumb/v8-m.main+fp/hard\libgcc.a(_dvmd_tls.o)
                0x08001028                __aeabi_idiv0
                0x08001028                __aeabi_ldiv0
 *(.text*)
 .text._ZN5RadioC2EP16RadioCallbacks_t
                0x0800102c       0x6c ./Core/Lora/Inc/Sx126x_Lib/sx126x-hal.o
                0x0800102c                Radio::Radio(RadioCallbacks_t*)
                0x0800102c                Radio::Radio(RadioCallbacks_t*)
 .text._ZN5RadioD2Ev
                0x08001098       0x20 ./Core/Lora/Inc/Sx126x_Lib/sx126x-hal.o
                0x08001098                Radio::~Radio()
                0x08001098                Radio::~Radio()
 .text._ZN5RadioD0Ev
                0x080010b8       0x20 ./Core/Lora/Inc/Sx126x_Lib/sx126x-hal.o
                0x080010b8                Radio::~Radio()
 .text._ZN6SX126xC2EP16RadioCallbacks_t
                0x080010d8       0x50 ./Core/Lora/Inc/Sx126x_Lib/sx126x-hal.o
                0x080010d8                SX126x::SX126x(RadioCallbacks_t*)
                0x080010d8                SX126x::SX126x(RadioCallbacks_t*)
 .text._ZN6SX126xD2Ev
                0x08001128       0x24 ./Core/Lora/Inc/Sx126x_Lib/sx126x-hal.o
                0x08001128                SX126x::~SX126x()
                0x08001128                SX126x::~SX126x()
 .text._ZN6SX126xD0Ev
                0x0800114c       0x20 ./Core/Lora/Inc/Sx126x_Lib/sx126x-hal.o
                0x0800114c                SX126x::~SX126x()
 .text._ZN9SX126xHalC2EP19__SPI_HandleTypeDefP12GPIO_TypeDeftS3_tS3_tS3_tS3_tS3_tmmS3_tP16RadioCallbacks_t
                0x0800116c       0xa4 ./Core/Lora/Inc/Sx126x_Lib/sx126x-hal.o
                0x0800116c                SX126xHal::SX126xHal(__SPI_HandleTypeDef*, GPIO_TypeDef*, unsigned short, GPIO_TypeDef*, unsigned short, GPIO_TypeDef*, unsigned short, GPIO_TypeDef*, unsigned short, GPIO_TypeDef*, unsigned short, GPIO_TypeDef*, unsigned short, unsigned long, unsigned long, GPIO_TypeDef*, unsigned short, RadioCallbacks_t*)
                0x0800116c                SX126xHal::SX126xHal(__SPI_HandleTypeDef*, GPIO_TypeDef*, unsigned short, GPIO_TypeDef*, unsigned short, GPIO_TypeDef*, unsigned short, GPIO_TypeDef*, unsigned short, GPIO_TypeDef*, unsigned short, GPIO_TypeDef*, unsigned short, unsigned long, unsigned long, GPIO_TypeDef*, unsigned short, RadioCallbacks_t*)
 .text._ZN9SX126xHalD2Ev
                0x08001210       0x24 ./Core/Lora/Inc/Sx126x_Lib/sx126x-hal.o
                0x08001210                SX126xHal::~SX126xHal()
                0x08001210                SX126xHal::~SX126xHal()
 .text._ZN9SX126xHalD0Ev
                0x08001234       0x20 ./Core/Lora/Inc/Sx126x_Lib/sx126x-hal.o
                0x08001234                SX126xHal::~SX126xHal()
 .text._ZN9SX126xHal7SpiInitEv
                0x08001254       0x22 ./Core/Lora/Inc/Sx126x_Lib/sx126x-hal.o
                0x08001254                SX126xHal::SpiInit()
 .text._ZN9SX126xHal9IoIrqInitEM6SX126xFvvE
                0x08001276       0x34 ./Core/Lora/Inc/Sx126x_Lib/sx126x-hal.o
                0x08001276                SX126xHal::IoIrqInit(void (SX126x::*)())
 .text._ZN9SX126xHal5ResetEv
                0x080012aa       0x40 ./Core/Lora/Inc/Sx126x_Lib/sx126x-hal.o
                0x080012aa                SX126xHal::Reset()
 *fill*         0x080012ea        0x2 
 .text._ZN9SX126xHal6WakeupEv
                0x080012ec       0x78 ./Core/Lora/Inc/Sx126x_Lib/sx126x-hal.o
                0x080012ec                SX126xHal::Wakeup()
 .text._ZN9SX126xHal12WriteCommandE15RadioCommands_ePht
                0x08001364       0x80 ./Core/Lora/Inc/Sx126x_Lib/sx126x-hal.o
                0x08001364                SX126xHal::WriteCommand(RadioCommands_e, unsigned char*, unsigned short)
 .text._ZN9SX126xHal11ReadCommandE15RadioCommands_ePht
                0x080013e4       0x78 ./Core/Lora/Inc/Sx126x_Lib/sx126x-hal.o
                0x080013e4                SX126xHal::ReadCommand(RadioCommands_e, unsigned char*, unsigned short)
 .text._ZN9SX126xHal13WriteRegisterEtPht
                0x0800145c       0x84 ./Core/Lora/Inc/Sx126x_Lib/sx126x-hal.o
                0x0800145c                SX126xHal::WriteRegister(unsigned short, unsigned char*, unsigned short)
 .text._ZN9SX126xHal8WriteRegEth
                0x080014e0       0x2a ./Core/Lora/Inc/Sx126x_Lib/sx126x-hal.o
                0x080014e0                SX126xHal::WriteReg(unsigned short, unsigned char)
 .text._ZN9SX126xHal12ReadRegisterEtPht
                0x0800150a       0x9a ./Core/Lora/Inc/Sx126x_Lib/sx126x-hal.o
                0x0800150a                SX126xHal::ReadRegister(unsigned short, unsigned char*, unsigned short)
 .text._ZN9SX126xHal7ReadRegEt
                0x080015a4       0x2a ./Core/Lora/Inc/Sx126x_Lib/sx126x-hal.o
                0x080015a4                SX126xHal::ReadReg(unsigned short)
 .text._ZN9SX126xHal11WriteBufferEhPhh
                0x080015ce       0x70 ./Core/Lora/Inc/Sx126x_Lib/sx126x-hal.o
                0x080015ce                SX126xHal::WriteBuffer(unsigned char, unsigned char*, unsigned char)
 .text._ZN9SX126xHal10ReadBufferEhPhh
                0x0800163e       0x86 ./Core/Lora/Inc/Sx126x_Lib/sx126x-hal.o
                0x0800163e                SX126xHal::ReadBuffer(unsigned char, unsigned char*, unsigned char)
 .text._ZN9SX126xHal12GetDioStatusEv
                0x080016c4       0x7c ./Core/Lora/Inc/Sx126x_Lib/sx126x-hal.o
                0x080016c4                SX126xHal::GetDioStatus()
 .text._ZN9SX126xHal13GetDeviceTypeEv
                0x08001740       0x16 ./Core/Lora/Inc/Sx126x_Lib/sx126x-hal.o
                0x08001740                SX126xHal::GetDeviceType()
 .text._ZN9SX126xHal13GetFreqSelectEv
                0x08001756       0x16 ./Core/Lora/Inc/Sx126x_Lib/sx126x-hal.o
                0x08001756                SX126xHal::GetFreqSelect()
 .text._ZN9SX126xHal7AntSwOnEv
                0x0800176c       0x22 ./Core/Lora/Inc/Sx126x_Lib/sx126x-hal.o
                0x0800176c                SX126xHal::AntSwOn()
 .text._ZN9SX126xHal8AntSwOffEv
                0x0800178e       0x22 ./Core/Lora/Inc/Sx126x_Lib/sx126x-hal.o
                0x0800178e                SX126xHal::AntSwOff()
 .text._ZN9SX126xHal13InvokeHandlerEv
                0x080017b0       0x70 ./Core/Lora/Inc/Sx126x_Lib/sx126x-hal.o
                0x080017b0                SX126xHal::InvokeHandler()
 .text._ZN6SX126x4InitEv
                0x08001820       0xc4 ./Core/Lora/Inc/Sx126x_Lib/sx126x.o
                0x08001820                SX126x::Init()
 .text._ZN6SX126x16CheckDeviceReadyEv
                0x080018e4       0x56 ./Core/Lora/Inc/Sx126x_Lib/sx126x.o
                0x080018e4                SX126x::CheckDeviceReady()
 .text._ZN6SX126x16GetOperatingModeEv
                0x0800193a       0x1a ./Core/Lora/Inc/Sx126x_Lib/sx126x.o
                0x0800193a                SX126x::GetOperatingMode()
 .text._ZN6SX126x10SetPayloadEPhh
                0x08001954       0x28 ./Core/Lora/Inc/Sx126x_Lib/sx126x.o
                0x08001954                SX126x::SetPayload(unsigned char*, unsigned char)
 .text._ZN6SX126x10SetCrcSeedEt
                0x0800197c       0x4a ./Core/Lora/Inc/Sx126x_Lib/sx126x.o
                0x0800197c                SX126x::SetCrcSeed(unsigned short)
 .text._ZN6SX126x16SetCrcPolynomialEt
                0x080019c6       0x4a ./Core/Lora/Inc/Sx126x_Lib/sx126x.o
                0x080019c6                SX126x::SetCrcPolynomial(unsigned short)
 .text._ZN6SX126x10SetStandbyE19RadioStandbyModes_t
                0x08001a10       0x38 ./Core/Lora/Inc/Sx126x_Lib/sx126x.o
                0x08001a10                SX126x::SetStandby(RadioStandbyModes_t)
 .text._ZN6SX126x5SetTxEm
                0x08001a48       0x44 ./Core/Lora/Inc/Sx126x_Lib/sx126x.o
                0x08001a48                SX126x::SetTx(unsigned long)
 .text._ZN6SX126x9CalibrateE19CalibrationParams_t
                0x08001a8c       0x24 ./Core/Lora/Inc/Sx126x_Lib/sx126x.o
                0x08001a8c                SX126x::Calibrate(CalibrationParams_t)
 .text._ZN6SX126x11SetPaConfigEhhhh
                0x08001ab0       0x54 ./Core/Lora/Inc/Sx126x_Lib/sx126x.o
                0x08001ab0                SX126x::SetPaConfig(unsigned char, unsigned char, unsigned char, unsigned char)
 .text._ZN6SX126x15SetDioIrqParamsEtttt
                0x08001b04       0x80 ./Core/Lora/Inc/Sx126x_Lib/sx126x.o
                0x08001b04                SX126x::SetDioIrqParams(unsigned short, unsigned short, unsigned short, unsigned short)
 .text._ZN6SX126x12GetIrqStatusEv
                0x08001b84       0x34 ./Core/Lora/Inc/Sx126x_Lib/sx126x.o
                0x08001b84                SX126x::GetIrqStatus()
 .text._ZN6SX126x21SetDio2AsRfSwitchCtrlEh
                0x08001bb8       0x30 ./Core/Lora/Inc/Sx126x_Lib/sx126x.o
                0x08001bb8                SX126x::SetDio2AsRfSwitchCtrl(unsigned char)
 .text._ZN6SX126x17SetDio3AsTcxoCtrlE22RadioTcxoCtrlVoltage_tm
                0x08001be8       0x4a ./Core/Lora/Inc/Sx126x_Lib/sx126x.o
                0x08001be8                SX126x::SetDio3AsTcxoCtrl(RadioTcxoCtrlVoltage_t, unsigned long)
 *fill*         0x08001c32        0x6 
 .text._ZN6SX126x14SetRfFrequencyEm
                0x08001c38       0x70 ./Core/Lora/Inc/Sx126x_Lib/sx126x.o
                0x08001c38                SX126x::SetRfFrequency(unsigned long)
 .text._ZN6SX126x13SetPacketTypeE18RadioPacketTypes_t
                0x08001ca8       0x38 ./Core/Lora/Inc/Sx126x_Lib/sx126x.o
                0x08001ca8                SX126x::SetPacketType(RadioPacketTypes_t)
 .text._ZN6SX126x13GetPacketTypeEv
                0x08001ce0       0x1a ./Core/Lora/Inc/Sx126x_Lib/sx126x.o
                0x08001ce0                SX126x::GetPacketType()
 .text._ZN6SX126x11SetTxParamsEa16RadioRampTimes_t
                0x08001cfa       0x5a ./Core/Lora/Inc/Sx126x_Lib/sx126x.o
                0x08001cfa                SX126x::SetTxParams(signed char, RadioRampTimes_t)
 *fill*         0x08001d54        0x4 
 .text._ZN6SX126x19SetModulationParamsEP18ModulationParams_t
                0x08001d58      0x1ec ./Core/Lora/Inc/Sx126x_Lib/sx126x.o
                0x08001d58                SX126x::SetModulationParams(ModulationParams_t*)
 .text._ZN6SX126x15SetPacketParamsEP14PacketParams_t
                0x08001f44      0x13c ./Core/Lora/Inc/Sx126x_Lib/sx126x.o
                0x08001f44                SX126x::SetPacketParams(PacketParams_t*)
 .text._ZN6SX126x9GetStatusEv
                0x08002080       0x2e ./Core/Lora/Inc/Sx126x_Lib/sx126x.o
                0x08002080                SX126x::GetStatus()
 *fill*         0x080020ae        0x2 
 .text._ZN6SX126x14ClearIrqStatusEt
                0x080020b0       0x44 ./Core/Lora/Inc/Sx126x_Lib/sx126x.o
                0x080020b0                SX126x::ClearIrqStatus(unsigned short)
 .text._ZN6SX126x14SetPollingModeEv
                0x080020f4       0x1c ./Core/Lora/Inc/Sx126x_Lib/sx126x.o
                0x080020f4                SX126x::SetPollingMode()
 .text._ZN6SX126x16SetInterruptModeEv
                0x08002110       0x1c ./Core/Lora/Inc/Sx126x_Lib/sx126x.o
                0x08002110                SX126x::SetInterruptMode()
 .text._ZN6SX126x8OnDioIrqEv
                0x0800212c       0x2a ./Core/Lora/Inc/Sx126x_Lib/sx126x.o
                0x0800212c                SX126x::OnDioIrq()
 *fill*         0x08002156        0x2 
 .text._ZN6SX126x11ProcessIrqsEv
                0x08002158      0x174 ./Core/Lora/Inc/Sx126x_Lib/sx126x.o
                0x08002158                SX126x::ProcessIrqs()
 .text.Lora_init
                0x080022cc       0x24 ./Core/Lora/Src/Lora.o
                0x080022cc                Lora_init
 .text.Lora_Operation_TX
                0x080022f0       0x24 ./Core/Lora/Src/Lora.o
                0x080022f0                Lora_Operation_TX
 .text.RunTXStateMachine
                0x08002314       0xc0 ./Core/Lora/Src/Lora.o
                0x08002314                RunTXStateMachine
 .text.ConfigureRadioTx
                0x080023d4       0x26 ./Core/Lora/Src/Lora.o
                0x080023d4                ConfigureRadioTx
 .text.PrepareBuffer
                0x080023fa       0x1e ./Core/Lora/Src/Lora.o
                0x080023fa                PrepareBuffer
 .text.OnTxDone
                0x08002418       0x2c ./Core/Lora/Src/Lora.o
                0x08002418                OnTxDone
 .text.OnRxDone
                0x08002444       0x2c ./Core/Lora/Src/Lora.o
                0x08002444                OnRxDone
 .text.OnTxTimeout
                0x08002470       0x2c ./Core/Lora/Src/Lora.o
                0x08002470                OnTxTimeout
 .text.SetConfiguration
                0x0800249c       0x9c ./Core/Lora/Src/Lora.o
                0x0800249c                SetConfiguration
 .text.ConfigureGeneralRadio
                0x08002538       0x64 ./Core/Lora/Src/Lora.o
                0x08002538                ConfigureGeneralRadio
 .text.HAL_GPIO_EXTI_Rising_Callback
                0x0800259c       0x24 ./Core/Lora/Src/Lora.o
                0x0800259c                HAL_GPIO_EXTI_Rising_Callback
 .text._Z41__static_initialization_and_destruction_0ii
                0x080025c0       0xa0 ./Core/Lora/Src/Lora.o
 .text._GLOBAL__sub_I_State
                0x08002660       0x10 ./Core/Lora/Src/Lora.o
 .text._GLOBAL__sub_D_State
                0x08002670       0x10 ./Core/Lora/Src/Lora.o
 .text.main     0x08002680       0x8c ./Core/Src/main.o
                0x08002680                main
 .text._Z18SystemClock_Configv
                0x0800270c       0xd6 ./Core/Src/main.o
                0x0800270c                SystemClock_Config()
 .text._ZL18SystemPower_Configv
                0x080027e2       0x26 ./Core/Src/main.o
 .text._ZL14MX_ICACHE_Initv
                0x08002808       0x3a ./Core/Src/main.o
 *fill*         0x08002842        0x2 
 .text._ZL12MX_SPI1_Initv
                0x08002844       0xf0 ./Core/Src/main.o
 .text._ZL12MX_TIM2_Initv
                0x08002934       0xb8 ./Core/Src/main.o
 .text._ZL12MX_GPIO_Initv
                0x080029ec      0x26c ./Core/Src/main.o
 .text.Error_Handler
                0x08002c58        0xc ./Core/Src/main.o
                0x08002c58                Error_Handler
 .text.HAL_MspInit
                0x08002c64       0x34 ./Core/Src/stm32u5xx_hal_msp.o
                0x08002c64                HAL_MspInit
 .text.HAL_SPI_MspInit
                0x08002c98       0xd4 ./Core/Src/stm32u5xx_hal_msp.o
                0x08002c98                HAL_SPI_MspInit
 .text.HAL_TIM_Base_MspInit
                0x08002d6c       0x40 ./Core/Src/stm32u5xx_hal_msp.o
                0x08002d6c                HAL_TIM_Base_MspInit
 .text.NMI_Handler
                0x08002dac        0x8 ./Core/Src/stm32u5xx_it.o
                0x08002dac                NMI_Handler
 .text.HardFault_Handler
                0x08002db4        0x8 ./Core/Src/stm32u5xx_it.o
                0x08002db4                HardFault_Handler
 .text.MemManage_Handler
                0x08002dbc        0x8 ./Core/Src/stm32u5xx_it.o
                0x08002dbc                MemManage_Handler
 .text.BusFault_Handler
                0x08002dc4        0x8 ./Core/Src/stm32u5xx_it.o
                0x08002dc4                BusFault_Handler
 .text.UsageFault_Handler
                0x08002dcc        0x8 ./Core/Src/stm32u5xx_it.o
                0x08002dcc                UsageFault_Handler
 .text.SVC_Handler
                0x08002dd4        0xe ./Core/Src/stm32u5xx_it.o
                0x08002dd4                SVC_Handler
 .text.DebugMon_Handler
                0x08002de2        0xe ./Core/Src/stm32u5xx_it.o
                0x08002de2                DebugMon_Handler
 .text.PendSV_Handler
                0x08002df0        0xe ./Core/Src/stm32u5xx_it.o
                0x08002df0                PendSV_Handler
 .text.SysTick_Handler
                0x08002dfe        0xc ./Core/Src/stm32u5xx_it.o
                0x08002dfe                SysTick_Handler
 .text.EXTI11_IRQHandler
                0x08002e0a       0x10 ./Core/Src/stm32u5xx_it.o
                0x08002e0a                EXTI11_IRQHandler
 .text.EXTI13_IRQHandler
                0x08002e1a        0xe ./Core/Src/stm32u5xx_it.o
                0x08002e1a                EXTI13_IRQHandler
 .text._getpid  0x08002e28       0x10 ./Core/Src/syscalls.o
                0x08002e28                _getpid
 .text._kill    0x08002e38       0x20 ./Core/Src/syscalls.o
                0x08002e38                _kill
 .text._exit    0x08002e58       0x16 ./Core/Src/syscalls.o
                0x08002e58                _exit
 .text._read    0x08002e6e       0x3a ./Core/Src/syscalls.o
                0x08002e6e                _read
 .text._write   0x08002ea8       0x38 ./Core/Src/syscalls.o
                0x08002ea8                _write
 .text._close   0x08002ee0       0x18 ./Core/Src/syscalls.o
                0x08002ee0                _close
 .text._fstat   0x08002ef8       0x20 ./Core/Src/syscalls.o
                0x08002ef8                _fstat
 .text._isatty  0x08002f18       0x16 ./Core/Src/syscalls.o
                0x08002f18                _isatty
 .text._lseek   0x08002f2e       0x1a ./Core/Src/syscalls.o
                0x08002f2e                _lseek
 .text._sbrk    0x08002f48       0x6c ./Core/Src/sysmem.o
                0x08002f48                _sbrk
 .text.SystemInit
                0x08002fb4       0x70 ./Core/Src/system_stm32u5xx.o
                0x08002fb4                SystemInit
 .text.Reset_Handler
                0x08003024       0x50 ./Core/Startup/startup_stm32u5a5zjtxq.o
                0x08003024                Reset_Handler
 .text.Default_Handler
                0x08003074        0x2 ./Core/Startup/startup_stm32u5a5zjtxq.o
                0x08003074                EXTI2_IRQHandler
                0x08003074                TIM8_TRG_COM_IRQHandler
                0x08003074                TIM8_CC_IRQHandler
                0x08003074                EXTI5_IRQHandler
                0x08003074                FLASH_S_IRQHandler
                0x08003074                TIM1_CC_IRQHandler
                0x08003074                TSC_IRQHandler
                0x08003074                TAMP_IRQHandler
                0x08003074                TIM6_IRQHandler
                0x08003074                EXTI12_IRQHandler
                0x08003074                CORDIC_IRQHandler
                0x08003074                EXTI3_IRQHandler
                0x08003074                LPTIM4_IRQHandler
                0x08003074                GPDMA1_Channel5_IRQHandler
                0x08003074                EXTI8_IRQHandler
                0x08003074                LPTIM2_IRQHandler
                0x08003074                I2C3_ER_IRQHandler
                0x08003074                I2C5_EV_IRQHandler
                0x08003074                PWR_S3WU_IRQHandler
                0x08003074                MDF1_FLT2_IRQHandler
                0x08003074                LPDMA1_Channel3_IRQHandler
                0x08003074                LPTIM3_IRQHandler
                0x08003074                EXTI0_IRQHandler
                0x08003074                I2C2_EV_IRQHandler
                0x08003074                FPU_IRQHandler
                0x08003074                GPDMA1_Channel3_IRQHandler
                0x08003074                GPDMA1_Channel7_IRQHandler
                0x08003074                MDF1_FLT4_IRQHandler
                0x08003074                FDCAN1_IT1_IRQHandler
                0x08003074                RAMCFG_IRQHandler
                0x08003074                ADC1_2_IRQHandler
                0x08003074                GPDMA1_Channel9_IRQHandler
                0x08003074                DCACHE1_IRQHandler
                0x08003074                SPI1_IRQHandler
                0x08003074                OCTOSPI1_IRQHandler
                0x08003074                GPDMA1_Channel2_IRQHandler
                0x08003074                TIM8_UP_IRQHandler
                0x08003074                RCC_S_IRQHandler
                0x08003074                OCTOSPI2_IRQHandler
                0x08003074                SAI2_IRQHandler
                0x08003074                MDF1_FLT1_IRQHandler
                0x08003074                PKA_IRQHandler
                0x08003074                USART6_IRQHandler
                0x08003074                MDF1_FLT5_IRQHandler
                0x08003074                EXTI15_IRQHandler
                0x08003074                TIM17_IRQHandler
                0x08003074                USART3_IRQHandler
                0x08003074                RTC_IRQHandler
                0x08003074                EXTI9_IRQHandler
                0x08003074                HSPI1_IRQHandler
                0x08003074                UART5_IRQHandler
                0x08003074                TIM4_IRQHandler
                0x08003074                I2C1_EV_IRQHandler
                0x08003074                GPDMA1_Channel12_IRQHandler
                0x08003074                GPDMA1_Channel1_IRQHandler
                0x08003074                TIM16_IRQHandler
                0x08003074                GPDMA1_Channel15_IRQHandler
                0x08003074                UART4_IRQHandler
                0x08003074                SecureFault_Handler
                0x08003074                TIM3_IRQHandler
                0x08003074                RCC_IRQHandler
                0x08003074                TIM1_TRG_COM_IRQHandler
                0x08003074                Default_Handler
                0x08003074                GPDMA1_Channel8_IRQHandler
                0x08003074                FMAC_IRQHandler
                0x08003074                I2C5_ER_IRQHandler
                0x08003074                OTFDEC1_IRQHandler
                0x08003074                GPDMA1_Channel11_IRQHandler
                0x08003074                TIM7_IRQHandler
                0x08003074                SDMMC1_IRQHandler
                0x08003074                SAES_IRQHandler
                0x08003074                TIM5_IRQHandler
                0x08003074                UCPD1_IRQHandler
                0x08003074                GPDMA1_Channel0_IRQHandler
                0x08003074                TIM15_IRQHandler
                0x08003074                I2C3_EV_IRQHandler
                0x08003074                LPDMA1_Channel0_IRQHandler
                0x08003074                PVD_PVM_IRQHandler
                0x08003074                SPI2_IRQHandler
                0x08003074                LPDMA1_Channel1_IRQHandler
                0x08003074                EXTI14_IRQHandler
                0x08003074                OTFDEC2_IRQHandler
                0x08003074                CRS_IRQHandler
                0x08003074                GPDMA1_Channel14_IRQHandler
                0x08003074                LSECSSD_IRQHandler
                0x08003074                EXTI4_IRQHandler
                0x08003074                RTC_S_IRQHandler
                0x08003074                GPDMA1_Channel13_IRQHandler
                0x08003074                RNG_IRQHandler
                0x08003074                COMP_IRQHandler
                0x08003074                TIM1_UP_IRQHandler
                0x08003074                ADC4_IRQHandler
                0x08003074                WWDG_IRQHandler
                0x08003074                I2C4_EV_IRQHandler
                0x08003074                ADF1_IRQHandler
                0x08003074                IWDG_IRQHandler
                0x08003074                I2C6_ER_IRQHandler
                0x08003074                LPUART1_IRQHandler
                0x08003074                MDF1_FLT0_IRQHandler
                0x08003074                FDCAN1_IT0_IRQHandler
                0x08003074                TIM2_IRQHandler
                0x08003074                GPDMA1_Channel4_IRQHandler
                0x08003074                OTG_HS_IRQHandler
                0x08003074                EXTI7_IRQHandler
                0x08003074                DMA2D_IRQHandler
                0x08003074                TIM1_BRK_IRQHandler
                0x08003074                EXTI1_IRQHandler
                0x08003074                SDMMC2_IRQHandler
                0x08003074                AES_IRQHandler
                0x08003074                DAC1_IRQHandler
                0x08003074                GTZC_IRQHandler
                0x08003074                MDF1_FLT3_IRQHandler
                0x08003074                USART2_IRQHandler
                0x08003074                I2C6_EV_IRQHandler
                0x08003074                GPDMA1_Channel6_IRQHandler
                0x08003074                I2C2_ER_IRQHandler
                0x08003074                TIM8_BRK_IRQHandler
                0x08003074                FLASH_IRQHandler
                0x08003074                USART1_IRQHandler
                0x08003074                EXTI10_IRQHandler
                0x08003074                SPI3_IRQHandler
                0x08003074                LPDMA1_Channel2_IRQHandler
                0x08003074                I2C1_ER_IRQHandler
                0x08003074                FMC_IRQHandler
                0x08003074                EXTI6_IRQHandler
                0x08003074                LPTIM1_IRQHandler
                0x08003074                DCMI_PSSI_IRQHandler
                0x08003074                I2C4_ER_IRQHandler
                0x08003074                GPDMA1_Channel10_IRQHandler
                0x08003074                ICACHE_IRQHandler
                0x08003074                SAI1_IRQHandler
                0x08003074                HASH_IRQHandler
 *fill*         0x08003076        0x2 
 .text.BSP_LED_Init
                0x08003078      0x120 ./Drivers/BSP/STM32U5xx_Nucleo/stm32u5xx_nucleo.o
                0x08003078                BSP_LED_Init
 .text.BSP_PB_Init
                0x08003198       0xf0 ./Drivers/BSP/STM32U5xx_Nucleo/stm32u5xx_nucleo.o
                0x08003198                BSP_PB_Init
 .text.BSP_PB_IRQHandler
                0x08003288       0x2c ./Drivers/BSP/STM32U5xx_Nucleo/stm32u5xx_nucleo.o
                0x08003288                BSP_PB_IRQHandler
 .text.BSP_PB_Callback
                0x080032b4       0x16 ./Drivers/BSP/STM32U5xx_Nucleo/stm32u5xx_nucleo.o
                0x080032b4                BSP_PB_Callback
 *fill*         0x080032ca        0x2 
 .text.BSP_COM_Init
                0x080032cc       0x60 ./Drivers/BSP/STM32U5xx_Nucleo/stm32u5xx_nucleo.o
                0x080032cc                BSP_COM_Init
 .text.MX_USART1_Init
                0x0800332c       0x68 ./Drivers/BSP/STM32U5xx_Nucleo/stm32u5xx_nucleo.o
                0x0800332c                MX_USART1_Init
 .text.__io_putchar
                0x08003394       0x38 ./Drivers/BSP/STM32U5xx_Nucleo/stm32u5xx_nucleo.o
                0x08003394                __io_putchar
 .text.BUTTON_USER_EXTI_Callback
                0x080033cc        0xe ./Drivers/BSP/STM32U5xx_Nucleo/stm32u5xx_nucleo.o
 *fill*         0x080033da        0x2 
 .text.COM1_MspInit
                0x080033dc       0xb0 ./Drivers/BSP/STM32U5xx_Nucleo/stm32u5xx_nucleo.o
 .text.HAL_Init
                0x0800348c       0x60 ./Drivers/STM32U5xx_HAL_Driver/Src/stm32u5xx_hal.o
                0x0800348c                HAL_Init
 .text.HAL_InitTick
                0x080034ec       0xec ./Drivers/STM32U5xx_HAL_Driver/Src/stm32u5xx_hal.o
                0x080034ec                HAL_InitTick
 .text.HAL_IncTick
                0x080035d8       0x28 ./Drivers/STM32U5xx_HAL_Driver/Src/stm32u5xx_hal.o
                0x080035d8                HAL_IncTick
 .text.HAL_GetTick
                0x08003600       0x18 ./Drivers/STM32U5xx_HAL_Driver/Src/stm32u5xx_hal.o
                0x08003600                HAL_GetTick
 .text.HAL_Delay
                0x08003618       0x48 ./Drivers/STM32U5xx_HAL_Driver/Src/stm32u5xx_hal.o
                0x08003618                HAL_Delay
 .text.__NVIC_SetPriorityGrouping
                0x08003660       0x48 ./Drivers/STM32U5xx_HAL_Driver/Src/stm32u5xx_hal_cortex.o
 .text.__NVIC_GetPriorityGrouping
                0x080036a8       0x1c ./Drivers/STM32U5xx_HAL_Driver/Src/stm32u5xx_hal_cortex.o
 .text.__NVIC_EnableIRQ
                0x080036c4       0x3c ./Drivers/STM32U5xx_HAL_Driver/Src/stm32u5xx_hal_cortex.o
 .text.__NVIC_SetPriority
                0x08003700       0x54 ./Drivers/STM32U5xx_HAL_Driver/Src/stm32u5xx_hal_cortex.o
 .text.NVIC_EncodePriority
                0x08003754       0x66 ./Drivers/STM32U5xx_HAL_Driver/Src/stm32u5xx_hal_cortex.o
 .text.HAL_NVIC_SetPriorityGrouping
                0x080037ba       0x16 ./Drivers/STM32U5xx_HAL_Driver/Src/stm32u5xx_hal_cortex.o
                0x080037ba                HAL_NVIC_SetPriorityGrouping
 .text.HAL_NVIC_SetPriority
                0x080037d0       0x34 ./Drivers/STM32U5xx_HAL_Driver/Src/stm32u5xx_hal_cortex.o
                0x080037d0                HAL_NVIC_SetPriority
 .text.HAL_NVIC_EnableIRQ
                0x08003804       0x1c ./Drivers/STM32U5xx_HAL_Driver/Src/stm32u5xx_hal_cortex.o
                0x08003804                HAL_NVIC_EnableIRQ
 .text.HAL_SYSTICK_Config
                0x08003820       0x44 ./Drivers/STM32U5xx_HAL_Driver/Src/stm32u5xx_hal_cortex.o
                0x08003820                HAL_SYSTICK_Config
 .text.HAL_SYSTICK_CLKSourceConfig
                0x08003864       0xb0 ./Drivers/STM32U5xx_HAL_Driver/Src/stm32u5xx_hal_cortex.o
                0x08003864                HAL_SYSTICK_CLKSourceConfig
 .text.HAL_SYSTICK_GetCLKSourceConfig
                0x08003914       0x74 ./Drivers/STM32U5xx_HAL_Driver/Src/stm32u5xx_hal_cortex.o
                0x08003914                HAL_SYSTICK_GetCLKSourceConfig
 .text.HAL_EXTI_RegisterCallback
                0x08003988       0x58 ./Drivers/STM32U5xx_HAL_Driver/Src/stm32u5xx_hal_exti.o
                0x08003988                HAL_EXTI_RegisterCallback
 .text.HAL_EXTI_GetHandle
                0x080039e0       0x28 ./Drivers/STM32U5xx_HAL_Driver/Src/stm32u5xx_hal_exti.o
                0x080039e0                HAL_EXTI_GetHandle
 .text.HAL_EXTI_IRQHandler
                0x08003a08       0x90 ./Drivers/STM32U5xx_HAL_Driver/Src/stm32u5xx_hal_exti.o
                0x08003a08                HAL_EXTI_IRQHandler
 .text.HAL_GPIO_Init
                0x08003a98      0x3b0 ./Drivers/STM32U5xx_HAL_Driver/Src/stm32u5xx_hal_gpio.o
                0x08003a98                HAL_GPIO_Init
 .text.HAL_GPIO_ReadPin
                0x08003e48       0x30 ./Drivers/STM32U5xx_HAL_Driver/Src/stm32u5xx_hal_gpio.o
                0x08003e48                HAL_GPIO_ReadPin
 .text.HAL_GPIO_WritePin
                0x08003e78       0x30 ./Drivers/STM32U5xx_HAL_Driver/Src/stm32u5xx_hal_gpio.o
                0x08003e78                HAL_GPIO_WritePin
 .text.HAL_GPIO_EXTI_IRQHandler
                0x08003ea8       0x4c ./Drivers/STM32U5xx_HAL_Driver/Src/stm32u5xx_hal_gpio.o
                0x08003ea8                HAL_GPIO_EXTI_IRQHandler
 .text.HAL_GPIO_EXTI_Falling_Callback
                0x08003ef4       0x16 ./Drivers/STM32U5xx_HAL_Driver/Src/stm32u5xx_hal_gpio.o
                0x08003ef4                HAL_GPIO_EXTI_Falling_Callback
 *fill*         0x08003f0a        0x2 
 .text.HAL_ICACHE_ConfigAssociativityMode
                0x08003f0c       0x40 ./Drivers/STM32U5xx_HAL_Driver/Src/stm32u5xx_hal_icache.o
                0x08003f0c                HAL_ICACHE_ConfigAssociativityMode
 .text.HAL_ICACHE_Enable
                0x08003f4c       0x20 ./Drivers/STM32U5xx_HAL_Driver/Src/stm32u5xx_hal_icache.o
                0x08003f4c                HAL_ICACHE_Enable
 .text.HAL_PWREx_ControlVoltageScaling
                0x08003f6c       0xfc ./Drivers/STM32U5xx_HAL_Driver/Src/stm32u5xx_hal_pwr_ex.o
                0x08003f6c                HAL_PWREx_ControlVoltageScaling
 .text.HAL_PWREx_GetVoltageRange
                0x08004068       0x1c ./Drivers/STM32U5xx_HAL_Driver/Src/stm32u5xx_hal_pwr_ex.o
                0x08004068                HAL_PWREx_GetVoltageRange
 .text.HAL_PWREx_ConfigSupply
                0x08004084       0xa0 ./Drivers/STM32U5xx_HAL_Driver/Src/stm32u5xx_hal_pwr_ex.o
                0x08004084                HAL_PWREx_ConfigSupply
 .text.HAL_PWREx_EnableVddIO2
                0x08004124       0x20 ./Drivers/STM32U5xx_HAL_Driver/Src/stm32u5xx_hal_pwr_ex.o
                0x08004124                HAL_PWREx_EnableVddIO2
 .text.HAL_PWREx_DisableUCPDDeadBattery
                0x08004144       0x20 ./Drivers/STM32U5xx_HAL_Driver/Src/stm32u5xx_hal_pwr_ex.o
                0x08004144                HAL_PWREx_DisableUCPDDeadBattery
 .text.HAL_RCC_OscConfig
                0x08004164      0xdb8 ./Drivers/STM32U5xx_HAL_Driver/Src/stm32u5xx_hal_rcc.o
                0x08004164                HAL_RCC_OscConfig
 .text.HAL_RCC_ClockConfig
                0x08004f1c      0x3e4 ./Drivers/STM32U5xx_HAL_Driver/Src/stm32u5xx_hal_rcc.o
                0x08004f1c                HAL_RCC_ClockConfig
 .text.HAL_RCC_GetSysClockFreq
                0x08005300      0x20c ./Drivers/STM32U5xx_HAL_Driver/Src/stm32u5xx_hal_rcc.o
                0x08005300                HAL_RCC_GetSysClockFreq
 .text.HAL_RCC_GetHCLKFreq
                0x0800550c       0x34 ./Drivers/STM32U5xx_HAL_Driver/Src/stm32u5xx_hal_rcc.o
                0x0800550c                HAL_RCC_GetHCLKFreq
 .text.HAL_RCC_GetPCLK1Freq
                0x08005540       0x28 ./Drivers/STM32U5xx_HAL_Driver/Src/stm32u5xx_hal_rcc.o
                0x08005540                HAL_RCC_GetPCLK1Freq
 .text.HAL_RCC_GetPCLK2Freq
                0x08005568       0x28 ./Drivers/STM32U5xx_HAL_Driver/Src/stm32u5xx_hal_rcc.o
                0x08005568                HAL_RCC_GetPCLK2Freq
 .text.HAL_RCC_GetPCLK3Freq
                0x08005590       0x28 ./Drivers/STM32U5xx_HAL_Driver/Src/stm32u5xx_hal_rcc.o
                0x08005590                HAL_RCC_GetPCLK3Freq
 .text.RCC_SetFlashLatencyFromMSIRange
                0x080055b8      0x10c ./Drivers/STM32U5xx_HAL_Driver/Src/stm32u5xx_hal_rcc.o
 .text.HAL_RCCEx_PeriphCLKConfig
                0x080056c4      0xd78 ./Drivers/STM32U5xx_HAL_Driver/Src/stm32u5xx_hal_rcc_ex.o
                0x080056c4                HAL_RCCEx_PeriphCLKConfig
 .text.HAL_RCCEx_GetPLL1ClockFreq
                0x0800643c      0x2b8 ./Drivers/STM32U5xx_HAL_Driver/Src/stm32u5xx_hal_rcc_ex.o
                0x0800643c                HAL_RCCEx_GetPLL1ClockFreq
 .text.HAL_RCCEx_GetPLL2ClockFreq
                0x080066f4      0x2b8 ./Drivers/STM32U5xx_HAL_Driver/Src/stm32u5xx_hal_rcc_ex.o
                0x080066f4                HAL_RCCEx_GetPLL2ClockFreq
 .text.HAL_RCCEx_GetPLL3ClockFreq
                0x080069ac      0x2b8 ./Drivers/STM32U5xx_HAL_Driver/Src/stm32u5xx_hal_rcc_ex.o
                0x080069ac                HAL_RCCEx_GetPLL3ClockFreq
 .text.HAL_RCCEx_GetPeriphCLKFreq
                0x08006c64     0x16c4 ./Drivers/STM32U5xx_HAL_Driver/Src/stm32u5xx_hal_rcc_ex.o
                0x08006c64                HAL_RCCEx_GetPeriphCLKFreq
 .text.RCCEx_PLL2_Config
                0x08008328      0x130 ./Drivers/STM32U5xx_HAL_Driver/Src/stm32u5xx_hal_rcc_ex.o
 .text.RCCEx_PLL3_Config
                0x08008458      0x130 ./Drivers/STM32U5xx_HAL_Driver/Src/stm32u5xx_hal_rcc_ex.o
 .text.HAL_SPI_Init
                0x08008588      0x22c ./Drivers/STM32U5xx_HAL_Driver/Src/stm32u5xx_hal_spi.o
                0x08008588                HAL_SPI_Init
 .text.HAL_SPI_Transmit
                0x080087b4      0x420 ./Drivers/STM32U5xx_HAL_Driver/Src/stm32u5xx_hal_spi.o
                0x080087b4                HAL_SPI_Transmit
 .text.HAL_SPI_Receive
                0x08008bd4      0x344 ./Drivers/STM32U5xx_HAL_Driver/Src/stm32u5xx_hal_spi.o
                0x08008bd4                HAL_SPI_Receive
 .text.SPI_CloseTransfer
                0x08008f18      0x140 ./Drivers/STM32U5xx_HAL_Driver/Src/stm32u5xx_hal_spi.o
 .text.SPI_WaitOnFlagUntilTimeout
                0x08009058       0x5c ./Drivers/STM32U5xx_HAL_Driver/Src/stm32u5xx_hal_spi.o
 .text.SPI_GetPacketSize
                0x080090b4       0x36 ./Drivers/STM32U5xx_HAL_Driver/Src/stm32u5xx_hal_spi.o
 .text.HAL_SPIEx_SetConfigAutonomousMode
                0x080090ea       0x82 ./Drivers/STM32U5xx_HAL_Driver/Src/stm32u5xx_hal_spi_ex.o
                0x080090ea                HAL_SPIEx_SetConfigAutonomousMode
 .text.HAL_TIM_Base_Init
                0x0800916c       0xae ./Drivers/STM32U5xx_HAL_Driver/Src/stm32u5xx_hal_tim.o
                0x0800916c                HAL_TIM_Base_Init
 *fill*         0x0800921a        0x2 
 .text.HAL_TIM_ConfigClockSource
                0x0800921c      0x204 ./Drivers/STM32U5xx_HAL_Driver/Src/stm32u5xx_hal_tim.o
                0x0800921c                HAL_TIM_ConfigClockSource
 .text.TIM_Base_SetConfig
                0x08009420      0x20c ./Drivers/STM32U5xx_HAL_Driver/Src/stm32u5xx_hal_tim.o
                0x08009420                TIM_Base_SetConfig
 .text.TIM_TI1_ConfigInputStage
                0x0800962c       0x5e ./Drivers/STM32U5xx_HAL_Driver/Src/stm32u5xx_hal_tim.o
 .text.TIM_TI2_ConfigInputStage
                0x0800968a       0x60 ./Drivers/STM32U5xx_HAL_Driver/Src/stm32u5xx_hal_tim.o
 .text.TIM_ITRx_SetConfig
                0x080096ea       0x3a ./Drivers/STM32U5xx_HAL_Driver/Src/stm32u5xx_hal_tim.o
 .text.TIM_ETR_SetConfig
                0x08009724       0x40 ./Drivers/STM32U5xx_HAL_Driver/Src/stm32u5xx_hal_tim.o
                0x08009724                TIM_ETR_SetConfig
 .text.HAL_TIMEx_MasterConfigSynchronization
                0x08009764      0x184 ./Drivers/STM32U5xx_HAL_Driver/Src/stm32u5xx_hal_tim_ex.o
                0x08009764                HAL_TIMEx_MasterConfigSynchronization
 .text.HAL_UART_Init
                0x080098e8       0xa0 ./Drivers/STM32U5xx_HAL_Driver/Src/stm32u5xx_hal_uart.o
                0x080098e8                HAL_UART_Init
 .text.HAL_UART_MspInit
                0x08009988       0x14 ./Drivers/STM32U5xx_HAL_Driver/Src/stm32u5xx_hal_uart.o
                0x08009988                HAL_UART_MspInit
 .text.HAL_UART_Transmit
                0x0800999c      0x11c ./Drivers/STM32U5xx_HAL_Driver/Src/stm32u5xx_hal_uart.o
                0x0800999c                HAL_UART_Transmit
 .text.UART_SetConfig
                0x08009ab8      0x35c ./Drivers/STM32U5xx_HAL_Driver/Src/stm32u5xx_hal_uart.o
                0x08009ab8                UART_SetConfig
 .text.UART_AdvFeatureConfig
                0x08009e14      0x144 ./Drivers/STM32U5xx_HAL_Driver/Src/stm32u5xx_hal_uart.o
                0x08009e14                UART_AdvFeatureConfig
 .text.UART_CheckIdleState
                0x08009f58      0x154 ./Drivers/STM32U5xx_HAL_Driver/Src/stm32u5xx_hal_uart.o
                0x08009f58                UART_CheckIdleState
 .text.UART_WaitOnFlagUntilTimeout
                0x0800a0ac       0xda ./Drivers/STM32U5xx_HAL_Driver/Src/stm32u5xx_hal_uart.o
                0x0800a0ac                UART_WaitOnFlagUntilTimeout
 .text.UART_EndRxTransfer
                0x0800a186       0xcc ./Drivers/STM32U5xx_HAL_Driver/Src/stm32u5xx_hal_uart.o
 .text._ZdlPvj  0x0800a252        0x4 C:/ST/STM32CubeIDE_1.16.1/STM32CubeIDE/plugins/com.st.stm32cube.ide.mcu.externaltools.gnu-tools-for-stm32.12.3.rel1.win32_1.0.200.202406191623/tools/bin/../lib/gcc/arm-none-eabi/12.3.1/../../../../arm-none-eabi/lib/thumb/v8-m.main+fp/hard\libstdc++_nano.a(del_ops.o)
                0x0800a252                operator delete(void*, unsigned int)
 .text._ZdlPv   0x0800a256        0x4 C:/ST/STM32CubeIDE_1.16.1/STM32CubeIDE/plugins/com.st.stm32cube.ide.mcu.externaltools.gnu-tools-for-stm32.12.3.rel1.win32_1.0.200.202406191623/tools/bin/../lib/gcc/arm-none-eabi/12.3.1/../../../../arm-none-eabi/lib/thumb/v8-m.main+fp/hard\libstdc++_nano.a(del_op.o)
                0x0800a256                operator delete(void*)
 *fill*         0x0800a25a        0x2 
 .text.malloc   0x0800a25c       0x10 C:/ST/STM32CubeIDE_1.16.1/STM32CubeIDE/plugins/com.st.stm32cube.ide.mcu.externaltools.gnu-tools-for-stm32.12.3.rel1.win32_1.0.200.202406191623/tools/bin/../lib/gcc/arm-none-eabi/12.3.1/../../../../arm-none-eabi/lib/thumb/v8-m.main+fp/hard\libc_nano.a(libc_a-malloc.o)
                0x0800a25c                malloc
 .text.free     0x0800a26c       0x10 C:/ST/STM32CubeIDE_1.16.1/STM32CubeIDE/plugins/com.st.stm32cube.ide.mcu.externaltools.gnu-tools-for-stm32.12.3.rel1.win32_1.0.200.202406191623/tools/bin/../lib/gcc/arm-none-eabi/12.3.1/../../../../arm-none-eabi/lib/thumb/v8-m.main+fp/hard\libc_nano.a(libc_a-malloc.o)
                0x0800a26c                free
 .text.sbrk_aligned
                0x0800a27c       0x44 C:/ST/STM32CubeIDE_1.16.1/STM32CubeIDE/plugins/com.st.stm32cube.ide.mcu.externaltools.gnu-tools-for-stm32.12.3.rel1.win32_1.0.200.202406191623/tools/bin/../lib/gcc/arm-none-eabi/12.3.1/../../../../arm-none-eabi/lib/thumb/v8-m.main+fp/hard\libc_nano.a(libc_a-mallocr.o)
 .text._malloc_r
                0x0800a2c0      0x100 C:/ST/STM32CubeIDE_1.16.1/STM32CubeIDE/plugins/com.st.stm32cube.ide.mcu.externaltools.gnu-tools-for-stm32.12.3.rel1.win32_1.0.200.202406191623/tools/bin/../lib/gcc/arm-none-eabi/12.3.1/../../../../arm-none-eabi/lib/thumb/v8-m.main+fp/hard\libc_nano.a(libc_a-mallocr.o)
                0x0800a2c0                _malloc_r
 .text.__malloc_lock
                0x0800a3c0        0xc C:/ST/STM32CubeIDE_1.16.1/STM32CubeIDE/plugins/com.st.stm32cube.ide.mcu.externaltools.gnu-tools-for-stm32.12.3.rel1.win32_1.0.200.202406191623/tools/bin/../lib/gcc/arm-none-eabi/12.3.1/../../../../arm-none-eabi/lib/thumb/v8-m.main+fp/hard\libc_nano.a(libc_a-mlock.o)
                0x0800a3c0                __malloc_lock
 .text.__malloc_unlock
                0x0800a3cc        0xc C:/ST/STM32CubeIDE_1.16.1/STM32CubeIDE/plugins/com.st.stm32cube.ide.mcu.externaltools.gnu-tools-for-stm32.12.3.rel1.win32_1.0.200.202406191623/tools/bin/../lib/gcc/arm-none-eabi/12.3.1/../../../../arm-none-eabi/lib/thumb/v8-m.main+fp/hard\libc_nano.a(libc_a-mlock.o)
                0x0800a3cc                __malloc_unlock
 .text.__cvt    0x0800a3d8       0xca C:/ST/STM32CubeIDE_1.16.1/STM32CubeIDE/plugins/com.st.stm32cube.ide.mcu.externaltools.gnu-tools-for-stm32.12.3.rel1.win32_1.0.200.202406191623/tools/bin/../lib/gcc/arm-none-eabi/12.3.1/../../../../arm-none-eabi/lib/thumb/v8-m.main+fp/hard\libc_nano.a(libc_a-nano-vfprintf_float.o)
                0x0800a3d8                __cvt
 .text.__exponent
                0x0800a4a2       0x72 C:/ST/STM32CubeIDE_1.16.1/STM32CubeIDE/plugins/com.st.stm32cube.ide.mcu.externaltools.gnu-tools-for-stm32.12.3.rel1.win32_1.0.200.202406191623/tools/bin/../lib/gcc/arm-none-eabi/12.3.1/../../../../arm-none-eabi/lib/thumb/v8-m.main+fp/hard\libc_nano.a(libc_a-nano-vfprintf_float.o)
                0x0800a4a2                __exponent
 .text._printf_float
                0x0800a514      0x454 C:/ST/STM32CubeIDE_1.16.1/STM32CubeIDE/plugins/com.st.stm32cube.ide.mcu.externaltools.gnu-tools-for-stm32.12.3.rel1.win32_1.0.200.202406191623/tools/bin/../lib/gcc/arm-none-eabi/12.3.1/../../../../arm-none-eabi/lib/thumb/v8-m.main+fp/hard\libc_nano.a(libc_a-nano-vfprintf_float.o)
                0x0800a514                _printf_float
 .text._printf_common
                0x0800a968       0xe4 C:/ST/STM32CubeIDE_1.16.1/STM32CubeIDE/plugins/com.st.stm32cube.ide.mcu.externaltools.gnu-tools-for-stm32.12.3.rel1.win32_1.0.200.202406191623/tools/bin/../lib/gcc/arm-none-eabi/12.3.1/../../../../arm-none-eabi/lib/thumb/v8-m.main+fp/hard\libc_nano.a(libc_a-nano-vfprintf_i.o)
                0x0800a968                _printf_common
 .text._printf_i
                0x0800aa4c      0x240 C:/ST/STM32CubeIDE_1.16.1/STM32CubeIDE/plugins/com.st.stm32cube.ide.mcu.externaltools.gnu-tools-for-stm32.12.3.rel1.win32_1.0.200.202406191623/tools/bin/../lib/gcc/arm-none-eabi/12.3.1/../../../../arm-none-eabi/lib/thumb/v8-m.main+fp/hard\libc_nano.a(libc_a-nano-vfprintf_i.o)
                0x0800aa4c                _printf_i
 .text._scanf_float
                0x0800ac8c      0x424 C:/ST/STM32CubeIDE_1.16.1/STM32CubeIDE/plugins/com.st.stm32cube.ide.mcu.externaltools.gnu-tools-for-stm32.12.3.rel1.win32_1.0.200.202406191623/tools/bin/../lib/gcc/arm-none-eabi/12.3.1/../../../../arm-none-eabi/lib/thumb/v8-m.main+fp/hard\libc_nano.a(libc_a-nano-vfscanf_float.o)
                0x0800ac8c                _scanf_float
 .text.std      0x0800b0b0       0x6c C:/ST/STM32CubeIDE_1.16.1/STM32CubeIDE/plugins/com.st.stm32cube.ide.mcu.externaltools.gnu-tools-for-stm32.12.3.rel1.win32_1.0.200.202406191623/tools/bin/../lib/gcc/arm-none-eabi/12.3.1/../../../../arm-none-eabi/lib/thumb/v8-m.main+fp/hard\libc_nano.a(libc_a-findfp.o)
 .text.stdio_exit_handler
                0x0800b11c       0x18 C:/ST/STM32CubeIDE_1.16.1/STM32CubeIDE/plugins/com.st.stm32cube.ide.mcu.externaltools.gnu-tools-for-stm32.12.3.rel1.win32_1.0.200.202406191623/tools/bin/../lib/gcc/arm-none-eabi/12.3.1/../../../../arm-none-eabi/lib/thumb/v8-m.main+fp/hard\libc_nano.a(libc_a-findfp.o)
 .text.cleanup_stdio
                0x0800b134       0x40 C:/ST/STM32CubeIDE_1.16.1/STM32CubeIDE/plugins/com.st.stm32cube.ide.mcu.externaltools.gnu-tools-for-stm32.12.3.rel1.win32_1.0.200.202406191623/tools/bin/../lib/gcc/arm-none-eabi/12.3.1/../../../../arm-none-eabi/lib/thumb/v8-m.main+fp/hard\libc_nano.a(libc_a-findfp.o)
 .text.global_stdio_init.part.0
                0x0800b174       0x3c C:/ST/STM32CubeIDE_1.16.1/STM32CubeIDE/plugins/com.st.stm32cube.ide.mcu.externaltools.gnu-tools-for-stm32.12.3.rel1.win32_1.0.200.202406191623/tools/bin/../lib/gcc/arm-none-eabi/12.3.1/../../../../arm-none-eabi/lib/thumb/v8-m.main+fp/hard\libc_nano.a(libc_a-findfp.o)
 .text.__sfp_lock_acquire
                0x0800b1b0        0xc C:/ST/STM32CubeIDE_1.16.1/STM32CubeIDE/plugins/com.st.stm32cube.ide.mcu.externaltools.gnu-tools-for-stm32.12.3.rel1.win32_1.0.200.202406191623/tools/bin/../lib/gcc/arm-none-eabi/12.3.1/../../../../arm-none-eabi/lib/thumb/v8-m.main+fp/hard\libc_nano.a(libc_a-findfp.o)
                0x0800b1b0                __sfp_lock_acquire
 .text.__sfp_lock_release
                0x0800b1bc        0xc C:/ST/STM32CubeIDE_1.16.1/STM32CubeIDE/plugins/com.st.stm32cube.ide.mcu.externaltools.gnu-tools-for-stm32.12.3.rel1.win32_1.0.200.202406191623/tools/bin/../lib/gcc/arm-none-eabi/12.3.1/../../../../arm-none-eabi/lib/thumb/v8-m.main+fp/hard\libc_nano.a(libc_a-findfp.o)
                0x0800b1bc                __sfp_lock_release
 .text.__sinit  0x0800b1c8       0x30 C:/ST/STM32CubeIDE_1.16.1/STM32CubeIDE/plugins/com.st.stm32cube.ide.mcu.externaltools.gnu-tools-for-stm32.12.3.rel1.win32_1.0.200.202406191623/tools/bin/../lib/gcc/arm-none-eabi/12.3.1/../../../../arm-none-eabi/lib/thumb/v8-m.main+fp/hard\libc_nano.a(libc_a-findfp.o)
                0x0800b1c8                __sinit
 .text._fwalk_sglue
                0x0800b1f8       0x3c C:/ST/STM32CubeIDE_1.16.1/STM32CubeIDE/plugins/com.st.stm32cube.ide.mcu.externaltools.gnu-tools-for-stm32.12.3.rel1.win32_1.0.200.202406191623/tools/bin/../lib/gcc/arm-none-eabi/12.3.1/../../../../arm-none-eabi/lib/thumb/v8-m.main+fp/hard\libc_nano.a(libc_a-fwalk.o)
                0x0800b1f8                _fwalk_sglue
 .text.printf   0x0800b234       0x24 C:/ST/STM32CubeIDE_1.16.1/STM32CubeIDE/plugins/com.st.stm32cube.ide.mcu.externaltools.gnu-tools-for-stm32.12.3.rel1.win32_1.0.200.202406191623/tools/bin/../lib/gcc/arm-none-eabi/12.3.1/../../../../arm-none-eabi/lib/thumb/v8-m.main+fp/hard\libc_nano.a(libc_a-printf.o)
                0x0800b234                iprintf
                0x0800b234                printf
 .text._puts_r  0x0800b258       0xaa C:/ST/STM32CubeIDE_1.16.1/STM32CubeIDE/plugins/com.st.stm32cube.ide.mcu.externaltools.gnu-tools-for-stm32.12.3.rel1.win32_1.0.200.202406191623/tools/bin/../lib/gcc/arm-none-eabi/12.3.1/../../../../arm-none-eabi/lib/thumb/v8-m.main+fp/hard\libc_nano.a(libc_a-puts.o)
                0x0800b258                _puts_r
 *fill*         0x0800b302        0x2 
 .text.puts     0x0800b304       0x10 C:/ST/STM32CubeIDE_1.16.1/STM32CubeIDE/plugins/com.st.stm32cube.ide.mcu.externaltools.gnu-tools-for-stm32.12.3.rel1.win32_1.0.200.202406191623/tools/bin/../lib/gcc/arm-none-eabi/12.3.1/../../../../arm-none-eabi/lib/thumb/v8-m.main+fp/hard\libc_nano.a(libc_a-puts.o)
                0x0800b304                puts
 .text.sprintf  0x0800b314       0x40 C:/ST/STM32CubeIDE_1.16.1/STM32CubeIDE/plugins/com.st.stm32cube.ide.mcu.externaltools.gnu-tools-for-stm32.12.3.rel1.win32_1.0.200.202406191623/tools/bin/../lib/gcc/arm-none-eabi/12.3.1/../../../../arm-none-eabi/lib/thumb/v8-m.main+fp/hard\libc_nano.a(libc_a-sprintf.o)
                0x0800b314                siprintf
                0x0800b314                sprintf
 .text.__sread  0x0800b354       0x22 C:/ST/STM32CubeIDE_1.16.1/STM32CubeIDE/plugins/com.st.stm32cube.ide.mcu.externaltools.gnu-tools-for-stm32.12.3.rel1.win32_1.0.200.202406191623/tools/bin/../lib/gcc/arm-none-eabi/12.3.1/../../../../arm-none-eabi/lib/thumb/v8-m.main+fp/hard\libc_nano.a(libc_a-stdio.o)
                0x0800b354                __sread
 .text.__swrite
                0x0800b376       0x38 C:/ST/STM32CubeIDE_1.16.1/STM32CubeIDE/plugins/com.st.stm32cube.ide.mcu.externaltools.gnu-tools-for-stm32.12.3.rel1.win32_1.0.200.202406191623/tools/bin/../lib/gcc/arm-none-eabi/12.3.1/../../../../arm-none-eabi/lib/thumb/v8-m.main+fp/hard\libc_nano.a(libc_a-stdio.o)
                0x0800b376                __swrite
 .text.__sseek  0x0800b3ae       0x24 C:/ST/STM32CubeIDE_1.16.1/STM32CubeIDE/plugins/com.st.stm32cube.ide.mcu.externaltools.gnu-tools-for-stm32.12.3.rel1.win32_1.0.200.202406191623/tools/bin/../lib/gcc/arm-none-eabi/12.3.1/../../../../arm-none-eabi/lib/thumb/v8-m.main+fp/hard\libc_nano.a(libc_a-stdio.o)
                0x0800b3ae                __sseek
 .text.__sclose
                0x0800b3d2        0x8 C:/ST/STM32CubeIDE_1.16.1/STM32CubeIDE/plugins/com.st.stm32cube.ide.mcu.externaltools.gnu-tools-for-stm32.12.3.rel1.win32_1.0.200.202406191623/tools/bin/../lib/gcc/arm-none-eabi/12.3.1/../../../../arm-none-eabi/lib/thumb/v8-m.main+fp/hard\libc_nano.a(libc_a-stdio.o)
                0x0800b3d2                __sclose
 .text.__swbuf_r
                0x0800b3da       0x7c C:/ST/STM32CubeIDE_1.16.1/STM32CubeIDE/plugins/com.st.stm32cube.ide.mcu.externaltools.gnu-tools-for-stm32.12.3.rel1.win32_1.0.200.202406191623/tools/bin/../lib/gcc/arm-none-eabi/12.3.1/../../../../arm-none-eabi/lib/thumb/v8-m.main+fp/hard\libc_nano.a(libc_a-wbuf.o)
                0x0800b3da                __swbuf_r
 *fill*         0x0800b456        0x2 
 .text.__swsetup_r
                0x0800b458       0xac C:/ST/STM32CubeIDE_1.16.1/STM32CubeIDE/plugins/com.st.stm32cube.ide.mcu.externaltools.gnu-tools-for-stm32.12.3.rel1.win32_1.0.200.202406191623/tools/bin/../lib/gcc/arm-none-eabi/12.3.1/../../../../arm-none-eabi/lib/thumb/v8-m.main+fp/hard\libc_nano.a(libc_a-wsetup.o)
                0x0800b458                __swsetup_r
 .text.memset   0x0800b504       0x10 C:/ST/STM32CubeIDE_1.16.1/STM32CubeIDE/plugins/com.st.stm32cube.ide.mcu.externaltools.gnu-tools-for-stm32.12.3.rel1.win32_1.0.200.202406191623/tools/bin/../lib/gcc/arm-none-eabi/12.3.1/../../../../arm-none-eabi/lib/thumb/v8-m.main+fp/hard\libc_nano.a(libc_a-memset.o)
                0x0800b504                memset
 .text._localeconv_r
                0x0800b514        0x8 C:/ST/STM32CubeIDE_1.16.1/STM32CubeIDE/plugins/com.st.stm32cube.ide.mcu.externaltools.gnu-tools-for-stm32.12.3.rel1.win32_1.0.200.202406191623/tools/bin/../lib/gcc/arm-none-eabi/12.3.1/../../../../arm-none-eabi/lib/thumb/v8-m.main+fp/hard\libc_nano.a(libc_a-localeconv.o)
                0x0800b514                _localeconv_r
 .text._close_r
                0x0800b51c       0x20 C:/ST/STM32CubeIDE_1.16.1/STM32CubeIDE/plugins/com.st.stm32cube.ide.mcu.externaltools.gnu-tools-for-stm32.12.3.rel1.win32_1.0.200.202406191623/tools/bin/../lib/gcc/arm-none-eabi/12.3.1/../../../../arm-none-eabi/lib/thumb/v8-m.main+fp/hard\libc_nano.a(libc_a-closer.o)
                0x0800b51c                _close_r
 .text._lseek_r
                0x0800b53c       0x24 C:/ST/STM32CubeIDE_1.16.1/STM32CubeIDE/plugins/com.st.stm32cube.ide.mcu.externaltools.gnu-tools-for-stm32.12.3.rel1.win32_1.0.200.202406191623/tools/bin/../lib/gcc/arm-none-eabi/12.3.1/../../../../arm-none-eabi/lib/thumb/v8-m.main+fp/hard\libc_nano.a(libc_a-lseekr.o)
                0x0800b53c                _lseek_r
 .text._read_r  0x0800b560       0x24 C:/ST/STM32CubeIDE_1.16.1/STM32CubeIDE/plugins/com.st.stm32cube.ide.mcu.externaltools.gnu-tools-for-stm32.12.3.rel1.win32_1.0.200.202406191623/tools/bin/../lib/gcc/arm-none-eabi/12.3.1/../../../../arm-none-eabi/lib/thumb/v8-m.main+fp/hard\libc_nano.a(libc_a-readr.o)
                0x0800b560                _read_r
 .text._sbrk_r  0x0800b584       0x20 C:/ST/STM32CubeIDE_1.16.1/STM32CubeIDE/plugins/com.st.stm32cube.ide.mcu.externaltools.gnu-tools-for-stm32.12.3.rel1.win32_1.0.200.202406191623/tools/bin/../lib/gcc/arm-none-eabi/12.3.1/../../../../arm-none-eabi/lib/thumb/v8-m.main+fp/hard\libc_nano.a(libc_a-sbrkr.o)
                0x0800b584                _sbrk_r
 .text._write_r
                0x0800b5a4       0x24 C:/ST/STM32CubeIDE_1.16.1/STM32CubeIDE/plugins/com.st.stm32cube.ide.mcu.externaltools.gnu-tools-for-stm32.12.3.rel1.win32_1.0.200.202406191623/tools/bin/../lib/gcc/arm-none-eabi/12.3.1/../../../../arm-none-eabi/lib/thumb/v8-m.main+fp/hard\libc_nano.a(libc_a-writer.o)
                0x0800b5a4                _write_r
 .text.__errno  0x0800b5c8        0xc C:/ST/STM32CubeIDE_1.16.1/STM32CubeIDE/plugins/com.st.stm32cube.ide.mcu.externaltools.gnu-tools-for-stm32.12.3.rel1.win32_1.0.200.202406191623/tools/bin/../lib/gcc/arm-none-eabi/12.3.1/../../../../arm-none-eabi/lib/thumb/v8-m.main+fp/hard\libc_nano.a(libc_a-errno.o)
                0x0800b5c8                __errno
 .text.__libc_init_array
                0x0800b5d4       0x48 C:/ST/STM32CubeIDE_1.16.1/STM32CubeIDE/plugins/com.st.stm32cube.ide.mcu.externaltools.gnu-tools-for-stm32.12.3.rel1.win32_1.0.200.202406191623/tools/bin/../lib/gcc/arm-none-eabi/12.3.1/../../../../arm-none-eabi/lib/thumb/v8-m.main+fp/hard\libc_nano.a(libc_a-init.o)
                0x0800b5d4                __libc_init_array
 .text.__retarget_lock_init_recursive
                0x0800b61c        0x2 C:/ST/STM32CubeIDE_1.16.1/STM32CubeIDE/plugins/com.st.stm32cube.ide.mcu.externaltools.gnu-tools-for-stm32.12.3.rel1.win32_1.0.200.202406191623/tools/bin/../lib/gcc/arm-none-eabi/12.3.1/../../../../arm-none-eabi/lib/thumb/v8-m.main+fp/hard\libc_nano.a(libc_a-lock.o)
                0x0800b61c                __retarget_lock_init_recursive
 .text.__retarget_lock_acquire_recursive
                0x0800b61e        0x2 C:/ST/STM32CubeIDE_1.16.1/STM32CubeIDE/plugins/com.st.stm32cube.ide.mcu.externaltools.gnu-tools-for-stm32.12.3.rel1.win32_1.0.200.202406191623/tools/bin/../lib/gcc/arm-none-eabi/12.3.1/../../../../arm-none-eabi/lib/thumb/v8-m.main+fp/hard\libc_nano.a(libc_a-lock.o)
                0x0800b61e                __retarget_lock_acquire_recursive
 .text.__retarget_lock_release_recursive
                0x0800b620        0x2 C:/ST/STM32CubeIDE_1.16.1/STM32CubeIDE/plugins/com.st.stm32cube.ide.mcu.externaltools.gnu-tools-for-stm32.12.3.rel1.win32_1.0.200.202406191623/tools/bin/../lib/gcc/arm-none-eabi/12.3.1/../../../../arm-none-eabi/lib/thumb/v8-m.main+fp/hard\libc_nano.a(libc_a-lock.o)
                0x0800b620                __retarget_lock_release_recursive
 .text.memchr   0x0800b622       0x1c C:/ST/STM32CubeIDE_1.16.1/STM32CubeIDE/plugins/com.st.stm32cube.ide.mcu.externaltools.gnu-tools-for-stm32.12.3.rel1.win32_1.0.200.202406191623/tools/bin/../lib/gcc/arm-none-eabi/12.3.1/../../../../arm-none-eabi/lib/thumb/v8-m.main+fp/hard\libc_nano.a(libc_a-memchr-stub.o)
                0x0800b622                memchr
 *fill*         0x0800b63e        0x2 
 .text.nanf     0x0800b640        0xc C:/ST/STM32CubeIDE_1.16.1/STM32CubeIDE/plugins/com.st.stm32cube.ide.mcu.externaltools.gnu-tools-for-stm32.12.3.rel1.win32_1.0.200.202406191623/tools/bin/../lib/gcc/arm-none-eabi/12.3.1/../../../../arm-none-eabi/lib/thumb/v8-m.main+fp/hard\libc_nano.a(libm_a-sf_nan.o)
                0x0800b640                nanf
 .text.quorem   0x0800b64c      0x11a C:/ST/STM32CubeIDE_1.16.1/STM32CubeIDE/plugins/com.st.stm32cube.ide.mcu.externaltools.gnu-tools-for-stm32.12.3.rel1.win32_1.0.200.202406191623/tools/bin/../lib/gcc/arm-none-eabi/12.3.1/../../../../arm-none-eabi/lib/thumb/v8-m.main+fp/hard\libc_nano.a(libc_a-dtoa.o)
 *fill*         0x0800b766        0x2 
 .text._dtoa_r  0x0800b768      0xb88 C:/ST/STM32CubeIDE_1.16.1/STM32CubeIDE/plugins/com.st.stm32cube.ide.mcu.externaltools.gnu-tools-for-stm32.12.3.rel1.win32_1.0.200.202406191623/tools/bin/../lib/gcc/arm-none-eabi/12.3.1/../../../../arm-none-eabi/lib/thumb/v8-m.main+fp/hard\libc_nano.a(libc_a-dtoa.o)
                0x0800b768                _dtoa_r
 .text._free_r  0x0800c2f0       0x94 C:/ST/STM32CubeIDE_1.16.1/STM32CubeIDE/plugins/com.st.stm32cube.ide.mcu.externaltools.gnu-tools-for-stm32.12.3.rel1.win32_1.0.200.202406191623/tools/bin/../lib/gcc/arm-none-eabi/12.3.1/../../../../arm-none-eabi/lib/thumb/v8-m.main+fp/hard\libc_nano.a(libc_a-freer.o)
                0x0800c2f0                _free_r
 .text._Balloc  0x0800c384       0x80 C:/ST/STM32CubeIDE_1.16.1/STM32CubeIDE/plugins/com.st.stm32cube.ide.mcu.externaltools.gnu-tools-for-stm32.12.3.rel1.win32_1.0.200.202406191623/tools/bin/../lib/gcc/arm-none-eabi/12.3.1/../../../../arm-none-eabi/lib/thumb/v8-m.main+fp/hard\libc_nano.a(libc_a-mprec.o)
                0x0800c384                _Balloc
 .text._Bfree   0x0800c404       0x44 C:/ST/STM32CubeIDE_1.16.1/STM32CubeIDE/plugins/com.st.stm32cube.ide.mcu.externaltools.gnu-tools-for-stm32.12.3.rel1.win32_1.0.200.202406191623/tools/bin/../lib/gcc/arm-none-eabi/12.3.1/../../../../arm-none-eabi/lib/thumb/v8-m.main+fp/hard\libc_nano.a(libc_a-mprec.o)
                0x0800c404                _Bfree
 .text.__multadd
                0x0800c448       0x90 C:/ST/STM32CubeIDE_1.16.1/STM32CubeIDE/plugins/com.st.stm32cube.ide.mcu.externaltools.gnu-tools-for-stm32.12.3.rel1.win32_1.0.200.202406191623/tools/bin/../lib/gcc/arm-none-eabi/12.3.1/../../../../arm-none-eabi/lib/thumb/v8-m.main+fp/hard\libc_nano.a(libc_a-mprec.o)
                0x0800c448                __multadd
 .text.__s2b    0x0800c4d8       0x94 C:/ST/STM32CubeIDE_1.16.1/STM32CubeIDE/plugins/com.st.stm32cube.ide.mcu.externaltools.gnu-tools-for-stm32.12.3.rel1.win32_1.0.200.202406191623/tools/bin/../lib/gcc/arm-none-eabi/12.3.1/../../../../arm-none-eabi/lib/thumb/v8-m.main+fp/hard\libc_nano.a(libc_a-mprec.o)
                0x0800c4d8                __s2b
 .text.__hi0bits
                0x0800c56c       0x3e C:/ST/STM32CubeIDE_1.16.1/STM32CubeIDE/plugins/com.st.stm32cube.ide.mcu.externaltools.gnu-tools-for-stm32.12.3.rel1.win32_1.0.200.202406191623/tools/bin/../lib/gcc/arm-none-eabi/12.3.1/../../../../arm-none-eabi/lib/thumb/v8-m.main+fp/hard\libc_nano.a(libc_a-mprec.o)
                0x0800c56c                __hi0bits
 .text.__lo0bits
                0x0800c5aa       0x5a C:/ST/STM32CubeIDE_1.16.1/STM32CubeIDE/plugins/com.st.stm32cube.ide.mcu.externaltools.gnu-tools-for-stm32.12.3.rel1.win32_1.0.200.202406191623/tools/bin/../lib/gcc/arm-none-eabi/12.3.1/../../../../arm-none-eabi/lib/thumb/v8-m.main+fp/hard\libc_nano.a(libc_a-mprec.o)
                0x0800c5aa                __lo0bits
 .text.__i2b    0x0800c604       0x2c C:/ST/STM32CubeIDE_1.16.1/STM32CubeIDE/plugins/com.st.stm32cube.ide.mcu.externaltools.gnu-tools-for-stm32.12.3.rel1.win32_1.0.200.202406191623/tools/bin/../lib/gcc/arm-none-eabi/12.3.1/../../../../arm-none-eabi/lib/thumb/v8-m.main+fp/hard\libc_nano.a(libc_a-mprec.o)
                0x0800c604                __i2b
 .text.__multiply
                0x0800c630      0x154 C:/ST/STM32CubeIDE_1.16.1/STM32CubeIDE/plugins/com.st.stm32cube.ide.mcu.externaltools.gnu-tools-for-stm32.12.3.rel1.win32_1.0.200.202406191623/tools/bin/../lib/gcc/arm-none-eabi/12.3.1/../../../../arm-none-eabi/lib/thumb/v8-m.main+fp/hard\libc_nano.a(libc_a-mprec.o)
                0x0800c630                __multiply
 .text.__pow5mult
                0x0800c784       0xb4 C:/ST/STM32CubeIDE_1.16.1/STM32CubeIDE/plugins/com.st.stm32cube.ide.mcu.externaltools.gnu-tools-for-stm32.12.3.rel1.win32_1.0.200.202406191623/tools/bin/../lib/gcc/arm-none-eabi/12.3.1/../../../../arm-none-eabi/lib/thumb/v8-m.main+fp/hard\libc_nano.a(libc_a-mprec.o)
                0x0800c784                __pow5mult
 .text.__lshift
                0x0800c838       0xd8 C:/ST/STM32CubeIDE_1.16.1/STM32CubeIDE/plugins/com.st.stm32cube.ide.mcu.externaltools.gnu-tools-for-stm32.12.3.rel1.win32_1.0.200.202406191623/tools/bin/../lib/gcc/arm-none-eabi/12.3.1/../../../../arm-none-eabi/lib/thumb/v8-m.main+fp/hard\libc_nano.a(libc_a-mprec.o)
                0x0800c838                __lshift
 .text.__mcmp   0x0800c910       0x36 C:/ST/STM32CubeIDE_1.16.1/STM32CubeIDE/plugins/com.st.stm32cube.ide.mcu.externaltools.gnu-tools-for-stm32.12.3.rel1.win32_1.0.200.202406191623/tools/bin/../lib/gcc/arm-none-eabi/12.3.1/../../../../arm-none-eabi/lib/thumb/v8-m.main+fp/hard\libc_nano.a(libc_a-mprec.o)
                0x0800c910                __mcmp
 *fill*         0x0800c946        0x2 
 .text.__mdiff  0x0800c948      0x130 C:/ST/STM32CubeIDE_1.16.1/STM32CubeIDE/plugins/com.st.stm32cube.ide.mcu.externaltools.gnu-tools-for-stm32.12.3.rel1.win32_1.0.200.202406191623/tools/bin/../lib/gcc/arm-none-eabi/12.3.1/../../../../arm-none-eabi/lib/thumb/v8-m.main+fp/hard\libc_nano.a(libc_a-mprec.o)
                0x0800c948                __mdiff
 .text.__ulp    0x0800ca78       0x4c C:/ST/STM32CubeIDE_1.16.1/STM32CubeIDE/plugins/com.st.stm32cube.ide.mcu.externaltools.gnu-tools-for-stm32.12.3.rel1.win32_1.0.200.202406191623/tools/bin/../lib/gcc/arm-none-eabi/12.3.1/../../../../arm-none-eabi/lib/thumb/v8-m.main+fp/hard\libc_nano.a(libc_a-mprec.o)
                0x0800ca78                __ulp
 .text.__b2d    0x0800cac4       0x9c C:/ST/STM32CubeIDE_1.16.1/STM32CubeIDE/plugins/com.st.stm32cube.ide.mcu.externaltools.gnu-tools-for-stm32.12.3.rel1.win32_1.0.200.202406191623/tools/bin/../lib/gcc/arm-none-eabi/12.3.1/../../../../arm-none-eabi/lib/thumb/v8-m.main+fp/hard\libc_nano.a(libc_a-mprec.o)
                0x0800cac4                __b2d
 .text.__d2b    0x0800cb60       0xb0 C:/ST/STM32CubeIDE_1.16.1/STM32CubeIDE/plugins/com.st.stm32cube.ide.mcu.externaltools.gnu-tools-for-stm32.12.3.rel1.win32_1.0.200.202406191623/tools/bin/../lib/gcc/arm-none-eabi/12.3.1/../../../../arm-none-eabi/lib/thumb/v8-m.main+fp/hard\libc_nano.a(libc_a-mprec.o)
                0x0800cb60                __d2b
 .text.__ratio  0x0800cc10       0x64 C:/ST/STM32CubeIDE_1.16.1/STM32CubeIDE/plugins/com.st.stm32cube.ide.mcu.externaltools.gnu-tools-for-stm32.12.3.rel1.win32_1.0.200.202406191623/tools/bin/../lib/gcc/arm-none-eabi/12.3.1/../../../../arm-none-eabi/lib/thumb/v8-m.main+fp/hard\libc_nano.a(libc_a-mprec.o)
                0x0800cc10                __ratio
 .text.__copybits
                0x0800cc74       0x46 C:/ST/STM32CubeIDE_1.16.1/STM32CubeIDE/plugins/com.st.stm32cube.ide.mcu.externaltools.gnu-tools-for-stm32.12.3.rel1.win32_1.0.200.202406191623/tools/bin/../lib/gcc/arm-none-eabi/12.3.1/../../../../arm-none-eabi/lib/thumb/v8-m.main+fp/hard\libc_nano.a(libc_a-mprec.o)
                0x0800cc74                __copybits
 .text.__any_on
                0x0800ccba       0x42 C:/ST/STM32CubeIDE_1.16.1/STM32CubeIDE/plugins/com.st.stm32cube.ide.mcu.externaltools.gnu-tools-for-stm32.12.3.rel1.win32_1.0.200.202406191623/tools/bin/../lib/gcc/arm-none-eabi/12.3.1/../../../../arm-none-eabi/lib/thumb/v8-m.main+fp/hard\libc_nano.a(libc_a-mprec.o)
                0x0800ccba                __any_on
 .text.sulp     0x0800ccfc       0x3c C:/ST/STM32CubeIDE_1.16.1/STM32CubeIDE/plugins/com.st.stm32cube.ide.mcu.externaltools.gnu-tools-for-stm32.12.3.rel1.win32_1.0.200.202406191623/tools/bin/../lib/gcc/arm-none-eabi/12.3.1/../../../../arm-none-eabi/lib/thumb/v8-m.main+fp/hard\libc_nano.a(libc_a-strtod.o)
 .text._strtod_l
                0x0800cd38      0xbc8 C:/ST/STM32CubeIDE_1.16.1/STM32CubeIDE/plugins/com.st.stm32cube.ide.mcu.externaltools.gnu-tools-for-stm32.12.3.rel1.win32_1.0.200.202406191623/tools/bin/../lib/gcc/arm-none-eabi/12.3.1/../../../../arm-none-eabi/lib/thumb/v8-m.main+fp/hard\libc_nano.a(libc_a-strtod.o)
                0x0800cd38                _strtod_l
 .text._strtod_r
                0x0800d900        0xc C:/ST/STM32CubeIDE_1.16.1/STM32CubeIDE/plugins/com.st.stm32cube.ide.mcu.externaltools.gnu-tools-for-stm32.12.3.rel1.win32_1.0.200.202406191623/tools/bin/../lib/gcc/arm-none-eabi/12.3.1/../../../../arm-none-eabi/lib/thumb/v8-m.main+fp/hard\libc_nano.a(libc_a-strtod.o)
                0x0800d900                _strtod_r
 .text._strtol_l.constprop.0
                0x0800d90c       0xf4 C:/ST/STM32CubeIDE_1.16.1/STM32CubeIDE/plugins/com.st.stm32cube.ide.mcu.externaltools.gnu-tools-for-stm32.12.3.rel1.win32_1.0.200.202406191623/tools/bin/../lib/gcc/arm-none-eabi/12.3.1/../../../../arm-none-eabi/lib/thumb/v8-m.main+fp/hard\libc_nano.a(libc_a-strtol.o)
 .text._strtol_r
                0x0800da00        0x4 C:/ST/STM32CubeIDE_1.16.1/STM32CubeIDE/plugins/com.st.stm32cube.ide.mcu.externaltools.gnu-tools-for-stm32.12.3.rel1.win32_1.0.200.202406191623/tools/bin/../lib/gcc/arm-none-eabi/12.3.1/../../../../arm-none-eabi/lib/thumb/v8-m.main+fp/hard\libc_nano.a(libc_a-strtol.o)
                0x0800da00                _strtol_r
 .text.__ssputs_r
                0x0800da04       0xb6 C:/ST/STM32CubeIDE_1.16.1/STM32CubeIDE/plugins/com.st.stm32cube.ide.mcu.externaltools.gnu-tools-for-stm32.12.3.rel1.win32_1.0.200.202406191623/tools/bin/../lib/gcc/arm-none-eabi/12.3.1/../../../../arm-none-eabi/lib/thumb/v8-m.main+fp/hard\libc_nano.a(libc_a-nano-svfprintf.o)
                0x0800da04                __ssputs_r
 *fill*         0x0800daba        0x2 
 .text._svfprintf_r
                0x0800dabc      0x1f8 C:/ST/STM32CubeIDE_1.16.1/STM32CubeIDE/plugins/com.st.stm32cube.ide.mcu.externaltools.gnu-tools-for-stm32.12.3.rel1.win32_1.0.200.202406191623/tools/bin/../lib/gcc/arm-none-eabi/12.3.1/../../../../arm-none-eabi/lib/thumb/v8-m.main+fp/hard\libc_nano.a(libc_a-nano-svfprintf.o)
                0x0800dabc                _svfiprintf_r
                0x0800dabc                _svfprintf_r
 .text.__sfputc_r
                0x0800dcb4       0x2e C:/ST/STM32CubeIDE_1.16.1/STM32CubeIDE/plugins/com.st.stm32cube.ide.mcu.externaltools.gnu-tools-for-stm32.12.3.rel1.win32_1.0.200.202406191623/tools/bin/../lib/gcc/arm-none-eabi/12.3.1/../../../../arm-none-eabi/lib/thumb/v8-m.main+fp/hard\libc_nano.a(libc_a-nano-vfprintf.o)
 .text.__sfputs_r
                0x0800dce2       0x24 C:/ST/STM32CubeIDE_1.16.1/STM32CubeIDE/plugins/com.st.stm32cube.ide.mcu.externaltools.gnu-tools-for-stm32.12.3.rel1.win32_1.0.200.202406191623/tools/bin/../lib/gcc/arm-none-eabi/12.3.1/../../../../arm-none-eabi/lib/thumb/v8-m.main+fp/hard\libc_nano.a(libc_a-nano-vfprintf.o)
                0x0800dce2                __sfputs_r
 *fill*         0x0800dd06        0x2 
 .text._vfprintf_r
                0x0800dd08      0x230 C:/ST/STM32CubeIDE_1.16.1/STM32CubeIDE/plugins/com.st.stm32cube.ide.mcu.externaltools.gnu-tools-for-stm32.12.3.rel1.win32_1.0.200.202406191623/tools/bin/../lib/gcc/arm-none-eabi/12.3.1/../../../../arm-none-eabi/lib/thumb/v8-m.main+fp/hard\libc_nano.a(libc_a-nano-vfprintf.o)
                0x0800dd08                _vfprintf_r
                0x0800dd08                _vfiprintf_r
 .text.__sflush_r
                0x0800df38      0x108 C:/ST/STM32CubeIDE_1.16.1/STM32CubeIDE/plugins/com.st.stm32cube.ide.mcu.externaltools.gnu-tools-for-stm32.12.3.rel1.win32_1.0.200.202406191623/tools/bin/../lib/gcc/arm-none-eabi/12.3.1/../../../../arm-none-eabi/lib/thumb/v8-m.main+fp/hard\libc_nano.a(libc_a-fflush.o)
                0x0800df38                __sflush_r
 .text._fflush_r
                0x0800e040       0x50 C:/ST/STM32CubeIDE_1.16.1/STM32CubeIDE/plugins/com.st.stm32cube.ide.mcu.externaltools.gnu-tools-for-stm32.12.3.rel1.win32_1.0.200.202406191623/tools/bin/../lib/gcc/arm-none-eabi/12.3.1/../../../../arm-none-eabi/lib/thumb/v8-m.main+fp/hard\libc_nano.a(libc_a-fflush.o)
                0x0800e040                _fflush_r
 .text.__swhatbuf_r
                0x0800e090       0x4a C:/ST/STM32CubeIDE_1.16.1/STM32CubeIDE/plugins/com.st.stm32cube.ide.mcu.externaltools.gnu-tools-for-stm32.12.3.rel1.win32_1.0.200.202406191623/tools/bin/../lib/gcc/arm-none-eabi/12.3.1/../../../../arm-none-eabi/lib/thumb/v8-m.main+fp/hard\libc_nano.a(libc_a-makebuf.o)
                0x0800e090                __swhatbuf_r
 .text.__smakebuf_r
                0x0800e0da       0x78 C:/ST/STM32CubeIDE_1.16.1/STM32CubeIDE/plugins/com.st.stm32cube.ide.mcu.externaltools.gnu-tools-for-stm32.12.3.rel1.win32_1.0.200.202406191623/tools/bin/../lib/gcc/arm-none-eabi/12.3.1/../../../../arm-none-eabi/lib/thumb/v8-m.main+fp/hard\libc_nano.a(libc_a-makebuf.o)
                0x0800e0da                __smakebuf_r
 .text.memmove  0x0800e152       0x34 C:/ST/STM32CubeIDE_1.16.1/STM32CubeIDE/plugins/com.st.stm32cube.ide.mcu.externaltools.gnu-tools-for-stm32.12.3.rel1.win32_1.0.200.202406191623/tools/bin/../lib/gcc/arm-none-eabi/12.3.1/../../../../arm-none-eabi/lib/thumb/v8-m.main+fp/hard\libc_nano.a(libc_a-memmove.o)
                0x0800e152                memmove
 .text.strncmp  0x0800e186       0x24 C:/ST/STM32CubeIDE_1.16.1/STM32CubeIDE/plugins/com.st.stm32cube.ide.mcu.externaltools.gnu-tools-for-stm32.12.3.rel1.win32_1.0.200.202406191623/tools/bin/../lib/gcc/arm-none-eabi/12.3.1/../../../../arm-none-eabi/lib/thumb/v8-m.main+fp/hard\libc_nano.a(libc_a-strncmp.o)
                0x0800e186                strncmp
 *fill*         0x0800e1aa        0x2 
 .text._fstat_r
                0x0800e1ac       0x24 C:/ST/STM32CubeIDE_1.16.1/STM32CubeIDE/plugins/com.st.stm32cube.ide.mcu.externaltools.gnu-tools-for-stm32.12.3.rel1.win32_1.0.200.202406191623/tools/bin/../lib/gcc/arm-none-eabi/12.3.1/../../../../arm-none-eabi/lib/thumb/v8-m.main+fp/hard\libc_nano.a(libc_a-fstatr.o)
                0x0800e1ac                _fstat_r
 .text._isatty_r
                0x0800e1d0       0x20 C:/ST/STM32CubeIDE_1.16.1/STM32CubeIDE/plugins/com.st.stm32cube.ide.mcu.externaltools.gnu-tools-for-stm32.12.3.rel1.win32_1.0.200.202406191623/tools/bin/../lib/gcc/arm-none-eabi/12.3.1/../../../../arm-none-eabi/lib/thumb/v8-m.main+fp/hard\libc_nano.a(libc_a-isattyr.o)
                0x0800e1d0                _isatty_r
 .text.memcpy   0x0800e1f0       0x1a C:/ST/STM32CubeIDE_1.16.1/STM32CubeIDE/plugins/com.st.stm32cube.ide.mcu.externaltools.gnu-tools-for-stm32.12.3.rel1.win32_1.0.200.202406191623/tools/bin/../lib/gcc/arm-none-eabi/12.3.1/../../../../arm-none-eabi/lib/thumb/v8-m.main+fp/hard\libc_nano.a(libc_a-memcpy-stub.o)
                0x0800e1f0                memcpy
 *fill*         0x0800e20a        0x6 
 .text.nan      0x0800e210       0x10 C:/ST/STM32CubeIDE_1.16.1/STM32CubeIDE/plugins/com.st.stm32cube.ide.mcu.externaltools.gnu-tools-for-stm32.12.3.rel1.win32_1.0.200.202406191623/tools/bin/../lib/gcc/arm-none-eabi/12.3.1/../../../../arm-none-eabi/lib/thumb/v8-m.main+fp/hard\libc_nano.a(libm_a-s_nan.o)
                0x0800e210                nan
 .text.__assert_func
                0x0800e220       0x3c C:/ST/STM32CubeIDE_1.16.1/STM32CubeIDE/plugins/com.st.stm32cube.ide.mcu.externaltools.gnu-tools-for-stm32.12.3.rel1.win32_1.0.200.202406191623/tools/bin/../lib/gcc/arm-none-eabi/12.3.1/../../../../arm-none-eabi/lib/thumb/v8-m.main+fp/hard\libc_nano.a(libc_a-assert.o)
                0x0800e220                __assert_func
 .text._calloc_r
                0x0800e25c       0x28 C:/ST/STM32CubeIDE_1.16.1/STM32CubeIDE/plugins/com.st.stm32cube.ide.mcu.externaltools.gnu-tools-for-stm32.12.3.rel1.win32_1.0.200.202406191623/tools/bin/../lib/gcc/arm-none-eabi/12.3.1/../../../../arm-none-eabi/lib/thumb/v8-m.main+fp/hard\libc_nano.a(libc_a-callocr.o)
                0x0800e25c                _calloc_r
 .text.rshift   0x0800e284       0xa2 C:/ST/STM32CubeIDE_1.16.1/STM32CubeIDE/plugins/com.st.stm32cube.ide.mcu.externaltools.gnu-tools-for-stm32.12.3.rel1.win32_1.0.200.202406191623/tools/bin/../lib/gcc/arm-none-eabi/12.3.1/../../../../arm-none-eabi/lib/thumb/v8-m.main+fp/hard\libc_nano.a(libc_a-gdtoa-gethex.o)
 .text.__hexdig_fun
                0x0800e326       0x2a C:/ST/STM32CubeIDE_1.16.1/STM32CubeIDE/plugins/com.st.stm32cube.ide.mcu.externaltools.gnu-tools-for-stm32.12.3.rel1.win32_1.0.200.202406191623/tools/bin/../lib/gcc/arm-none-eabi/12.3.1/../../../../arm-none-eabi/lib/thumb/v8-m.main+fp/hard\libc_nano.a(libc_a-gdtoa-gethex.o)
                0x0800e326                __hexdig_fun
 .text.__gethex
                0x0800e350      0x41c C:/ST/STM32CubeIDE_1.16.1/STM32CubeIDE/plugins/com.st.stm32cube.ide.mcu.externaltools.gnu-tools-for-stm32.12.3.rel1.win32_1.0.200.202406191623/tools/bin/../lib/gcc/arm-none-eabi/12.3.1/../../../../arm-none-eabi/lib/thumb/v8-m.main+fp/hard\libc_nano.a(libc_a-gdtoa-gethex.o)
                0x0800e350                __gethex
 .text.L_shift  0x0800e76c       0x24 C:/ST/STM32CubeIDE_1.16.1/STM32CubeIDE/plugins/com.st.stm32cube.ide.mcu.externaltools.gnu-tools-for-stm32.12.3.rel1.win32_1.0.200.202406191623/tools/bin/../lib/gcc/arm-none-eabi/12.3.1/../../../../arm-none-eabi/lib/thumb/v8-m.main+fp/hard\libc_nano.a(libc_a-gdtoa-hexnan.o)
 .text.__match  0x0800e790       0x28 C:/ST/STM32CubeIDE_1.16.1/STM32CubeIDE/plugins/com.st.stm32cube.ide.mcu.externaltools.gnu-tools-for-stm32.12.3.rel1.win32_1.0.200.202406191623/tools/bin/../lib/gcc/arm-none-eabi/12.3.1/../../../../arm-none-eabi/lib/thumb/v8-m.main+fp/hard\libc_nano.a(libc_a-gdtoa-hexnan.o)
                0x0800e790                __match
 .text.__hexnan
                0x0800e7b8      0x136 C:/ST/STM32CubeIDE_1.16.1/STM32CubeIDE/plugins/com.st.stm32cube.ide.mcu.externaltools.gnu-tools-for-stm32.12.3.rel1.win32_1.0.200.202406191623/tools/bin/../lib/gcc/arm-none-eabi/12.3.1/../../../../arm-none-eabi/lib/thumb/v8-m.main+fp/hard\libc_nano.a(libc_a-gdtoa-hexnan.o)
                0x0800e7b8                __hexnan
 .text.__ascii_mbtowc
                0x0800e8ee       0x24 C:/ST/STM32CubeIDE_1.16.1/STM32CubeIDE/plugins/com.st.stm32cube.ide.mcu.externaltools.gnu-tools-for-stm32.12.3.rel1.win32_1.0.200.202406191623/tools/bin/../lib/gcc/arm-none-eabi/12.3.1/../../../../arm-none-eabi/lib/thumb/v8-m.main+fp/hard\libc_nano.a(libc_a-mbtowc_r.o)
                0x0800e8ee                __ascii_mbtowc
 .text._realloc_r
                0x0800e912       0x5c C:/ST/STM32CubeIDE_1.16.1/STM32CubeIDE/plugins/com.st.stm32cube.ide.mcu.externaltools.gnu-tools-for-stm32.12.3.rel1.win32_1.0.200.202406191623/tools/bin/../lib/gcc/arm-none-eabi/12.3.1/../../../../arm-none-eabi/lib/thumb/v8-m.main+fp/hard\libc_nano.a(libc_a-reallocr.o)
                0x0800e912                _realloc_r
 .text.__ascii_wctomb
                0x0800e96e       0x1a C:/ST/STM32CubeIDE_1.16.1/STM32CubeIDE/plugins/com.st.stm32cube.ide.mcu.externaltools.gnu-tools-for-stm32.12.3.rel1.win32_1.0.200.202406191623/tools/bin/../lib/gcc/arm-none-eabi/12.3.1/../../../../arm-none-eabi/lib/thumb/v8-m.main+fp/hard\libc_nano.a(libc_a-wctomb_r.o)
                0x0800e96e                __ascii_wctomb
 .text.fprintf  0x0800e988       0x24 C:/ST/STM32CubeIDE_1.16.1/STM32CubeIDE/plugins/com.st.stm32cube.ide.mcu.externaltools.gnu-tools-for-stm32.12.3.rel1.win32_1.0.200.202406191623/tools/bin/../lib/gcc/arm-none-eabi/12.3.1/../../../../arm-none-eabi/lib/thumb/v8-m.main+fp/hard\libc_nano.a(libc_a-fprintf.o)
                0x0800e988                fiprintf
                0x0800e988                fprintf
 .text.abort    0x0800e9ac        0xe C:/ST/STM32CubeIDE_1.16.1/STM32CubeIDE/plugins/com.st.stm32cube.ide.mcu.externaltools.gnu-tools-for-stm32.12.3.rel1.win32_1.0.200.202406191623/tools/bin/../lib/gcc/arm-none-eabi/12.3.1/../../../../arm-none-eabi/lib/thumb/v8-m.main+fp/hard\libc_nano.a(libc_a-abort.o)
                0x0800e9ac                abort
 .text._malloc_usable_size_r
                0x0800e9ba       0x10 C:/ST/STM32CubeIDE_1.16.1/STM32CubeIDE/plugins/com.st.stm32cube.ide.mcu.externaltools.gnu-tools-for-stm32.12.3.rel1.win32_1.0.200.202406191623/tools/bin/../lib/gcc/arm-none-eabi/12.3.1/../../../../arm-none-eabi/lib/thumb/v8-m.main+fp/hard\libc_nano.a(libc_a-msizer.o)
                0x0800e9ba                _malloc_usable_size_r
 .text._raise_r
                0x0800e9ca       0x50 C:/ST/STM32CubeIDE_1.16.1/STM32CubeIDE/plugins/com.st.stm32cube.ide.mcu.externaltools.gnu-tools-for-stm32.12.3.rel1.win32_1.0.200.202406191623/tools/bin/../lib/gcc/arm-none-eabi/12.3.1/../../../../arm-none-eabi/lib/thumb/v8-m.main+fp/hard\libc_nano.a(libc_a-signal.o)
                0x0800e9ca                _raise_r
 *fill*         0x0800ea1a        0x2 
 .text.raise    0x0800ea1c       0x10 C:/ST/STM32CubeIDE_1.16.1/STM32CubeIDE/plugins/com.st.stm32cube.ide.mcu.externaltools.gnu-tools-for-stm32.12.3.rel1.win32_1.0.200.202406191623/tools/bin/../lib/gcc/arm-none-eabi/12.3.1/../../../../arm-none-eabi/lib/thumb/v8-m.main+fp/hard\libc_nano.a(libc_a-signal.o)
                0x0800ea1c                raise
 .text._kill_r  0x0800ea2c       0x24 C:/ST/STM32CubeIDE_1.16.1/STM32CubeIDE/plugins/com.st.stm32cube.ide.mcu.externaltools.gnu-tools-for-stm32.12.3.rel1.win32_1.0.200.202406191623/tools/bin/../lib/gcc/arm-none-eabi/12.3.1/../../../../arm-none-eabi/lib/thumb/v8-m.main+fp/hard\libc_nano.a(libc_a-signalr.o)
                0x0800ea2c                _kill_r
 .text._getpid_r
                0x0800ea50        0x4 C:/ST/STM32CubeIDE_1.16.1/STM32CubeIDE/plugins/com.st.stm32cube.ide.mcu.externaltools.gnu-tools-for-stm32.12.3.rel1.win32_1.0.200.202406191623/tools/bin/../lib/gcc/arm-none-eabi/12.3.1/../../../../arm-none-eabi/lib/thumb/v8-m.main+fp/hard\libc_nano.a(libc_a-signalr.o)
                0x0800ea50                _getpid_r
 *(.glue_7)
 .glue_7        0x0800ea54        0x0 linker stubs
 *(.glue_7t)
 .glue_7t       0x0800ea54        0x0 linker stubs
 *(.eh_frame)
 .eh_frame      0x0800ea54        0x0 C:/ST/STM32CubeIDE_1.16.1/STM32CubeIDE/plugins/com.st.stm32cube.ide.mcu.externaltools.gnu-tools-for-stm32.12.3.rel1.win32_1.0.200.202406191623/tools/bin/../lib/gcc/arm-none-eabi/12.3.1/thumb/v8-m.main+fp/hard/crtbegin.o
 *(.init)
 .init          0x0800ea54        0x4 C:/ST/STM32CubeIDE_1.16.1/STM32CubeIDE/plugins/com.st.stm32cube.ide.mcu.externaltools.gnu-tools-for-stm32.12.3.rel1.win32_1.0.200.202406191623/tools/bin/../lib/gcc/arm-none-eabi/12.3.1/thumb/v8-m.main+fp/hard/crti.o
                0x0800ea54                _init
 .init          0x0800ea58        0x8 C:/ST/STM32CubeIDE_1.16.1/STM32CubeIDE/plugins/com.st.stm32cube.ide.mcu.externaltools.gnu-tools-for-stm32.12.3.rel1.win32_1.0.200.202406191623/tools/bin/../lib/gcc/arm-none-eabi/12.3.1/thumb/v8-m.main+fp/hard/crtn.o
 *(.fini)
 .fini          0x0800ea60        0x4 C:/ST/STM32CubeIDE_1.16.1/STM32CubeIDE/plugins/com.st.stm32cube.ide.mcu.externaltools.gnu-tools-for-stm32.12.3.rel1.win32_1.0.200.202406191623/tools/bin/../lib/gcc/arm-none-eabi/12.3.1/thumb/v8-m.main+fp/hard/crti.o
                0x0800ea60                _fini
 .fini          0x0800ea64        0x8 C:/ST/STM32CubeIDE_1.16.1/STM32CubeIDE/plugins/com.st.stm32cube.ide.mcu.externaltools.gnu-tools-for-stm32.12.3.rel1.win32_1.0.200.202406191623/tools/bin/../lib/gcc/arm-none-eabi/12.3.1/thumb/v8-m.main+fp/hard/crtn.o
                0x0800ea6c                        _etext = .

.vfp11_veneer   0x0800ea6c        0x0
 .vfp11_veneer  0x0800ea6c        0x0 linker stubs

.v4_bx          0x0800ea6c        0x0
 .v4_bx         0x0800ea6c        0x0 linker stubs

.iplt           0x0800ea6c        0x0
 .iplt          0x0800ea6c        0x0 C:/ST/STM32CubeIDE_1.16.1/STM32CubeIDE/plugins/com.st.stm32cube.ide.mcu.externaltools.gnu-tools-for-stm32.12.3.rel1.win32_1.0.200.202406191623/tools/bin/../lib/gcc/arm-none-eabi/12.3.1/thumb/v8-m.main+fp/hard/crtbegin.o

.rodata         0x0800ea70      0x78e
 *(.rodata)
 .rodata        0x0800ea70       0x19 ./Core/Lora/Inc/Sx126x_Lib/sx126x-hal.o
 *fill*         0x0800ea89        0x3 
 .rodata        0x0800ea8c      0x11d ./Core/Lora/Inc/Sx126x_Lib/sx126x.o
 *fill*         0x0800eba9        0x3 
 .rodata        0x0800ebac       0x25 ./Core/Lora/Src/Lora.o
 *fill*         0x0800ebd1        0x3 
 .rodata        0x0800ebd4        0xc ./Core/Src/main.o
 *(.rodata*)
 .rodata._ZTV9SX126xHal
                0x0800ebe0       0x60 ./Core/Lora/Inc/Sx126x_Lib/sx126x-hal.o
                0x0800ebe0                vtable for SX126xHal
 .rodata._ZTV5Radio
                0x0800ec40       0x38 ./Core/Lora/Inc/Sx126x_Lib/sx126x-hal.o