../Core/Lora/Src/Lora.c:35:20:WriteRegister	16	static
../Core/Lora/Src/Lora.c:41:23:ReadRegister	16	static
../Core/Lora/Src/Lora.c:61:13:SetRegisterBits	24	static
../Core/Lora/Src/Lora.c:104:6:ResetLora	48	static
../Core/Lora/Src/Lora.c:194:6:Lora_SetRadioModem	8	static
../Core/Lora/Src/Lora.c:204:6:Lora_SetMode	8	static
../Core/Lora/Src/Lora.c:233:6:Lora_SetFrequency	8	static
../Core/Lora/Src/Lora.c:266:6:SetBandwidth	0	static
../Core/Lora/Src/Lora.c:272:6:SetCodingRate	0	static
../Core/Lora/Src/Lora.c:278:6:SetHeaderMode	0	static
../Core/Lora/Src/Lora.c:284:6:SetSpeadingFactor	0	static
../Core/Lora/Src/Lora.c:290:6:SetTxMode	0	static
../Core/Lora/Src/Lora.c:248:6:ConfigModem	16	static
../Core/Lora/Src/Lora.c:296:6:SetFrequencyHops	0	static
../Core/Lora/Src/Lora.c:302:6:Lora_SetAntennaIO	0	static
../Core/Lora/Src/Lora.c:133:6:Lora_Transmit	24	static
../Core/Lora/Src/Lora.c:307:6:SetPreambleLength	8	static
../Core/Lora/Src/Lora.c:72:14:InitLora	8	static
../Core/Lora/Src/Lora.c:313:6:Clear_RxTimeout	8	static
../Core/Lora/Src/Lora.c:156:14:Lora_Receive	8	static
