../Core/Src/main.cpp:78:5:int main()	8	static
../Core/Src/main.cpp:170:6:void SystemClock_Config()	128	static
../Core/Src/main.cpp:224:13:void SystemPower_Config()	8	static
../Core/Src/main.cpp:248:13:void MX_ICACHE_Init()	8	static
../Core/Src/main.cpp:280:13:void MX_SPI1_Init()	24	static
../Core/Src/main.cpp:336:13:void MX_SPI3_Init()	24	static
../Core/Src/main.cpp:393:13:void MX_TIM2_Init()	40	static
../Core/Src/main.cpp:438:13:void MX_GPIO_Init()	56	static
../Core/Src/main.cpp:580:6:void Error_Handler()	4	static,ignoring_inline_asm
