../Core/Lora/Src/Lora.cpp:41:6:void Lora_init()	8	static
../Core/Lora/Src/Lora.cpp:147:6:void Lora_Operation_RX()	8	static
../Core/Lora/Src/Lora.cpp:156:6:void RunRXStateMachine()	8	static,ignoring_inline_asm
../Core/Lora/Src/Lora.cpp:201:6:void Lora_Operation_TX()	8	static
../Core/Lora/Src/Lora.cpp:214:6:void RunTXStateMachine()	16	static
../Core/Lora/Src/Lora.cpp:253:6:void ConfigureRadioTx(SX126xHal*, RadioConfigurations_t*)	24	static
../Core/Lora/Src/Lora.cpp:257:6:void ConfigureRadioRx(SX126xHal*, RadioConfigurations_t*)	24	static
../Core/Lora/Src/Lora.cpp:261:6:void PrepareBuffer(SX126xHal*, const uint8_t (*)[1])	16	static
../Core/Lora/Src/Lora.cpp:265:6:void OnRxDone()	8	static
../Core/Lora/Src/Lora.cpp:276:6:void OnRxTimeout()	4	static
../Core/Lora/Src/Lora.cpp:281:6:void OnRxError(IrqErrorCode_t)	16	static
../Core/Lora/Src/Lora.cpp:286:6:void OnTxDone()	8	static
../Core/Lora/Src/Lora.cpp:292:6:void OnTxTimeout()	8	static
../Core/Lora/Src/Lora.cpp:298:6:void SetConfiguration(RadioConfigurations_t*)	16	static
../Core/Lora/Src/Lora.cpp:319:6:void ChangeConfigurations(RadioConfigurations_t*, RadioLoRaBandwidths_t, RadioLoRaCodingRates_t, RadioLoRaSpreadingFactors_t)	16	static
../Core/Lora/Src/Lora.cpp:324:6:void ConfigureGeneralRadio(SX126xHal*, RadioConfigurations_t*)	16	static
../Core/Lora/Src/Lora.cpp:339:6:void HAL_GPIO_EXTI_Rising_Callback(uint16_t)	16	static
../Core/Lora/Src/Lora.cpp:354:6:void GetRssiSnr(int8_t*, int8_t*)	40	static
../Core/Lora/Src/Lora.cpp:361:1:void __static_initialization_and_destruction_0(int, int)	80	static
../Core/Lora/Src/Lora.cpp:361:1:cpp)	8	static
../Core/Lora/Src/Lora.cpp:361:1:cpp)	8	static
