../Core/Lora/Src/Lora.cpp:40:6:void Lora_init()	8	static
../Core/Lora/Src/Lora.cpp:47:6:void Lora_Operation_RX()	8	static
../Core/Lora/Src/Lora.cpp:56:6:void RunRXStateMachine()	8	static
../Core/Lora/Src/Lora.cpp:86:6:void Lora_Operation_TX()	8	static
../Core/Lora/Src/Lora.cpp:96:6:void RunTXStateMachine()	8	static
../Core/Lora/Src/Lora.cpp:123:6:void ConfigureRadioTx(SX126xHal*, RadioConfigurations_t*)	24	static
../Core/Lora/Src/Lora.cpp:127:6:void ConfigureRadioRx(SX126xHal*, RadioConfigurations_t*)	24	static
../Core/Lora/Src/Lora.cpp:131:6:void PrepareBuffer(SX126xHal*, const uint8_t (*)[4])	16	static
../Core/Lora/Src/Lora.cpp:135:6:void OnRxDone()	8	static
../Core/Lora/Src/Lora.cpp:142:6:void OnRxTimeout()	4	static
../Core/Lora/Src/Lora.cpp:147:6:void OnRxError(IrqErrorCode_t)	16	static
../Core/Lora/Src/Lora.cpp:152:6:void OnTxDone()	8	static
../Core/Lora/Src/Lora.cpp:158:6:void OnTxTimeout()	8	static
../Core/Lora/Src/Lora.cpp:164:6:void SetConfiguration(RadioConfigurations_t*)	16	static
../Core/Lora/Src/Lora.cpp:185:6:void ConfigureGeneralRadio(SX126xHal*, RadioConfigurations_t*)	16	static
../Core/Lora/Src/Lora.cpp:200:6:void HAL_GPIO_EXTI_Rising_Callback(uint16_t)	16	static
../Core/Lora/Src/Lora.cpp:213:6:void GetRssiSnr(int8_t*, int8_t*)	40	static
../Core/Lora/Src/Lora.cpp:219:1:void __static_initialization_and_destruction_0(int, int)	80	static
../Core/Lora/Src/Lora.cpp:219:1:cpp)	8	static
../Core/Lora/Src/Lora.cpp:219:1:cpp)	8	static
