../Core/Lora/Src/Lora.cpp:40:6:void Lora_init()	8	static
../Core/Lora/Src/Lora.cpp:148:6:void Lora_Operation_RX()	8	static
../Core/Lora/Src/Lora.cpp:157:6:void RunRXStateMachine()	8	static,ignoring_inline_asm
../Core/Lora/Src/Lora.cpp:202:6:void Lora_Operation_TX()	8	static
../Core/Lora/Src/Lora.cpp:215:6:void RunTXStateMachine()	16	static
../Core/Lora/Src/Lora.cpp:254:6:void ConfigureRadioTx(SX126xHal*, RadioConfigurations_t*)	24	static
../Core/Lora/Src/Lora.cpp:258:6:void ConfigureRadioRx(SX126xHal*, RadioConfigurations_t*)	24	static
../Core/Lora/Src/Lora.cpp:262:6:void PrepareBuffer(SX126xHal*, const uint8_t (*)[1])	16	static
../Core/Lora/Src/Lora.cpp:266:6:void OnRxDone()	8	static
../Core/Lora/Src/Lora.cpp:277:6:void OnRxTimeout()	4	static
../Core/Lora/Src/Lora.cpp:282:6:void OnRxError(IrqErrorCode_t)	16	static
../Core/Lora/Src/Lora.cpp:287:6:void OnTxDone()	8	static
../Core/Lora/Src/Lora.cpp:293:6:void OnTxTimeout()	8	static
../Core/Lora/Src/Lora.cpp:299:6:void SetConfiguration(RadioConfigurations_t*)	16	static
../Core/Lora/Src/Lora.cpp:320:6:void ChangeConfigurations(RadioConfigurations_t*, RadioLoRaBandwidths_t, RadioLoRaCodingRates_t, RadioLoRaSpreadingFactors_t)	16	static
../Core/Lora/Src/Lora.cpp:325:6:void ConfigureGeneralRadio(SX126xHal*, RadioConfigurations_t*)	16	static
../Core/Lora/Src/Lora.cpp:340:6:void HAL_GPIO_EXTI_Rising_Callback(uint16_t)	16	static
../Core/Lora/Src/Lora.cpp:355:6:void GetRssiSnr(int8_t*, int8_t*)	40	static
../Core/Lora/Src/Lora.cpp:362:1:void __static_initialization_and_destruction_0(int, int)	80	static
../Core/Lora/Src/Lora.cpp:362:1:cpp)	8	static
../Core/Lora/Src/Lora.cpp:362:1:cpp)	8	static
